[INFO] Scanning for projects...
[INFO] ------------------------------------------------------------------------
[INFO] Reactor Build Order:
[INFO] 
[INFO] Portfolio                                                          [pom]
[INFO] Portfolio - Core                                                   [jar]
[INFO] Portfolio - UI Frontend                                            [pom]
[INFO] Portfolio - Repository Structure Package               [content-package]
[INFO] Portfolio - UI apps                                    [content-package]
[INFO] Portfolio - UI content                                 [content-package]
[INFO] Portfolio - UI config                                  [content-package]
[INFO] Portfolio - All                                        [content-package]
[INFO] Portfolio - Integration Tests                                      [jar]
[INFO] Portfolio - Dispatcher                                             [pom]
[INFO] Portfolio - UI Tests                                               [jar]
[INFO] 
[INFO] -----------------< com.adobe.aem.portfolio:portfolio >------------------
[INFO] Building Portfolio 0.0.1-SNAPSHOT                                 [1/11]
[INFO]   from pom.xml
[INFO] --------------------------------[ pom ]---------------------------------
[INFO] 
[INFO] --- clean:3.0.0:clean (default-clean) @ portfolio ---
[INFO] 
[INFO] --- enforcer:3.0.0:enforce (enforce-maven) @ portfolio ---
[INFO] 
[INFO] --- install:2.5.2:install (default-install) @ portfolio ---
[INFO] Installing C:\My_Space\Learning\AEM\Codebase\portfolio\pom.xml to C:\Users\prash\.m2\repository\com\adobe\aem\portfolio\portfolio\0.0.1-SNAPSHOT\portfolio-0.0.1-SNAPSHOT.pom
[INFO] 
[INFO] ---------------< com.adobe.aem.portfolio:portfolio.core >---------------
[INFO] Building Portfolio - Core 0.0.1-SNAPSHOT                          [2/11]
[INFO]   from core\pom.xml
[INFO] --------------------------------[ jar ]---------------------------------
[INFO] 
[INFO] --- clean:3.0.0:clean (default-clean) @ portfolio.core ---
[INFO] Deleting C:\My_Space\Learning\AEM\Codebase\portfolio\core\target
[INFO] 
[INFO] --- enforcer:3.0.0:enforce (enforce-maven) @ portfolio.core ---
[INFO] 
[INFO] --- resources:3.0.2:resources (default-resources) @ portfolio.core ---
[INFO] Using 'UTF-8' encoding to copy filtered resources.
[INFO] skip non existing resourceDirectory C:\My_Space\Learning\AEM\Codebase\portfolio\core\src\main\resources
[INFO] 
[INFO] --- compiler:3.8.1:compile (default-compile) @ portfolio.core ---
[INFO] Changes detected - recompiling the module!
[INFO] Compiling 15 source files to C:\My_Space\Learning\AEM\Codebase\portfolio\core\target\classes
[INFO] 
[INFO] --- bnd:5.1.2:bnd-process (bnd-process) @ portfolio.core ---
[INFO] 
[INFO] --- resources:3.0.2:testResources (default-testResources) @ portfolio.core ---
[INFO] Using 'UTF-8' encoding to copy filtered resources.
[INFO] skip non existing resourceDirectory C:\My_Space\Learning\AEM\Codebase\portfolio\core\src\test\resources
[INFO] 
[INFO] --- compiler:3.8.1:testCompile (default-testCompile) @ portfolio.core ---
[INFO] Changes detected - recompiling the module!
[INFO] Compiling 6 source files to C:\My_Space\Learning\AEM\Codebase\portfolio\core\target\test-classes
[INFO] 
[INFO] --- surefire:2.22.1:test (default-test) @ portfolio.core ---
[INFO] 
[INFO] -------------------------------------------------------
[INFO]  T E S T S
[INFO] -------------------------------------------------------
[INFO] Running com.adobe.aem.portfolio.core.filters.LoggingFilterTest
[INFO] Tests run: 1, Failures: 0, Errors: 0, Skipped: 0, Time elapsed: 2.231 s - in com.adobe.aem.portfolio.core.filters.LoggingFilterTest
[INFO] Running com.adobe.aem.portfolio.core.listeners.SimpleResourceListenerTest
[INFO] Tests run: 1, Failures: 0, Errors: 0, Skipped: 0, Time elapsed: 0.002 s - in com.adobe.aem.portfolio.core.listeners.SimpleResourceListenerTest
[INFO] Running com.adobe.aem.portfolio.core.models.HelloWorldModelTest
[INFO] Tests run: 1, Failures: 0, Errors: 0, Skipped: 0, Time elapsed: 0.214 s - in com.adobe.aem.portfolio.core.models.HelloWorldModelTest
[INFO] Running com.adobe.aem.portfolio.core.schedulers.SimpleScheduledTaskTest
[INFO] Tests run: 1, Failures: 0, Errors: 0, Skipped: 0, Time elapsed: 0.036 s - in com.adobe.aem.portfolio.core.schedulers.SimpleScheduledTaskTest
[INFO] Running com.adobe.aem.portfolio.core.servlets.SimpleServletTest
[INFO] Tests run: 1, Failures: 0, Errors: 0, Skipped: 0, Time elapsed: 0.052 s - in com.adobe.aem.portfolio.core.servlets.SimpleServletTest
[INFO] 
[INFO] Results:
[INFO] 
[INFO] Tests run: 5, Failures: 0, Errors: 0, Skipped: 0
[INFO] 
[INFO] 
[INFO] --- jar:3.1.2:jar (default-jar) @ portfolio.core ---
[INFO] Building jar: C:\My_Space\Learning\AEM\Codebase\portfolio\core\target\portfolio.core-0.0.1-SNAPSHOT.jar
[INFO] 
[INFO] --- bnd-baseline:5.1.2:baseline (baseline) @ portfolio.core ---
[INFO] Determining the baseline version for com.adobe.aem.portfolio:portfolio.core:jar:(,0.0.1-SNAPSHOT) using repositories [central (https://repo.maven.apache.org/maven2, default, releases)]
[INFO] The baseline version was found to be null
[WARNING] No previous version of com.adobe.aem.portfolio:portfolio.core:jar:0.0.1-SNAPSHOT could be found to baseline against
[INFO] 
[INFO] --- install:2.5.2:install (default-install) @ portfolio.core ---
[INFO] Installing C:\My_Space\Learning\AEM\Codebase\portfolio\core\target\portfolio.core-0.0.1-SNAPSHOT.jar to C:\Users\prash\.m2\repository\com\adobe\aem\portfolio\portfolio.core\0.0.1-SNAPSHOT\portfolio.core-0.0.1-SNAPSHOT.jar
[INFO] Installing C:\My_Space\Learning\AEM\Codebase\portfolio\core\pom.xml to C:\Users\prash\.m2\repository\com\adobe\aem\portfolio\portfolio.core\0.0.1-SNAPSHOT\portfolio.core-0.0.1-SNAPSHOT.pom
[INFO] 
[INFO] -----------< com.adobe.aem.portfolio:portfolio.ui.frontend >------------
[INFO] Building Portfolio - UI Frontend 0.0.1-SNAPSHOT                   [3/11]
[INFO]   from ui.frontend\pom.xml
[INFO] --------------------------------[ pom ]---------------------------------
[INFO] 
[INFO] --- clean:3.0.0:clean (default-clean) @ portfolio.ui.frontend ---
[INFO] Deleting C:\My_Space\Learning\AEM\Codebase\portfolio\ui.frontend\target
[INFO] 
[INFO] --- enforcer:3.0.0:enforce (enforce-maven) @ portfolio.ui.frontend ---
[INFO] 
[INFO] --- frontend:1.12.0:install-node-and-npm (install node and npm) @ portfolio.ui.frontend ---
[INFO] Node v20.11.0 is already installed.
[INFO] NPM 10.2.4 is already installed.
[INFO] 
[INFO] --- frontend:1.12.0:npm (npm ci) @ portfolio.ui.frontend ---
[INFO] Running 'npm install' in C:\My_Space\Learning\AEM\Codebase\portfolio\ui.frontend
[INFO] npm WARN EBADENGINE Unsupported engine {
[INFO] npm WARN EBADENGINE   package: 'yargs@18.0.0',
[INFO] npm WARN EBADENGINE   required: { node: '^20.19.0 || ^22.12.0 || >=23' },
[INFO] npm WARN EBADENGINE   current: { node: 'v20.11.0', npm: '10.2.4' }
[INFO] npm WARN EBADENGINE }
[INFO] npm WARN EBADENGINE Unsupported engine {
[INFO] npm WARN EBADENGINE   package: 'yargs-parser@22.0.0',
[INFO] npm WARN EBADENGINE   required: { node: '^20.19.0 || ^22.12.0 || >=23' },
[INFO] npm WARN EBADENGINE   current: { node: 'v20.11.0', npm: '10.2.4' }
[INFO] npm WARN EBADENGINE }
[INFO] 
[INFO] up to date, audited 711 packages in 2s
[INFO] 
[INFO] 120 packages are looking for funding
[INFO]   run `npm fund` for details
[INFO] 
[INFO] 4 moderate severity vulnerabilities
[INFO] 
[INFO] To address all issues (including breaking changes), run:
[INFO]   npm audit fix --force
[INFO] 
[INFO] Run `npm audit` for details.
[INFO] 
[INFO] --- frontend:1.12.0:npm (npm run prod) @ portfolio.ui.frontend ---
[INFO] Running 'npm run prod' in C:\My_Space\Learning\AEM\Codebase\portfolio\ui.frontend
[INFO] 
[INFO] > aem-maven-archetype@1.0.0 prod
[INFO] > webpack --config ./webpack.prod.js && clientlib --verbose
[INFO] 
[INFO] assets by path clientlib-site/images/ 21.2 KiB
[INFO]   asset clientlib-site/images/.gitkeep 2 bytes [emitted] [from: src/main/webpack/resources/images/.gitkeep] [copied]
[INFO]   asset clientlib-site/images/Github.png 4.9 KiB [emitted] [from: src/main/webpack/resources/images/Github.png] [copied]
[INFO]   asset clientlib-site/images/Gmail.png 6.73 KiB [emitted] [from: src/main/webpack/resources/images/Gmail.png] [copied]
[INFO]   asset clientlib-site/images/LinkedIN.png 4.22 KiB [emitted] [from: src/main/webpack/resources/images/LinkedIN.png] [copied]
[INFO]   asset clientlib-site/images/Medium.png 5.32 KiB [emitted] [from: src/main/webpack/resources/images/Medium.png] [copied]
[INFO] assets by chunk 24.3 KiB (name: site)
[INFO]   asset clientlib-site/site.css 19.3 KiB [emitted] [minimized] (name: site)
[INFO]   asset clientlib-site/site.js 4.98 KiB [emitted] [minimized] (name: site)
[INFO] asset clientlib-site/fonts/.gitkeep 2 bytes [emitted] [from: src/main/webpack/resources/fonts/.gitkeep] [copied]
[INFO] Entrypoint site 24.3 KiB = clientlib-site/site.css 19.3 KiB clientlib-site/site.js 4.98 KiB
[INFO] 
[INFO] LOG from ./node_modules/sass-loader/dist/cjs.js sass-loader ./node_modules/css-loader/dist/cjs.js??ruleSet[1].rules[1].use[1]!./node_modules/postcss-loader/src/index.js??ruleSet[1].rules[1].use[2]!./node_modules/sass-loader/dist/cjs.js!./node_modules/glob-import-loader/index.js??ruleSet[1].rules[1].use[4]!./src/main/webpack/site/main.scss
[INFO] <w> Deprecation The legacy JS API is deprecated and will be removed in Dart Sass 2.0.0.
[INFO] <w> 
[INFO] <w> More info: https://sass-lang.com/d/legacy-js-api
[INFO] <w> 
[INFO] <w> null
[INFO] <w> Deprecation Sass @import rules are deprecated and will be removed in Dart Sass 3.0.0.
[INFO] <w> 
[INFO] <w> More info and automated migrator: https://sass-lang.com/d/import
[INFO] <w> 
[INFO] <w> src\main\webpack\site\main.scss 2:9  root stylesheet
[INFO] <w> 
[INFO] <w> Deprecation Sass @import rules are deprecated and will be removed in Dart Sass 3.0.0.
[INFO] <w> 
[INFO] <w> More info and automated migrator: https://sass-lang.com/d/import
[INFO] <w> 
[INFO] <w> src\main\webpack\site\main.scss 3:9  root stylesheet
[INFO] <w> 
[INFO] <w> Deprecation Sass @import rules are deprecated and will be removed in Dart Sass 3.0.0.
[INFO] <w> 
[INFO] <w> More info and automated migrator: https://sass-lang.com/d/import
[INFO] <w> 
[INFO] <w> src\main\webpack\site\main.scss 4:9  root stylesheet
[INFO] <w> 
[INFO] <w> Deprecation Sass @import rules are deprecated and will be removed in Dart Sass 3.0.0.
[INFO] <w> 
[INFO] <w> More info and automated migrator: https://sass-lang.com/d/import
[INFO] <w> 
[INFO] <w> src\main\webpack\site\main.scss 4:120  root stylesheet
[INFO] <w> 
[INFO] <w> Deprecation Sass @import rules are deprecated and will be removed in Dart Sass 3.0.0.
[INFO] <w> 
[INFO] <w> More info and automated migrator: https://sass-lang.com/d/import
[INFO] <w> 
[INFO] <w> src\main\webpack\site\main.scss 4:232  root stylesheet
[INFO] <w> 
[INFO] <w> Deprecation Global built-in functions are deprecated and will be removed in Dart Sass 3.0.0.
[INFO] <w> Use color.invert instead.
[INFO] <w> 
[INFO] <w> More info and automated migrator: https://sass-lang.com/d/import
[INFO] <w> 
[INFO] <w> src\main\webpack\site\_variables.scss 16:25  @import
[INFO] <w> src\main\webpack\site\main.scss 2:9          root stylesheet
[INFO] <w> 
[INFO] <w> Deprecation Global built-in functions are deprecated and will be removed in Dart Sass 3.0.0.
[INFO] <w> Use color.invert instead.
[INFO] <w> 
[INFO] <w> More info and automated migrator: https://sass-lang.com/d/import
[INFO] <w> 
[INFO] <w> src\main\webpack\site\_variables.scss 17:25  @import
[INFO] <w> src\main\webpack\site\main.scss 2:9          root stylesheet
[INFO] <w> 
[INFO] <w> Deprecation Global built-in functions are deprecated and will be removed in Dart Sass 3.0.0.
[INFO] <w> Use color.invert instead.
[INFO] <w> 
[INFO] <w> More info and automated migrator: https://sass-lang.com/d/import
[INFO] <w> 
[INFO] <w> src\main\webpack\site\_variables.scss 18:25  @import
[INFO] <w> src\main\webpack\site\main.scss 2:9          root stylesheet
[INFO] <w> 
[INFO] <w> Deprecation Global built-in functions are deprecated and will be removed in Dart Sass 3.0.0.
[INFO] <w> Use color.red instead.
[INFO] <w> 
[INFO] <w> More info and automated migrator: https://sass-lang.com/d/import
[INFO] <w> 
[INFO] <w> src\main\webpack\site\styles\experiencefragment_header.scss 70:43  @import
[INFO] <w> src\main\webpack\site\main.scss 5:252                              root stylesheet
[INFO] <w> 
[INFO] <w> Deprecation red() is deprecated. Suggestion:
[INFO] <w> 
[INFO] <w> color.channel($color, "red", $space: rgb)
[INFO] <w> 
[INFO] <w> More info: https://sass-lang.com/d/color-functions
[INFO] <w> 
[INFO] <w> src\main\webpack\site\styles\experiencefragment_header.scss 70:43  @import
[INFO] <w> src\main\webpack\site\main.scss 5:252                              root stylesheet
[INFO] <w> 
[INFO] <w> Deprecation Global built-in functions are deprecated and will be removed in Dart Sass 3.0.0.
[INFO] <w> Use color.green instead.
[INFO] <w> 
[INFO] <w> More info and automated migrator: https://sass-lang.com/d/import
[INFO] <w> 
[INFO] <w> src\main\webpack\site\styles\experiencefragment_header.scss 70:70  @import
[INFO] <w> src\main\webpack\site\main.scss 5:252                              root stylesheet
[INFO] <w> 
[INFO] <w> Deprecation green() is deprecated. Suggestion:
[INFO] <w> 
[INFO] <w> color.channel($color, "green", $space: rgb)
[INFO] <w> 
[INFO] <w> More info: https://sass-lang.com/d/color-functions
[INFO] <w> 
[INFO] <w> src\main\webpack\site\styles\experiencefragment_header.scss 70:70  @import
[INFO] <w> src\main\webpack\site\main.scss 5:252                              root stylesheet
[INFO] <w> 
[INFO] <w> Deprecation blue() is deprecated. Suggestion:
[INFO] <w> 
[INFO] <w> color.channel($color, "blue", $space: rgb)
[INFO] <w> 
[INFO] <w> More info: https://sass-lang.com/d/color-functions
[INFO] <w> 
[INFO] <w> src\main\webpack\site\styles\experiencefragment_header.scss 70:99  @import
[INFO] <w> src\main\webpack\site\main.scss 5:252                              root stylesheet
[INFO] <w> 
[INFO] <w> Deprecation red() is deprecated. Suggestion:
[INFO] <w> 
[INFO] <w> color.channel($color, "red", $space: rgb)
[INFO] <w> 
[INFO] <w> More info: https://sass-lang.com/d/color-functions
[INFO] <w> 
[INFO] <w> src\main\webpack\site\styles\experiencefragment_header.scss 75:47  @import
[INFO] <w> src\main\webpack\site\main.scss 5:252                              root stylesheet
[INFO] <w> 
[INFO] <w> Deprecation green() is deprecated. Suggestion:
[INFO] <w> 
[INFO] <w> color.channel($color, "green", $space: rgb)
[INFO] <w> 
[INFO] <w> More info: https://sass-lang.com/d/color-functions
[INFO] <w> 
[INFO] <w> src\main\webpack\site\styles\experiencefragment_header.scss 75:79  @import
[INFO] <w> src\main\webpack\site\main.scss 5:252                              root stylesheet
[INFO] <w> 
[INFO] <w> 34 repetitive deprecation warnings omitted.
[INFO] <w> 
[INFO] <w> null
[INFO] 
[INFO] WARNING in ./src/main/webpack/site/main.ts
[INFO] Module Warning (from ./node_modules/glob-import-loader/index.js):
[INFO] (Emitted value instead of an instance of Error) Could not find any files that matched the wildcard path.
[INFO] NonErrorEmittedError: (Emitted value instead of an instance of Error) Could not find any files that matched the wildcard path.
[INFO]     at Object.emitWarning (C:\My_Space\Learning\AEM\Codebase\portfolio\ui.frontend\node_modules\webpack\lib\NormalModule.js:735:16)
[INFO]     at C:\My_Space\Learning\AEM\Codebase\portfolio\ui.frontend\node_modules\glob-import-loader\index.js:60:24
[INFO]     at finishWithoutResolve (C:\My_Space\Learning\AEM\Codebase\portfolio\ui.frontend\node_modules\enhanced-resolve\lib\Resolver.js:568:11)
[INFO]     at C:\My_Space\Learning\AEM\Codebase\portfolio\ui.frontend\node_modules\enhanced-resolve\lib\Resolver.js:657:14
[INFO]     at C:\My_Space\Learning\AEM\Codebase\portfolio\ui.frontend\node_modules\enhanced-resolve\lib\Resolver.js:718:5
[INFO]     at eval (eval at create (C:\My_Space\Learning\AEM\Codebase\portfolio\ui.frontend\node_modules\tapable\lib\HookCodeFactory.js:31:10), <anonymous>:15:1)
[INFO]     at C:\My_Space\Learning\AEM\Codebase\portfolio\ui.frontend\node_modules\enhanced-resolve\lib\Resolver.js:718:5
[INFO]     at eval (eval at create (C:\My_Space\Learning\AEM\Codebase\portfolio\ui.frontend\node_modules\tapable\lib\HookCodeFactory.js:31:10), <anonymous>:27:1)
[INFO]     at C:\My_Space\Learning\AEM\Codebase\portfolio\ui.frontend\node_modules\enhanced-resolve\lib\DescriptionFilePlugin.js:89:43
[INFO]     at C:\My_Space\Learning\AEM\Codebase\portfolio\ui.frontend\node_modules\enhanced-resolve\lib\Resolver.js:718:5
[INFO] 
[INFO] WARNING in ./src/main/webpack/site/main.ts
[INFO] Module Warning (from ./node_modules/glob-import-loader/index.js):
[INFO] (Emitted value instead of an instance of Error) Empty results for "import "./**/*.js""
[INFO] NonErrorEmittedError: (Emitted value instead of an instance of Error) Empty results for "import "./**/*.js""
[INFO]     at Object.emitWarning (C:\My_Space\Learning\AEM\Codebase\portfolio\ui.frontend\node_modules\webpack\lib\NormalModule.js:735:16)
[INFO]     at C:\My_Space\Learning\AEM\Codebase\portfolio\ui.frontend\node_modules\glob-import-loader\index.js:119:16
[INFO]     at process.processTicksAndRejections (node:internal/process/task_queues:95:5)
[INFO]     at async Promise.all (index 1)
[INFO]     at async module.exports (C:\My_Space\Learning\AEM\Codebase\portfolio\ui.frontend\node_modules\glob-import-loader\index.js:80:25)
[INFO] 
[INFO] WARNING in [eslint] 
[INFO] C:\My_Space\Learning\AEM\Codebase\portfolio\ui.frontend\src\main\webpack\components\_header.js
[INFO]   190:6  warning  Newline required at end of file but not found  eol-last
[INFO] 
[INFO] Γ£û 1 problem (0 errors, 1 warning)
[INFO]   0 errors and 1 warning potentially fixable with the `--fix` option.
[INFO] 
[INFO] 2025-12-28 15:40:21: webpack 5.104.1 compiled with 3 warnings in 4832 ms
[INFO] 
[INFO] start aem-clientlib-generator
[INFO]   working directory: C:\My_Space\Learning\AEM\Codebase\portfolio\ui.frontend\dist
[INFO] 
[INFO] 
[INFO] processing clientlib: clientlib-dependencies
[INFO] Write node configuration using serialization format: xml
[INFO] write clientlib json file: C:\My_Space\Learning\AEM\Codebase\portfolio\ui.apps\src\main\content\jcr_root\apps\portfolio\clientlibs\clientlib-dependencies\.content.xml
[INFO] 
[INFO] write clientlib asset txt file (type: js): C:\My_Space\Learning\AEM\Codebase\portfolio\ui.apps\src\main\content\jcr_root\apps\portfolio\clientlibs\clientlib-dependencies\js.txt
[INFO] 
[INFO] write clientlib asset txt file (type: css): C:\My_Space\Learning\AEM\Codebase\portfolio\ui.apps\src\main\content\jcr_root\apps\portfolio\clientlibs\clientlib-dependencies\css.txt
[INFO] 
[INFO] 
[INFO] processing clientlib: clientlib-site
[INFO] Write node configuration using serialization format: xml
[INFO] write clientlib json file: C:\My_Space\Learning\AEM\Codebase\portfolio\ui.apps\src\main\content\jcr_root\apps\portfolio\clientlibs\clientlib-site\.content.xml
[INFO] 
[INFO] write clientlib asset txt file (type: js): C:\My_Space\Learning\AEM\Codebase\portfolio\ui.apps\src\main\content\jcr_root\apps\portfolio\clientlibs\clientlib-site\js.txt
[INFO] copy: clientlib-site/site.js C:\My_Space\Learning\AEM\Codebase\portfolio\ui.apps\src\main\content\jcr_root\apps\portfolio\clientlibs\clientlib-site/js/site.js
[INFO] 
[INFO] write clientlib asset txt file (type: css): C:\My_Space\Learning\AEM\Codebase\portfolio\ui.apps\src\main\content\jcr_root\apps\portfolio\clientlibs\clientlib-site\css.txt
[INFO] copy: clientlib-site/site.css C:\My_Space\Learning\AEM\Codebase\portfolio\ui.apps\src\main\content\jcr_root\apps\portfolio\clientlibs\clientlib-site/css/site.css
[INFO] copy: clientlib-site/images/Github.png C:\My_Space\Learning\AEM\Codebase\portfolio\ui.apps\src\main\content\jcr_root\apps\portfolio\clientlibs\clientlib-site/resources/images/Github.png
[INFO] copy: clientlib-site/images/Gmail.png C:\My_Space\Learning\AEM\Codebase\portfolio\ui.apps\src\main\content\jcr_root\apps\portfolio\clientlibs\clientlib-site/resources/images/Gmail.png
[INFO] copy: clientlib-site/images/LinkedIN.png C:\My_Space\Learning\AEM\Codebase\portfolio\ui.apps\src\main\content\jcr_root\apps\portfolio\clientlibs\clientlib-site/resources/images/LinkedIN.png
[INFO] copy: clientlib-site/images/Medium.png C:\My_Space\Learning\AEM\Codebase\portfolio\ui.apps\src\main\content\jcr_root\apps\portfolio\clientlibs\clientlib-site/resources/images/Medium.png
[INFO] 
[INFO] --- assembly:3.3.0:single (default) @ portfolio.ui.frontend ---
[INFO] Reading assembly descriptor: assembly.xml
[INFO] Building zip: C:\My_Space\Learning\AEM\Codebase\portfolio\ui.frontend\target\portfolio.ui.frontend-0.0.1-SNAPSHOT.zip
[INFO] 
[INFO] --- install:2.5.2:install (default-install) @ portfolio.ui.frontend ---
[INFO] Installing C:\My_Space\Learning\AEM\Codebase\portfolio\ui.frontend\pom.xml to C:\Users\prash\.m2\repository\com\adobe\aem\portfolio\portfolio.ui.frontend\0.0.1-SNAPSHOT\portfolio.ui.frontend-0.0.1-SNAPSHOT.pom
[INFO] Installing C:\My_Space\Learning\AEM\Codebase\portfolio\ui.frontend\target\portfolio.ui.frontend-0.0.1-SNAPSHOT.zip to C:\Users\prash\.m2\repository\com\adobe\aem\portfolio\portfolio.ui.frontend\0.0.1-SNAPSHOT\portfolio.ui.frontend-0.0.1-SNAPSHOT.zip
[INFO] 
[INFO] --------< com.adobe.aem.portfolio:portfolio.ui.apps.structure >---------
[INFO] Building Portfolio - Repository Structure Package 0.0.1-SNAPSHOT  [4/11]
[INFO]   from ui.apps.structure\pom.xml
[INFO] --------------------------[ content-package ]---------------------------
[INFO] 
[INFO] --- clean:3.0.0:clean (default-clean) @ portfolio.ui.apps.structure ---
[INFO] Deleting C:\My_Space\Learning\AEM\Codebase\portfolio\ui.apps.structure\target
[INFO] 
[INFO] --- enforcer:3.0.0:enforce (enforce-maven) @ portfolio.ui.apps.structure ---
[INFO] 
[INFO] --- resources:3.0.2:resources (default-resources) @ portfolio.ui.apps.structure ---
[INFO] Using 'UTF-8' encoding to copy filtered resources.
[INFO] skip non existing resourceDirectory C:\My_Space\Learning\AEM\Codebase\portfolio\ui.apps.structure\src\main\resources
[INFO] 
[INFO] --- compiler:3.8.1:compile (default-compile) @ portfolio.ui.apps.structure ---
[INFO] No sources to compile
[INFO] 
[INFO] --- filevault-package:1.1.6:check-signature (default-check-signature) @ portfolio.ui.apps.structure ---
[INFO] No signature defined. Skipping signature check.
[INFO] 
[INFO] --- filevault-package:1.1.6:analyze-classes (default-analyze-classes) @ portfolio.ui.apps.structure ---
[INFO] Analyzing java package dependencies.
[INFO] Export package report:

Exported packages   Uses Version   Dependency
--------------------------------------------------

0 unused bundles
------------------------------

Packages used in the analyzed classes: 
------------------------------

[INFO] 
[INFO] --- filevault-package:1.1.6:generate-metadata (default-generate-metadata) @ portfolio.ui.apps.structure ---
[INFO] Auto-detected package type: mixed
[INFO] Generating filter.xml from plugin configuration
[INFO] 
[INFO] --- filevault-package:1.1.6:validate-files (default-validate-files) @ portfolio.ui.apps.structure ---
[INFO] Skip this mojo as this is not an incremental build and 'validate-package' is executed later on!
[INFO] 
[INFO] --- resources:3.0.2:testResources (default-testResources) @ portfolio.ui.apps.structure ---
[INFO] Using 'UTF-8' encoding to copy filtered resources.
[INFO] skip non existing resourceDirectory C:\My_Space\Learning\AEM\Codebase\portfolio\ui.apps.structure\src\test\resources
[INFO] 
[INFO] --- compiler:3.8.1:testCompile (default-testCompile) @ portfolio.ui.apps.structure ---
[INFO] No sources to compile
[INFO] 
[INFO] --- surefire:2.22.1:test (default-test) @ portfolio.ui.apps.structure ---
[INFO] No tests to run.
[INFO] 
[INFO] --- filevault-package:1.1.6:package (default-package) @ portfolio.ui.apps.structure ---
[INFO] Building content-package: C:\My_Space\Learning\AEM\Codebase\portfolio\ui.apps.structure\target\portfolio.ui.apps.structure-0.0.1-SNAPSHOT.zip
[INFO] 
[INFO] --- filevault-package:1.1.6:validate-package (default-validate-package) @ portfolio.ui.apps.structure ---
[INFO] Start validating package 'target\portfolio.ui.apps.structure-0.0.1-SNAPSHOT.zip'...
[INFO] Register node types from tccl:aem.cnd
[INFO] Using 10 validators for package of type MIXED: jackrabbit-accesscontrol (org.apache.jackrabbit.vault.validation.spi.impl.AccessControlValidator), jackrabbit-filter (org.apache.jackrabbit.vault.validation.spi.impl.AdvancedFilterValidator), jackrabbit-properties (org.apache.jackrabbit.vault.validation.spi.impl.AdvancedPropertiesValidator), jackrabbit-docviewparser (org.apache.jackrabbit.vault.validation.spi.impl.DocumentViewParserValidator), jackrabbit-dependencies (org.apache.jackrabbit.vault.validation.spi.impl.DependencyValidator), jackrabbit-emptyelements (org.apache.jackrabbit.vault.validation.spi.impl.EmptyElementsValidator), jackrabbit-mergelimitations (org.apache.jackrabbit.vault.validation.spi.impl.MergeLimitationsValidator), jackrabbit-oakindex (org.apache.jackrabbit.vault.validation.spi.impl.OakIndexDefinitionValidator), jackrabbit-packagetype (org.apache.jackrabbit.vault.validation.spi.impl.PackageTypeValidator), jackrabbit-nodetypes (org.apache.jackrabbit.vault.validation.spi.impl.nodetype.NodeTypeValidator)
[WARNING] ValidationViolation: "jackrabbit-filter: Filter root's ancestor '/content/dam' is not covered by any of the specified dependencies nor a valid root.", filePath=META-INF\vault\filter.xml
[WARNING] ValidationViolation: "jackrabbit-packagetype: Package of type 'MIXED' is legacy. Use one of the other types instead!", filePath=META-INF\vault\properties.xml
[INFO] ValidationViolation: "jackrabbit-filter: Found orphaned filter entries: entry with root '/apps', entry with root '/apps/portfolio', entry with root '/apps/sling', entry with root '/apps/cq', entry with root '/apps/dam', entry with root '/apps/wcm', entry with root '/apps/msm', entry with root '/apps/settings', entry with root '/content/dam/portfolio'"
[INFO] 
[INFO] --- filevault-package:1.1.6:package (create-package) @ portfolio.ui.apps.structure ---
[INFO] Building content-package: C:\My_Space\Learning\AEM\Codebase\portfolio\ui.apps.structure\target\portfolio.ui.apps.structure-0.0.1-SNAPSHOT.zip
[INFO] 
[INFO] --- install:2.5.2:install (default-install) @ portfolio.ui.apps.structure ---
[INFO] Installing C:\My_Space\Learning\AEM\Codebase\portfolio\ui.apps.structure\target\portfolio.ui.apps.structure-0.0.1-SNAPSHOT.zip to C:\Users\prash\.m2\repository\com\adobe\aem\portfolio\portfolio.ui.apps.structure\0.0.1-SNAPSHOT\portfolio.ui.apps.structure-0.0.1-SNAPSHOT.zip
[INFO] Installing C:\My_Space\Learning\AEM\Codebase\portfolio\ui.apps.structure\pom.xml to C:\Users\prash\.m2\repository\com\adobe\aem\portfolio\portfolio.ui.apps.structure\0.0.1-SNAPSHOT\portfolio.ui.apps.structure-0.0.1-SNAPSHOT.pom
[INFO] 
[INFO] -------------< com.adobe.aem.portfolio:portfolio.ui.apps >--------------
[INFO] Building Portfolio - UI apps 0.0.1-SNAPSHOT                       [5/11]
[INFO]   from ui.apps\pom.xml
[INFO] --------------------------[ content-package ]---------------------------
[INFO] 
[INFO] --- clean:3.0.0:clean (default-clean) @ portfolio.ui.apps ---
[INFO] Deleting C:\My_Space\Learning\AEM\Codebase\portfolio\ui.apps\target
[INFO] 
[INFO] --- enforcer:3.0.0:enforce (enforce-maven) @ portfolio.ui.apps ---
[INFO] 
[INFO] --- htl:2.0.2-1.4.0:validate (validate-htl-scripts) @ portfolio.ui.apps ---
[INFO] Processed 9 files in 393ms
[INFO] 
[INFO] --- resources:3.0.2:resources (default-resources) @ portfolio.ui.apps ---
[INFO] Using 'UTF-8' encoding to copy filtered resources.
[INFO] skip non existing resourceDirectory C:\My_Space\Learning\AEM\Codebase\portfolio\ui.apps\src\main\resources
[INFO] 
[INFO] --- compiler:3.8.1:compile (default-compile) @ portfolio.ui.apps ---
[INFO] Changes detected - recompiling the module!
[INFO] Compiling 9 source files to C:\My_Space\Learning\AEM\Codebase\portfolio\ui.apps\target\classes
[INFO] 
[INFO] --- filevault-package:1.1.6:check-signature (default-check-signature) @ portfolio.ui.apps ---
[INFO] No signature defined. Skipping signature check.
[INFO] 
[INFO] --- filevault-package:1.1.6:analyze-classes (default-analyze-classes) @ portfolio.ui.apps ---
[INFO] Analyzing java package dependencies.
[INFO] Export package report:

Exported packages                                                      Uses Version   Dependency
-----------------------------------------------------------------------------------------------------
ch.qos.logback.classic                                                 0    1.2.13    com.adobe.aem:aem-sdk-api:jar:2025.11.23482.20251120T200914Z-251200
ch.qos.logback.classic.boolex                                          0    1.2.13    com.adobe.aem:aem-sdk-api:jar:2025.11.23482.20251120T200914Z-251200
ch.qos.logback.classic.db.names                                        0    1.2.13    com.adobe.aem:aem-sdk-api:jar:2025.11.23482.20251120T200914Z-251200
ch.qos.logback.classic.db.script                                       0    1.2.13    com.adobe.aem:aem-sdk-api:jar:2025.11.23482.20251120T200914Z-251200
ch.qos.logback.classic.encoder                                         0    1.2.13    com.adobe.aem:aem-sdk-api:jar:2025.11.23482.20251120T200914Z-251200
ch.qos.logback.classic.filter                                          0    1.2.13    com.adobe.aem:aem-sdk-api:jar:2025.11.23482.20251120T200914Z-251200
ch.qos.logback.classic.helpers                                         0    1.2.13    com.adobe.aem:aem-sdk-api:jar:2025.11.23482.20251120T200914Z-251200
ch.qos.logback.classic.html                                            0    1.2.13    com.adobe.aem:aem-sdk-api:jar:2025.11.23482.20251120T200914Z-251200
ch.qos.logback.classic.jmx                                             0    1.2.13    com.adobe.aem:aem-sdk-api:jar:2025.11.23482.20251120T200914Z-251200
ch.qos.logback.classic.joran                                           0    1.2.13    com.adobe.aem:aem-sdk-api:jar:2025.11.23482.20251120T200914Z-251200
ch.qos.logback.classic.joran.action                                    0    1.2.13    com.adobe.aem:aem-sdk-api:jar:2025.11.23482.20251120T200914Z-251200
ch.qos.logback.classic.jul                                             0    1.2.13    com.adobe.aem:aem-sdk-api:jar:2025.11.23482.20251120T200914Z-251200
ch.qos.logback.classic.layout                                          0    1.2.13    com.adobe.aem:aem-sdk-api:jar:2025.11.23482.20251120T200914Z-251200
ch.qos.logback.classic.log4j                                           0    1.2.13    com.adobe.aem:aem-sdk-api:jar:2025.11.23482.20251120T200914Z-251200
ch.qos.logback.classic.net                                             0    1.2.13    com.adobe.aem:aem-sdk-api:jar:2025.11.23482.20251120T200914Z-251200
ch.qos.logback.classic.net.server                                      0    1.2.13    com.adobe.aem:aem-sdk-api:jar:2025.11.23482.20251120T200914Z-251200
ch.qos.logback.classic.pattern                                         0    1.2.13    com.adobe.aem:aem-sdk-api:jar:2025.11.23482.20251120T200914Z-251200
ch.qos.logback.classic.pattern.color                                   0    1.2.13    com.adobe.aem:aem-sdk-api:jar:2025.11.23482.20251120T200914Z-251200
ch.qos.logback.classic.selector                                        0    1.2.13    com.adobe.aem:aem-sdk-api:jar:2025.11.23482.20251120T200914Z-251200
ch.qos.logback.classic.selector.servlet                                0    1.2.13    com.adobe.aem:aem-sdk-api:jar:2025.11.23482.20251120T200914Z-251200
ch.qos.logback.classic.servlet                                         0    1.2.13    com.adobe.aem:aem-sdk-api:jar:2025.11.23482.20251120T200914Z-251200
ch.qos.logback.classic.sift                                            0    1.2.13    com.adobe.aem:aem-sdk-api:jar:2025.11.23482.20251120T200914Z-251200
ch.qos.logback.classic.spi                                             0    1.2.13    com.adobe.aem:aem-sdk-api:jar:2025.11.23482.20251120T200914Z-251200
ch.qos.logback.classic.turbo                                           0    1.2.13    com.adobe.aem:aem-sdk-api:jar:2025.11.23482.20251120T200914Z-251200
ch.qos.logback.classic.util                                            0    1.2.13    com.adobe.aem:aem-sdk-api:jar:2025.11.23482.20251120T200914Z-251200
ch.qos.logback.core                                                    0    1.2.13    com.adobe.aem:aem-sdk-api:jar:2025.11.23482.20251120T200914Z-251200
ch.qos.logback.core.boolex                                             0    1.2.13    com.adobe.aem:aem-sdk-api:jar:2025.11.23482.20251120T200914Z-251200
ch.qos.logback.core.encoder                                            0    1.2.13    com.adobe.aem:aem-sdk-api:jar:2025.11.23482.20251120T200914Z-251200
ch.qos.logback.core.filter                                             0    1.2.13    com.adobe.aem:aem-sdk-api:jar:2025.11.23482.20251120T200914Z-251200
ch.qos.logback.core.helpers                                            0    1.2.13    com.adobe.aem:aem-sdk-api:jar:2025.11.23482.20251120T200914Z-251200
ch.qos.logback.core.hook                                               0    1.2.13    com.adobe.aem:aem-sdk-api:jar:2025.11.23482.20251120T200914Z-251200
ch.qos.logback.core.html                                               0    1.2.13    com.adobe.aem:aem-sdk-api:jar:2025.11.23482.20251120T200914Z-251200
ch.qos.logback.core.joran                                              0    1.2.13    com.adobe.aem:aem-sdk-api:jar:2025.11.23482.20251120T200914Z-251200
ch.qos.logback.core.joran.action                                       0    1.2.13    com.adobe.aem:aem-sdk-api:jar:2025.11.23482.20251120T200914Z-251200
ch.qos.logback.core.joran.conditional                                  0    1.2.13    com.adobe.aem:aem-sdk-api:jar:2025.11.23482.20251120T200914Z-251200
ch.qos.logback.core.joran.event                                        0    1.2.13    com.adobe.aem:aem-sdk-api:jar:2025.11.23482.20251120T200914Z-251200
ch.qos.logback.core.joran.event.stax                                   0    1.2.13    com.adobe.aem:aem-sdk-api:jar:2025.11.23482.20251120T200914Z-251200
ch.qos.logback.core.joran.node                                         0    1.2.13    com.adobe.aem:aem-sdk-api:jar:2025.11.23482.20251120T200914Z-251200
ch.qos.logback.core.joran.spi                                          0    1.2.13    com.adobe.aem:aem-sdk-api:jar:2025.11.23482.20251120T200914Z-251200
ch.qos.logback.core.joran.util                                         0    1.2.13    com.adobe.aem:aem-sdk-api:jar:2025.11.23482.20251120T200914Z-251200
ch.qos.logback.core.joran.util.beans                                   0    1.2.13    com.adobe.aem:aem-sdk-api:jar:2025.11.23482.20251120T200914Z-251200
ch.qos.logback.core.layout                                             0    1.2.13    com.adobe.aem:aem-sdk-api:jar:2025.11.23482.20251120T200914Z-251200
ch.qos.logback.core.net                                                0    1.2.13    com.adobe.aem:aem-sdk-api:jar:2025.11.23482.20251120T200914Z-251200
ch.qos.logback.core.net.server                                         0    1.2.13    com.adobe.aem:aem-sdk-api:jar:2025.11.23482.20251120T200914Z-251200
ch.qos.logback.core.net.ssl                                            0    1.2.13    com.adobe.aem:aem-sdk-api:jar:2025.11.23482.20251120T200914Z-251200
ch.qos.logback.core.pattern                                            0    1.2.13    com.adobe.aem:aem-sdk-api:jar:2025.11.23482.20251120T200914Z-251200
ch.qos.logback.core.pattern.color                                      0    1.2.13    com.adobe.aem:aem-sdk-api:jar:2025.11.23482.20251120T200914Z-251200
ch.qos.logback.core.pattern.parser                                     0    1.2.13    com.adobe.aem:aem-sdk-api:jar:2025.11.23482.20251120T200914Z-251200
ch.qos.logback.core.pattern.util                                       0    1.2.13    com.adobe.aem:aem-sdk-api:jar:2025.11.23482.20251120T200914Z-251200
ch.qos.logback.core.property                                           0    1.2.13    com.adobe.aem:aem-sdk-api:jar:2025.11.23482.20251120T200914Z-251200
ch.qos.logback.core.read                                               0    1.2.13    com.adobe.aem:aem-sdk-api:jar:2025.11.23482.20251120T200914Z-251200
ch.qos.logback.core.recovery                                           0    1.2.13    com.adobe.aem:aem-sdk-api:jar:2025.11.23482.20251120T200914Z-251200
ch.qos.logback.core.rolling                                            0    1.2.13    com.adobe.aem:aem-sdk-api:jar:2025.11.23482.20251120T200914Z-251200
ch.qos.logback.core.rolling.helper                                     0    1.2.13    com.adobe.aem:aem-sdk-api:jar:2025.11.23482.20251120T200914Z-251200
ch.qos.logback.core.sift                                               0    1.2.13    com.adobe.aem:aem-sdk-api:jar:2025.11.23482.20251120T200914Z-251200
ch.qos.logback.core.spi                                                0    1.2.13    com.adobe.aem:aem-sdk-api:jar:2025.11.23482.20251120T200914Z-251200
ch.qos.logback.core.status                                             0    1.2.13    com.adobe.aem:aem-sdk-api:jar:2025.11.23482.20251120T200914Z-251200
ch.qos.logback.core.subst                                              0    1.2.13    com.adobe.aem:aem-sdk-api:jar:2025.11.23482.20251120T200914Z-251200
ch.qos.logback.core.util                                               0    1.2.13    com.adobe.aem:aem-sdk-api:jar:2025.11.23482.20251120T200914Z-251200
ch.randelshofer.io                                                     0    1.0       com.adobe.aem:aem-sdk-api:jar:2025.11.23482.20251120T200914Z-251200
ch.randelshofer.media.jpeg                                             0    1.0       com.adobe.aem:aem-sdk-api:jar:2025.11.23482.20251120T200914Z-251200
com.adobe.aem.portfolio.core.filters                                   0    1.0       com.adobe.aem.portfolio:portfolio.core:jar:0.0.1-SNAPSHOT
com.adobe.aem.portfolio.core.listeners                                 0    1.0       com.adobe.aem.portfolio:portfolio.core:jar:0.0.1-SNAPSHOT
com.adobe.aem.portfolio.core.models                                    3    1.0       com.adobe.aem.portfolio:portfolio.core:jar:0.0.1-SNAPSHOT
com.adobe.aem.portfolio.core.schedulers                                0    1.0       com.adobe.aem.portfolio:portfolio.core:jar:0.0.1-SNAPSHOT
com.adobe.aem.portfolio.core.servlets                                  0    1.0       com.adobe.aem.portfolio:portfolio.core:jar:0.0.1-SNAPSHOT
com.adobe.aem.wcm.seo                                                  0    1.1.0     com.adobe.aem:aem-sdk-api:jar:2025.11.23482.20251120T200914Z-251200
com.adobe.aem.wcm.seo.localization                                     0    1.0.0     com.adobe.aem:aem-sdk-api:jar:2025.11.23482.20251120T200914Z-251200
com.adobe.aem.wcm.seo.sitemap                                          0    1.1.0     com.adobe.aem:aem-sdk-api:jar:2025.11.23482.20251120T200914Z-251200
com.adobe.aem.wcm.seo.sitemap.externalizer                             0    1.0.1     com.adobe.aem:aem-sdk-api:jar:2025.11.23482.20251120T200914Z-251200
com.adobe.aemfd.expeditor.service                                      0    2.12.0    com.adobe.aem:aem-sdk-api:jar:2025.11.23482.20251120T200914Z-251200
com.adobe.agl.charset                                                  0    1.5.0     com.adobe.aem:aem-sdk-api:jar:2025.11.23482.20251120T200914Z-251200
com.adobe.agl.impl                                                     0    1.5.0     com.adobe.aem:aem-sdk-api:jar:2025.11.23482.20251120T200914Z-251200
com.adobe.agl.lang                                                     0    1.5.0     com.adobe.aem:aem-sdk-api:jar:2025.11.23482.20251120T200914Z-251200
com.adobe.agl.math                                                     0    1.5.0     com.adobe.aem:aem-sdk-api:jar:2025.11.23482.20251120T200914Z-251200
com.adobe.agl.text                                                     0    1.5.0     com.adobe.aem:aem-sdk-api:jar:2025.11.23482.20251120T200914Z-251200
com.adobe.agl.util                                                     0    1.5.0     com.adobe.aem:aem-sdk-api:jar:2025.11.23482.20251120T200914Z-251200
com.adobe.cq.account.api                                               0    1.0.0     com.adobe.aem:aem-sdk-api:jar:2025.11.23482.20251120T200914Z-251200
com.adobe.cq.adobeims.imsprofile                                       0    1.3.0     com.adobe.aem:aem-sdk-api:jar:2025.11.23482.20251120T200914Z-251200
com.adobe.cq.cloudservices.provisioning                                0    1.0.1     com.adobe.aem:aem-sdk-api:jar:2025.11.23482.20251120T200914Z-251200
com.adobe.cq.contentinsight                                            0    1.0.1     com.adobe.aem:aem-sdk-api:jar:2025.11.23482.20251120T200914Z-251200
com.adobe.cq.dam.cfm                                                   0    1.17.0    com.adobe.aem:aem-sdk-api:jar:2025.11.23482.20251120T200914Z-251200
com.adobe.cq.dam.cfm.content                                           0    1.1.0     com.adobe.aem:aem-sdk-api:jar:2025.11.23482.20251120T200914Z-251200
com.adobe.cq.dam.cfm.converter                                         0    1.0.0     com.adobe.aem:aem-sdk-api:jar:2025.11.23482.20251120T200914Z-251200
com.adobe.cq.dam.cfm.extensions                                        0    1.4.0     com.adobe.aem:aem-sdk-api:jar:2025.11.23482.20251120T200914Z-251200
com.adobe.cq.dam.cfm~                                                  0    1.18.0    com.adobe.aem:aem-sdk-api:jar:2025.11.23482.20251120T200914Z-251200
com.adobe.cq.dam.download.api                                          0    3.6.0     com.adobe.aem:aem-sdk-api:jar:2025.11.23482.20251120T200914Z-251200
com.adobe.cq.dam.download.spi                                          0    1.1.0     com.adobe.aem:aem-sdk-api:jar:2025.11.23482.20251120T200914Z-251200
com.adobe.cq.dam.mac.sync.api                                          0    1.4.0     com.adobe.aem:aem-sdk-api:jar:2025.11.23482.20251120T200914Z-251200
com.adobe.cq.dam.mac.sync.helper                                       0    1.4.0     com.adobe.aem:aem-sdk-api:jar:2025.11.23482.20251120T200914Z-251200
com.adobe.cq.dashboards                                                0    1.0       com.adobe.aem:aem-sdk-api:jar:2025.11.23482.20251120T200914Z-251200
com.adobe.cq.deserfw.api                                               0    1.0.0     com.adobe.aem:aem-sdk-api:jar:2025.11.23482.20251120T200914Z-251200
com.adobe.cq.experiencelog                                             0    1.1.0     com.adobe.aem:aem-sdk-api:jar:2025.11.23482.20251120T200914Z-251200
com.adobe.cq.export.json                                               0    2.0.3     com.adobe.aem:aem-sdk-api:jar:2025.11.23482.20251120T200914Z-251200
com.adobe.cq.export.json.hierarchy                                     0    1.0.2     com.adobe.aem:aem-sdk-api:jar:2025.11.23482.20251120T200914Z-251200
com.adobe.cq.export.json.hierarchy.type                                0    1.0.0     com.adobe.aem:aem-sdk-api:jar:2025.11.23482.20251120T200914Z-251200
com.adobe.cq.gfx                                                       0    1.0       com.adobe.aem:aem-sdk-api:jar:2025.11.23482.20251120T200914Z-251200
com.adobe.cq.history.api                                               0    1.1       com.adobe.aem:aem-sdk-api:jar:2025.11.23482.20251120T200914Z-251200
com.adobe.cq.history.api.timeline                                      0    1.1       com.adobe.aem:aem-sdk-api:jar:2025.11.23482.20251120T200914Z-251200
com.adobe.cq.history.filter                                            0    1.1       com.adobe.aem:aem-sdk-api:jar:2025.11.23482.20251120T200914Z-251200
com.adobe.cq.history.utils                                             0    1.1       com.adobe.aem:aem-sdk-api:jar:2025.11.23482.20251120T200914Z-251200
com.adobe.cq.inbox.api                                                 0    1.0.0     com.adobe.aem:aem-sdk-api:jar:2025.11.23482.20251120T200914Z-251200
com.adobe.cq.inbox.api.preferences                                     0    1.0.0     com.adobe.aem:aem-sdk-api:jar:2025.11.23482.20251120T200914Z-251200
com.adobe.cq.inbox.api.preferences.domain                              0    1.0.0     com.adobe.aem:aem-sdk-api:jar:2025.11.23482.20251120T200914Z-251200
com.adobe.cq.inbox.api.preferences.domain.outofoffice                  0    1.0.0     com.adobe.aem:aem-sdk-api:jar:2025.11.23482.20251120T200914Z-251200
com.adobe.cq.inbox.api.preferences.domain.share                        0    1.0.0     com.adobe.aem:aem-sdk-api:jar:2025.11.23482.20251120T200914Z-251200
com.adobe.cq.inbox.api.preferences.domain.view                         0    1.2.0     com.adobe.aem:aem-sdk-api:jar:2025.11.23482.20251120T200914Z-251200
com.adobe.cq.inbox.ui                                                  0    1.4.0     com.adobe.aem:aem-sdk-api:jar:2025.11.23482.20251120T200914Z-251200
com.adobe.cq.inbox.ui.column                                           0    2.0.0     com.adobe.aem:aem-sdk-api:jar:2025.11.23482.20251120T200914Z-251200
com.adobe.cq.inbox.ui.column.provider                                  0    2.0.0     com.adobe.aem:aem-sdk-api:jar:2025.11.23482.20251120T200914Z-251200
com.adobe.cq.launches.api                                              0    3.0.1     com.adobe.aem:aem-sdk-api:jar:2025.11.23482.20251120T200914Z-251200
com.adobe.cq.launches.api.timeline                                     0    1.0.1     com.adobe.aem:aem-sdk-api:jar:2025.11.23482.20251120T200914Z-251200
com.adobe.cq.mcm.campaign                                              0    1.4.0     com.adobe.aem:aem-sdk-api:jar:2025.11.23482.20251120T200914Z-251200
com.adobe.cq.mcm.campaign.profile                                      0    1.0.0     com.adobe.aem:aem-sdk-api:jar:2025.11.23482.20251120T200914Z-251200
com.adobe.cq.msm.ui.models.alllivecopies                               0    1.3.0     com.adobe.aem:aem-sdk-api:jar:2025.11.23482.20251120T200914Z-251200
com.adobe.cq.msm.ui.models.blueprintconfig                             0    1.0.1     com.adobe.aem:aem-sdk-api:jar:2025.11.23482.20251120T200914Z-251200
com.adobe.cq.msm.ui.rendercondition                                    0    1.0.1     com.adobe.aem:aem-sdk-api:jar:2025.11.23482.20251120T200914Z-251200
com.adobe.cq.projects.api                                              0    0.4       com.adobe.aem:aem-sdk-api:jar:2025.11.23482.20251120T200914Z-251200
com.adobe.cq.remote.content.renderer                                   0    2.0.0     com.adobe.aem:aem-sdk-api:jar:2025.11.23482.20251120T200914Z-251200
com.adobe.cq.scheduled.exporter                                        0    1.1       com.adobe.aem:aem-sdk-api:jar:2025.11.23482.20251120T200914Z-251200
com.adobe.cq.scheduled.exporter.process                                0    1.1       com.adobe.aem:aem-sdk-api:jar:2025.11.23482.20251120T200914Z-251200
com.adobe.cq.sightly                                                   0    3.2.1     com.adobe.aem:aem-sdk-api:jar:2025.11.23482.20251120T200914Z-251200
com.adobe.cq.sites.ui.designfield.datasources                          0    0.4.6     com.adobe.aem:aem-sdk-api:jar:2025.11.23482.20251120T200914Z-251200
com.adobe.cq.sites.ui.models                                           0    1.1.0     com.adobe.aem:aem-sdk-api:jar:2025.11.23482.20251120T200914Z-251200
com.adobe.cq.sites.ui.models.admin.security                            0    1.2.0     com.adobe.aem:aem-sdk-api:jar:2025.11.23482.20251120T200914Z-251200
com.adobe.cq.sites.ui.models.admin.security.permission                 0    1.1.0     com.adobe.aem:aem-sdk-api:jar:2025.11.23482.20251120T200914Z-251200
com.adobe.cq.sites.ui.renderconditions                                 0    0.2.0     com.adobe.aem:aem-sdk-api:jar:2025.11.23482.20251120T200914Z-251200
com.adobe.cq.smartcontent                                              0    1.0.1     com.adobe.aem:aem-sdk-api:jar:2025.11.23482.20251120T200914Z-251200
com.adobe.cq.targetrecommendations.api                                 0    1.1.1     com.adobe.aem:aem-sdk-api:jar:2025.11.23482.20251120T200914Z-251200
com.adobe.cq.targetrecommendations.api.model                           0    1.0.1     com.adobe.aem:aem-sdk-api:jar:2025.11.23482.20251120T200914Z-251200
com.adobe.cq.ui.wcm.commons.config                                     0    1.0.0     com.adobe.aem:aem-sdk-api:jar:2025.11.23482.20251120T200914Z-251200
com.adobe.cq.wcm.core.components.commons.editor.dialog                 0    1.0.0     com.adobe.aem:aem-sdk-api:jar:2025.11.23482.20251120T200914Z-251200
com.adobe.cq.wcm.core.components.commons.editor.dialog.childreneditor  0    1.1.0     com.adobe.aem:aem-sdk-api:jar:2025.11.23482.20251120T200914Z-251200
com.adobe.cq.wcm.core.components.commons.editor.dialog.inherited       0    1.2.0     com.adobe.aem:aem-sdk-api:jar:2025.11.23482.20251120T200914Z-251200
com.adobe.cq.wcm.core.components.commons.editor.nextgendm              0    1.0.0     com.adobe.aem:aem-sdk-api:jar:2025.11.23482.20251120T200914Z-251200
com.adobe.cq.wcm.core.components.commons.link                          0    1.2.0     com.adobe.aem:aem-sdk-api:jar:2025.11.23482.20251120T200914Z-251200
com.adobe.cq.wcm.core.components.config                                0    1.1.0     com.adobe.aem:aem-sdk-api:jar:2025.11.23482.20251120T200914Z-251200
com.adobe.cq.wcm.core.components.models                                1    12.29.0   com.adobe.aem:aem-sdk-api:jar:2025.11.23482.20251120T200914Z-251200
com.adobe.cq.wcm.core.components.models.contentfragment                0    1.5.1     com.adobe.aem:aem-sdk-api:jar:2025.11.23482.20251120T200914Z-251200
com.adobe.cq.wcm.core.components.models.datalayer                      0    1.3.1     com.adobe.aem:aem-sdk-api:jar:2025.11.23482.20251120T200914Z-251200
com.adobe.cq.wcm.core.components.models.datalayer.builder              0    1.2.0     com.adobe.aem:aem-sdk-api:jar:2025.11.23482.20251120T200914Z-251200
com.adobe.cq.wcm.core.components.models.datalayer.jackson              0    1.0.0     com.adobe.aem:aem-sdk-api:jar:2025.11.23482.20251120T200914Z-251200
com.adobe.cq.wcm.core.components.models.embeddable                     0    1.3.0     com.adobe.aem:aem-sdk-api:jar:2025.11.23482.20251120T200914Z-251200
com.adobe.cq.wcm.core.components.models.form                           0    14.5.0    com.adobe.aem:aem-sdk-api:jar:2025.11.23482.20251120T200914Z-251200
com.adobe.cq.wcm.core.components.services.embed                        0    1.0.0     com.adobe.aem:aem-sdk-api:jar:2025.11.23482.20251120T200914Z-251200
com.adobe.cq.wcm.core.components.services.form                         0    1.0.0     com.adobe.aem:aem-sdk-api:jar:2025.11.23482.20251120T200914Z-251200
com.adobe.cq.wcm.core.components.services.link                         0    1.1.0     com.adobe.aem:aem-sdk-api:jar:2025.11.23482.20251120T200914Z-251200
com.adobe.cq.wcm.core.components.util                                  0    1.5.0     com.adobe.aem:aem-sdk-api:jar:2025.11.23482.20251120T200914Z-251200
com.adobe.cq.wcm.core.extensions.amp.models                            0    1.0.0     com.adobe.aem:aem-sdk-api:jar:2025.11.23482.20251120T200914Z-251200
com.adobe.cq.wcm.launches.utils                                        0    1.3.1     com.adobe.aem:aem-sdk-api:jar:2025.11.23482.20251120T200914Z-251200
com.adobe.cq.wcm.mobile.qrcode.servlet                                 0    5.9.6     com.adobe.aem:aem-sdk-api:jar:2025.11.23482.20251120T200914Z-251200
com.adobe.cq.wcm.spi                                                   0    0.1.0     com.adobe.aem:aem-sdk-api:jar:2025.11.23482.20251120T200914Z-251200
com.adobe.cq.wcm.style                                                 0    2.1.0     com.adobe.aem:aem-sdk-api:jar:2025.11.23482.20251120T200914Z-251200
com.adobe.cq.xf                                                        0    1.21.0    com.adobe.aem:aem-sdk-api:jar:2025.11.23482.20251120T200914Z-251200
com.adobe.cq.xf.social                                                 0    1.0.0     com.adobe.aem:aem-sdk-api:jar:2025.11.23482.20251120T200914Z-251200
com.adobe.dam.print.ids                                                0    1.2.0     com.adobe.aem:aem-sdk-api:jar:2025.11.23482.20251120T200914Z-251200
com.adobe.fontengine                                                   0    0.0.0     com.adobe.aem:aem-sdk-api:jar:2025.11.23482.20251120T200914Z-251200
com.adobe.fontengine.font                                              0    0.0.0     com.adobe.aem:aem-sdk-api:jar:2025.11.23482.20251120T200914Z-251200
com.adobe.fontengine.font.cff                                          0    0.0.0     com.adobe.aem:aem-sdk-api:jar:2025.11.23482.20251120T200914Z-251200
com.adobe.fontengine.font.mac                                          0    0.0.0     com.adobe.aem:aem-sdk-api:jar:2025.11.23482.20251120T200914Z-251200
com.adobe.fontengine.font.opentype                                     0    0.0.0     com.adobe.aem:aem-sdk-api:jar:2025.11.23482.20251120T200914Z-251200
com.adobe.fontengine.font.pdffont                                      0    0.0.0     com.adobe.aem:aem-sdk-api:jar:2025.11.23482.20251120T200914Z-251200
com.adobe.fontengine.font.postscript                                   0    0.0.0     com.adobe.aem:aem-sdk-api:jar:2025.11.23482.20251120T200914Z-251200
com.adobe.fontengine.font.type1                                        0    0.0.0     com.adobe.aem:aem-sdk-api:jar:2025.11.23482.20251120T200914Z-251200
com.adobe.fontengine.fontmanagement                                    0    0.0.0     com.adobe.aem:aem-sdk-api:jar:2025.11.23482.20251120T200914Z-251200
com.adobe.fontengine.fontmanagement.fxg                                0    0.0.0     com.adobe.aem:aem-sdk-api:jar:2025.11.23482.20251120T200914Z-251200
com.adobe.fontengine.fontmanagement.platform                           0    0.0.0     com.adobe.aem:aem-sdk-api:jar:2025.11.23482.20251120T200914Z-251200
com.adobe.fontengine.fontmanagement.postscript                         0    0.0.0     com.adobe.aem:aem-sdk-api:jar:2025.11.23482.20251120T200914Z-251200
com.adobe.fontengine.inlineformatting                                  0    0.0.0     com.adobe.aem:aem-sdk-api:jar:2025.11.23482.20251120T200914Z-251200
com.adobe.fontengine.inlineformatting.css20                            0    0.0.0     com.adobe.aem:aem-sdk-api:jar:2025.11.23482.20251120T200914Z-251200
com.adobe.fontengine.inlineformatting.infontformatting                 0    0.0.0     com.adobe.aem:aem-sdk-api:jar:2025.11.23482.20251120T200914Z-251200
com.adobe.fontengine.math                                              0    0.0.0     com.adobe.aem:aem-sdk-api:jar:2025.11.23482.20251120T200914Z-251200
com.adobe.granite.activitystreams                                      0    0.0.2     com.adobe.aem:aem-sdk-api:jar:2025.11.23482.20251120T200914Z-251200
com.adobe.granite.activitystreams.utils                                0    0.0.1     com.adobe.aem:aem-sdk-api:jar:2025.11.23482.20251120T200914Z-251200
com.adobe.granite.asset.api                                            0    1.8.0     com.adobe.aem:aem-sdk-api:jar:2025.11.23482.20251120T200914Z-251200
com.adobe.granite.auth.cert                                            0    1.0       com.adobe.aem:aem-sdk-api:jar:2025.11.23482.20251120T200914Z-251200
com.adobe.granite.auth.ims                                             0    1.3.0     com.adobe.aem:aem-sdk-api:jar:2025.11.23482.20251120T200914Z-251200
com.adobe.granite.auth.oauth                                           0    3.15.0    com.adobe.aem:aem-sdk-api:jar:2025.11.23482.20251120T200914Z-251200
com.adobe.granite.auth.saml.spi                                        0    2.0.0     com.adobe.aem:aem-sdk-api:jar:2025.11.23482.20251120T200914Z-251200
com.adobe.granite.cloudsettings                                        0    2.1.0     com.adobe.aem:aem-sdk-api:jar:2025.11.23482.20251120T200914Z-251200
com.adobe.granite.comments                                             0    2.1.9     com.adobe.aem:aem-sdk-api:jar:2025.11.23482.20251120T200914Z-251200
com.adobe.granite.confmgr                                              0    1.0.3     com.adobe.aem:aem-sdk-api:jar:2025.11.23482.20251120T200914Z-251200
com.adobe.granite.contexthub.api                                       0    9.1.0     com.adobe.aem:aem-sdk-api:jar:2025.11.23482.20251120T200914Z-251200
com.adobe.granite.contexthub.commons                                   0    0.1.28    com.adobe.aem:aem-sdk-api:jar:2025.11.23482.20251120T200914Z-251200
com.adobe.granite.contexthub.models                                    0    1.0.0     com.adobe.aem:aem-sdk-api:jar:2025.11.23482.20251120T200914Z-251200
com.adobe.granite.crypto                                               0    1.5.1     com.adobe.aem:aem-sdk-api:jar:2025.11.23482.20251120T200914Z-251200
com.adobe.granite.haf.annotations                                      0    3.7.0     com.adobe.aem:aem-sdk-api:jar:2025.11.23482.20251120T200914Z-251200
com.adobe.granite.haf.api                                              0    2.4.0     com.adobe.aem:aem-sdk-api:jar:2025.11.23482.20251120T200914Z-251200
com.adobe.granite.haf.converter.api                                    0    1.0.0     com.adobe.aem:aem-sdk-api:jar:2025.11.23482.20251120T200914Z-251200
com.adobe.granite.haf.converter.api.description                        0    1.0.0     com.adobe.aem:aem-sdk-api:jar:2025.11.23482.20251120T200914Z-251200
com.adobe.granite.haf.converter.platform.api                           0    1.0.0     com.adobe.aem:aem-sdk-api:jar:2025.11.23482.20251120T200914Z-251200
com.adobe.granite.httpcache.api                                        0    1.0.2     com.adobe.aem:aem-sdk-api:jar:2025.11.23482.20251120T200914Z-251200
com.adobe.granite.i18n                                                 0    1.0       com.adobe.aem:aem-sdk-api:jar:2025.11.23482.20251120T200914Z-251200
com.adobe.granite.jmx.annotation                                       0    1.0       com.adobe.aem:aem-sdk-api:jar:2025.11.23482.20251120T200914Z-251200
com.adobe.granite.keystore                                             0    3.2.1     com.adobe.aem:aem-sdk-api:jar:2025.11.23482.20251120T200914Z-251200
com.adobe.granite.license                                              0    1.1.3     com.adobe.aem:aem-sdk-api:jar:2025.11.23482.20251120T200914Z-251200
com.adobe.granite.logging                                              0    1.0.1     com.adobe.aem:aem-sdk-api:jar:2025.11.23482.20251120T200914Z-251200
com.adobe.granite.maintenance                                          0    1.4.0     com.adobe.aem:aem-sdk-api:jar:2025.11.23482.20251120T200914Z-251200
com.adobe.granite.oauth.jwt                                            0    1.1       com.adobe.aem:aem-sdk-api:jar:2025.11.23482.20251120T200914Z-251200
com.adobe.granite.oauth.server                                         0    1.1.1     com.adobe.aem:aem-sdk-api:jar:2025.11.23482.20251120T200914Z-251200
com.adobe.granite.omnisearch.api.core                                  0    1.2.0     com.adobe.aem:aem-sdk-api:jar:2025.11.23482.20251120T200914Z-251200
com.adobe.granite.omnisearch.api.suggestion                            0    1.1.0     com.adobe.aem:aem-sdk-api:jar:2025.11.23482.20251120T200914Z-251200
com.adobe.granite.omnisearch.commons                                   0    1.4.0     com.adobe.aem:aem-sdk-api:jar:2025.11.23482.20251120T200914Z-251200
com.adobe.granite.omnisearch.spi.core                                  0    1.1.0     com.adobe.aem:aem-sdk-api:jar:2025.11.23482.20251120T200914Z-251200
com.adobe.granite.operations                                           0    1.2.0     com.adobe.aem:aem-sdk-api:jar:2025.11.23482.20251120T200914Z-251200
com.adobe.granite.optout.api                                           0    1.0.0     com.adobe.aem:aem-sdk-api:jar:2025.11.23482.20251120T200914Z-251200
com.adobe.granite.references                                           0    1.1.2     com.adobe.aem:aem-sdk-api:jar:2025.11.23482.20251120T200914Z-251200
com.adobe.granite.replication.treeactivation                           0    0.1.0     com.adobe.aem:aem-sdk-api:jar:2025.11.23482.20251120T200914Z-251200
com.adobe.granite.requests.logging.api                                 0    2.0.2     com.adobe.aem:aem-sdk-api:jar:2025.11.23482.20251120T200914Z-251200
com.adobe.granite.resourcestatus                                       0    1.0.0     com.adobe.aem:aem-sdk-api:jar:2025.11.23482.20251120T200914Z-251200
com.adobe.granite.rest                                                 0    2.4.0     com.adobe.aem:aem-sdk-api:jar:2025.11.23482.20251120T200914Z-251200
com.adobe.granite.rest.converter                                       0    1.3.1     com.adobe.aem:aem-sdk-api:jar:2025.11.23482.20251120T200914Z-251200
com.adobe.granite.rest.converter.siren                                 0    1.3.0     com.adobe.aem:aem-sdk-api:jar:2025.11.23482.20251120T200914Z-251200
com.adobe.granite.rest.filter                                          0    1.0.1     com.adobe.aem:aem-sdk-api:jar:2025.11.23482.20251120T200914Z-251200
com.adobe.granite.rest.query                                           0    1.0.1     com.adobe.aem:aem-sdk-api:jar:2025.11.23482.20251120T200914Z-251200
com.adobe.granite.rest.utils                                           0    1.3.0     com.adobe.aem:aem-sdk-api:jar:2025.11.23482.20251120T200914Z-251200
com.adobe.granite.security.user                                        0    1.11.0    com.adobe.aem:aem-sdk-api:jar:2025.11.23482.20251120T200914Z-251200
com.adobe.granite.security.user.util                                   0    1.3.0     com.adobe.aem:aem-sdk-api:jar:2025.11.23482.20251120T200914Z-251200
com.adobe.granite.socialgraph                                          0    0.0.2     com.adobe.aem:aem-sdk-api:jar:2025.11.23482.20251120T200914Z-251200
com.adobe.granite.taskmanagement                                       0    1.3.0     com.adobe.aem:aem-sdk-api:jar:2025.11.23482.20251120T200914Z-251200
com.adobe.granite.threaddump                                           0    1.0.2     com.adobe.aem:aem-sdk-api:jar:2025.11.23482.20251120T200914Z-251200
com.adobe.granite.timeline                                             0    1.0       com.adobe.aem:aem-sdk-api:jar:2025.11.23482.20251120T200914Z-251200
com.adobe.granite.timeline.types                                       0    2.1.1     com.adobe.aem:aem-sdk-api:jar:2025.11.23482.20251120T200914Z-251200
com.adobe.granite.translation.api                                      0    2.5.1     com.adobe.aem:aem-sdk-api:jar:2025.11.23482.20251120T200914Z-251200
com.adobe.granite.translation.api.xliff                                0    1.0.1     com.adobe.aem:aem-sdk-api:jar:2025.11.23482.20251120T200914Z-251200
com.adobe.granite.translation.connector.msft.core                      0    1.1.0     com.adobe.aem:aem-sdk-api:jar:2025.11.23482.20251120T200914Z-251200
com.adobe.granite.translation.connector.msft.core.ui.models            0    1.4.18    com.adobe.aem:aem-sdk-api:jar:2025.11.23482.20251120T200914Z-251200
com.adobe.granite.translation.connector.msft.core.ui.utils             0    1.4.18    com.adobe.aem:aem-sdk-api:jar:2025.11.23482.20251120T200914Z-251200
com.adobe.granite.translation.core                                     0    1.4.0     com.adobe.aem:aem-sdk-api:jar:2025.11.23482.20251120T200914Z-251200
com.adobe.granite.translation.core.common                              0    2.0.0     com.adobe.aem:aem-sdk-api:jar:2025.11.23482.20251120T200914Z-251200
com.adobe.granite.ui.clientlibs                                        0    1.4.0     com.adobe.aem:aem-sdk-api:jar:2025.11.23482.20251120T200914Z-251200
com.adobe.granite.ui.clientlibs.script                                 0    1.2.1     com.adobe.aem:aem-sdk-api:jar:2025.11.23482.20251120T200914Z-251200
com.adobe.granite.ui.components                                        0    1.23.0    com.adobe.aem:aem-sdk-api:jar:2025.11.23482.20251120T200914Z-251200
com.adobe.granite.ui.components.ds                                     0    1.3.0     com.adobe.aem:aem-sdk-api:jar:2025.11.23482.20251120T200914Z-251200
com.adobe.granite.ui.components.formbuilder                            0    1.1.1     com.adobe.aem:aem-sdk-api:jar:2025.11.23482.20251120T200914Z-251200
com.adobe.granite.ui.components.htl                                    0    1.2.0     com.adobe.aem:aem-sdk-api:jar:2025.11.23482.20251120T200914Z-251200
com.adobe.granite.ui.components.rendercondition                        0    1.2.1     com.adobe.aem:aem-sdk-api:jar:2025.11.23482.20251120T200914Z-251200
com.adobe.granite.ui.tags                                              0    1.0.0     com.adobe.aem:aem-sdk-api:jar:2025.11.23482.20251120T200914Z-251200
com.adobe.granite.workflow                                             0    1.2.0     com.adobe.aem:aem-sdk-api:jar:2025.11.23482.20251120T200914Z-251200
com.adobe.granite.workflow.collection                                  0    1.2.0     com.adobe.aem:aem-sdk-api:jar:2025.11.23482.20251120T200914Z-251200
com.adobe.granite.workflow.collection.util                             0    1.0       com.adobe.aem:aem-sdk-api:jar:2025.11.23482.20251120T200914Z-251200
com.adobe.granite.workflow.core.event                                  0    2.1.0     com.adobe.aem:aem-sdk-api:jar:2025.11.23482.20251120T200914Z-251200
com.adobe.granite.workflow.core.purge                                  0    1.0       com.adobe.aem:aem-sdk-api:jar:2025.11.23482.20251120T200914Z-251200
com.adobe.granite.workflow.event                                       0    1.1.0     com.adobe.aem:aem-sdk-api:jar:2025.11.23482.20251120T200914Z-251200
com.adobe.granite.workflow.exec                                        0    1.2.1     com.adobe.aem:aem-sdk-api:jar:2025.11.23482.20251120T200914Z-251200
com.adobe.granite.workflow.exec.filter                                 0    1.1.0     com.adobe.aem:aem-sdk-api:jar:2025.11.23482.20251120T200914Z-251200
com.adobe.granite.workflow.job                                         0    1.0       com.adobe.aem:aem-sdk-api:jar:2025.11.23482.20251120T200914Z-251200
com.adobe.granite.workflow.launcher                                    0    1.1.1     com.adobe.aem:aem-sdk-api:jar:2025.11.23482.20251120T200914Z-251200
com.adobe.granite.workflow.metadata                                    0    1.0       com.adobe.aem:aem-sdk-api:jar:2025.11.23482.20251120T200914Z-251200
com.adobe.granite.workflow.metadata.storage                            0    1.0.0     com.adobe.aem:aem-sdk-api:jar:2025.11.23482.20251120T200914Z-251200
com.adobe.granite.workflow.metadata.storage.service                    0    1.0.0     com.adobe.aem:aem-sdk-api:jar:2025.11.23482.20251120T200914Z-251200
com.adobe.granite.workflow.model                                       0    1.2.0     com.adobe.aem:aem-sdk-api:jar:2025.11.23482.20251120T200914Z-251200
com.adobe.granite.workflow.payload                                     0    1.0.1     com.adobe.aem:aem-sdk-api:jar:2025.11.23482.20251120T200914Z-251200
com.adobe.granite.workflow.rule                                        0    1.0       com.adobe.aem:aem-sdk-api:jar:2025.11.23482.20251120T200914Z-251200
com.adobe.granite.workflow.serialization                               0    1.0       com.adobe.aem:aem-sdk-api:jar:2025.11.23482.20251120T200914Z-251200
com.adobe.granite.workflow.status                                      0    1.0       com.adobe.aem:aem-sdk-api:jar:2025.11.23482.20251120T200914Z-251200
com.adobe.granite.xss                                                  0    1.1.0     com.adobe.aem:aem-sdk-api:jar:2025.11.23482.20251120T200914Z-251200
com.adobe.internal.io                                                  0    0.0.0     com.adobe.aem:aem-sdk-api:jar:2025.11.23482.20251120T200914Z-251200
com.adobe.internal.io.stream                                           0    0.0.0     com.adobe.aem:aem-sdk-api:jar:2025.11.23482.20251120T200914Z-251200
com.adobe.internal.mac.resource                                        0    0.0.0     com.adobe.aem:aem-sdk-api:jar:2025.11.23482.20251120T200914Z-251200
com.adobe.internal.pdftoolkit.core.cos                                 0    0.0.0     com.adobe.aem:aem-sdk-api:jar:2025.11.23482.20251120T200914Z-251200
com.adobe.internal.pdftoolkit.core.credentials                         0    0.0.0     com.adobe.aem:aem-sdk-api:jar:2025.11.23482.20251120T200914Z-251200
com.adobe.internal.pdftoolkit.core.credentials.impl                    0    0.0.0     com.adobe.aem:aem-sdk-api:jar:2025.11.23482.20251120T200914Z-251200
com.adobe.internal.pdftoolkit.core.credentials.impl.utils              0    0.0.0     com.adobe.aem:aem-sdk-api:jar:2025.11.23482.20251120T200914Z-251200
com.adobe.internal.pdftoolkit.core.exceptions                          0    0.0.0     com.adobe.aem:aem-sdk-api:jar:2025.11.23482.20251120T200914Z-251200
com.adobe.internal.pdftoolkit.core.filter                              0    0.0.0     com.adobe.aem:aem-sdk-api:jar:2025.11.23482.20251120T200914Z-251200
com.adobe.internal.pdftoolkit.core.filter.spi                          0    0.0.0     com.adobe.aem:aem-sdk-api:jar:2025.11.23482.20251120T200914Z-251200
com.adobe.internal.pdftoolkit.core.fontset                             0    0.0.0     com.adobe.aem:aem-sdk-api:jar:2025.11.23482.20251120T200914Z-251200
com.adobe.internal.pdftoolkit.core.fontset.impl                        0    0.0.0     com.adobe.aem:aem-sdk-api:jar:2025.11.23482.20251120T200914Z-251200
com.adobe.internal.pdftoolkit.core.permissionprovider                  0    0.0.0     com.adobe.aem:aem-sdk-api:jar:2025.11.23482.20251120T200914Z-251200
com.adobe.internal.pdftoolkit.core.securityframework                   0    0.0.0     com.adobe.aem:aem-sdk-api:jar:2025.11.23482.20251120T200914Z-251200
com.adobe.internal.pdftoolkit.core.securityframework.impl              0    0.0.0     com.adobe.aem:aem-sdk-api:jar:2025.11.23482.20251120T200914Z-251200
com.adobe.internal.pdftoolkit.core.securityframework.pki               0    0.0.0     com.adobe.aem:aem-sdk-api:jar:2025.11.23482.20251120T200914Z-251200
com.adobe.internal.pdftoolkit.core.types                               0    0.0.0     com.adobe.aem:aem-sdk-api:jar:2025.11.23482.20251120T200914Z-251200
com.adobe.internal.pdftoolkit.core.util                                0    0.0.0     com.adobe.aem:aem-sdk-api:jar:2025.11.23482.20251120T200914Z-251200
com.adobe.internal.util                                                0    0.0.0     com.adobe.aem:aem-sdk-api:jar:2025.11.23482.20251120T200914Z-251200
com.adobe.internal.xmp                                                 0    6.2.6     com.adobe.aem:aem-sdk-api:jar:2025.11.23482.20251120T200914Z-251200
com.adobe.internal.xmp.options                                         0    6.2.6     com.adobe.aem:aem-sdk-api:jar:2025.11.23482.20251120T200914Z-251200
com.adobe.internal.xmp.properties                                      0    6.2.6     com.adobe.aem:aem-sdk-api:jar:2025.11.23482.20251120T200914Z-251200
com.adobe.reef.siren                                                   0    1.0.0     com.adobe.aem:aem-sdk-api:jar:2025.11.23482.20251120T200914Z-251200
com.adobe.reef.siren.builder                                           0    1.0.4     com.adobe.aem:aem-sdk-api:jar:2025.11.23482.20251120T200914Z-251200
com.adobe.reef.siren.converter                                         0    1.0.4     com.adobe.aem:aem-sdk-api:jar:2025.11.23482.20251120T200914Z-251200
com.adobe.versioncue.nativecomm                                        0    2.0.8     com.adobe.aem:aem-sdk-api:jar:2025.11.23482.20251120T200914Z-251200
com.adobe.versioncue.nativecomm.hook                                   0    2.0.8     com.adobe.aem:aem-sdk-api:jar:2025.11.23482.20251120T200914Z-251200
com.adobe.versioncue.nativecomm.host                                   0    2.0.8     com.adobe.aem:aem-sdk-api:jar:2025.11.23482.20251120T200914Z-251200
com.adobe.versioncue.nativecomm.io                                     0    2.0.8     com.adobe.aem:aem-sdk-api:jar:2025.11.23482.20251120T200914Z-251200
com.adobe.versioncue.nativecomm.msg                                    0    2.0.8     com.adobe.aem:aem-sdk-api:jar:2025.11.23482.20251120T200914Z-251200
com.adobe.xfa                                                          0    0.0.0     com.adobe.aem:aem-sdk-api:jar:2025.11.23482.20251120T200914Z-251200
com.adobe.xfa.agent                                                    0    0.0.0     com.adobe.aem:aem-sdk-api:jar:2025.11.23482.20251120T200914Z-251200
com.adobe.xfa.agent.formprocessor                                      0    0.0.0     com.adobe.aem:aem-sdk-api:jar:2025.11.23482.20251120T200914Z-251200
com.adobe.xfa.configuration                                            0    0.0.0     com.adobe.aem:aem-sdk-api:jar:2025.11.23482.20251120T200914Z-251200
com.adobe.xfa.connectionset                                            0    0.0.0     com.adobe.aem:aem-sdk-api:jar:2025.11.23482.20251120T200914Z-251200
com.adobe.xfa.connectionset.proxies                                    0    0.0.0     com.adobe.aem:aem-sdk-api:jar:2025.11.23482.20251120T200914Z-251200
com.adobe.xfa.content                                                  0    0.0.0     com.adobe.aem:aem-sdk-api:jar:2025.11.23482.20251120T200914Z-251200
com.adobe.xfa.data                                                     0    0.0.0     com.adobe.aem:aem-sdk-api:jar:2025.11.23482.20251120T200914Z-251200
com.adobe.xfa.dom                                                      0    0.0.0     com.adobe.aem:aem-sdk-api:jar:2025.11.23482.20251120T200914Z-251200
com.adobe.xfa.font                                                     0    0.0.0     com.adobe.aem:aem-sdk-api:jar:2025.11.23482.20251120T200914Z-251200
com.adobe.xfa.form                                                     0    0.0.0     com.adobe.aem:aem-sdk-api:jar:2025.11.23482.20251120T200914Z-251200
com.adobe.xfa.formcalc                                                 0    0.0.0     com.adobe.aem:aem-sdk-api:jar:2025.11.23482.20251120T200914Z-251200
com.adobe.xfa.gfx                                                      0    0.0.0     com.adobe.aem:aem-sdk-api:jar:2025.11.23482.20251120T200914Z-251200
com.adobe.xfa.layout                                                   0    0.0.0     com.adobe.aem:aem-sdk-api:jar:2025.11.23482.20251120T200914Z-251200
com.adobe.xfa.localeset                                                0    0.0.0     com.adobe.aem:aem-sdk-api:jar:2025.11.23482.20251120T200914Z-251200
com.adobe.xfa.pmp.adobepdf417pmp                                       0    0.0.0     com.adobe.aem:aem-sdk-api:jar:2025.11.23482.20251120T200914Z-251200
com.adobe.xfa.pmp.common                                               0    0.0.0     com.adobe.aem:aem-sdk-api:jar:2025.11.23482.20251120T200914Z-251200
com.adobe.xfa.pmp.datamatrixpmp                                        0    0.0.0     com.adobe.aem:aem-sdk-api:jar:2025.11.23482.20251120T200914Z-251200
com.adobe.xfa.pmp.datamatrixpmp.matrix                                 0    0.0.0     com.adobe.aem:aem-sdk-api:jar:2025.11.23482.20251120T200914Z-251200
com.adobe.xfa.pmp.qrcodepmp                                            0    0.0.0     com.adobe.aem:aem-sdk-api:jar:2025.11.23482.20251120T200914Z-251200
com.adobe.xfa.pmp.qrcodepmp.denso                                      0    0.0.0     com.adobe.aem:aem-sdk-api:jar:2025.11.23482.20251120T200914Z-251200
com.adobe.xfa.protocol                                                 0    0.0.0     com.adobe.aem:aem-sdk-api:jar:2025.11.23482.20251120T200914Z-251200
com.adobe.xfa.scripthandler.formcalc                                   0    0.0.0     com.adobe.aem:aem-sdk-api:jar:2025.11.23482.20251120T200914Z-251200
com.adobe.xfa.scripthandler.rhino                                      0    0.0.0     com.adobe.aem:aem-sdk-api:jar:2025.11.23482.20251120T200914Z-251200
com.adobe.xfa.service                                                  0    0.0.0     com.adobe.aem:aem-sdk-api:jar:2025.11.23482.20251120T200914Z-251200
com.adobe.xfa.service.canonicalize                                     0    0.0.0     com.adobe.aem:aem-sdk-api:jar:2025.11.23482.20251120T200914Z-251200
com.adobe.xfa.service.href                                             0    0.0.0     com.adobe.aem:aem-sdk-api:jar:2025.11.23482.20251120T200914Z-251200
com.adobe.xfa.service.image                                            0    0.0.0     com.adobe.aem:aem-sdk-api:jar:2025.11.23482.20251120T200914Z-251200
com.adobe.xfa.service.renderer                                         0    0.0.0     com.adobe.aem:aem-sdk-api:jar:2025.11.23482.20251120T200914Z-251200
com.adobe.xfa.service.storage                                          0    0.0.0     com.adobe.aem:aem-sdk-api:jar:2025.11.23482.20251120T200914Z-251200
com.adobe.xfa.soap                                                     0    0.0.0     com.adobe.aem:aem-sdk-api:jar:2025.11.23482.20251120T200914Z-251200
com.adobe.xfa.svg                                                      0    0.0.0     com.adobe.aem:aem-sdk-api:jar:2025.11.23482.20251120T200914Z-251200
com.adobe.xfa.template                                                 0    0.0.0     com.adobe.aem:aem-sdk-api:jar:2025.11.23482.20251120T200914Z-251200
com.adobe.xfa.template.automation                                      0    0.0.0     com.adobe.aem:aem-sdk-api:jar:2025.11.23482.20251120T200914Z-251200
com.adobe.xfa.template.binding                                         0    0.0.0     com.adobe.aem:aem-sdk-api:jar:2025.11.23482.20251120T200914Z-251200
com.adobe.xfa.template.containers                                      0    0.0.0     com.adobe.aem:aem-sdk-api:jar:2025.11.23482.20251120T200914Z-251200
com.adobe.xfa.template.formatting                                      0    0.0.0     com.adobe.aem:aem-sdk-api:jar:2025.11.23482.20251120T200914Z-251200
com.adobe.xfa.template.sequencing                                      0    0.0.0     com.adobe.aem:aem-sdk-api:jar:2025.11.23482.20251120T200914Z-251200
com.adobe.xfa.template.ui                                              0    0.0.0     com.adobe.aem:aem-sdk-api:jar:2025.11.23482.20251120T200914Z-251200
com.adobe.xfa.text                                                     0    0.0.0     com.adobe.aem:aem-sdk-api:jar:2025.11.23482.20251120T200914Z-251200
com.adobe.xfa.text.markup                                              0    0.0.0     com.adobe.aem:aem-sdk-api:jar:2025.11.23482.20251120T200914Z-251200
com.adobe.xfa.ut                                                       0    0.0.0     com.adobe.aem:aem-sdk-api:jar:2025.11.23482.20251120T200914Z-251200
com.adobe.xfa.ut.lcdata                                                0    0.0.0     com.adobe.aem:aem-sdk-api:jar:2025.11.23482.20251120T200914Z-251200
com.adobe.xfa.ut.trace                                                 0    0.0.0     com.adobe.aem:aem-sdk-api:jar:2025.11.23482.20251120T200914Z-251200
com.adobe.xfa.wsdl                                                     0    0.0.0     com.adobe.aem:aem-sdk-api:jar:2025.11.23482.20251120T200914Z-251200
com.adobe.xfa.wspolicy                                                 0    0.0.0     com.adobe.aem:aem-sdk-api:jar:2025.11.23482.20251120T200914Z-251200
com.adobe.xfa.xmp                                                      0    0.0.0     com.adobe.aem:aem-sdk-api:jar:2025.11.23482.20251120T200914Z-251200
com.adobe.xmp                                                          0    1.0       com.adobe.aem:aem-sdk-api:jar:2025.11.23482.20251120T200914Z-251200
com.adobe.xmp.core                                                     0    0.0.1     com.adobe.aem:aem-sdk-api:jar:2025.11.23482.20251120T200914Z-251200
com.adobe.xmp.core.namespace                                           0    0.0.1     com.adobe.aem:aem-sdk-api:jar:2025.11.23482.20251120T200914Z-251200
com.adobe.xmp.core.parser                                              0    0.0.1     com.adobe.aem:aem-sdk-api:jar:2025.11.23482.20251120T200914Z-251200
com.adobe.xmp.core.serializer                                          0    0.0.1     com.adobe.aem:aem-sdk-api:jar:2025.11.23482.20251120T200914Z-251200
com.adobe.xmp.options                                                  0    1.0       com.adobe.aem:aem-sdk-api:jar:2025.11.23482.20251120T200914Z-251200
com.adobe.xmp.path                                                     0    0.0.1     com.adobe.aem:aem-sdk-api:jar:2025.11.23482.20251120T200914Z-251200
com.adobe.xmp.properties                                               0    1.0       com.adobe.aem:aem-sdk-api:jar:2025.11.23482.20251120T200914Z-251200
com.adobe.xmp.schema.model                                             0    0.0.0     com.adobe.aem:aem-sdk-api:jar:2025.11.23482.20251120T200914Z-251200
com.adobe.xmp.schema.model.rules                                       0    0.0.0     com.adobe.aem:aem-sdk-api:jar:2025.11.23482.20251120T200914Z-251200
com.adobe.xmp.schema.rng.model                                         0    0.0.0     com.adobe.aem:aem-sdk-api:jar:2025.11.23482.20251120T200914Z-251200
com.adobe.xmp.schema.rng.parser                                        0    0.0.0     com.adobe.aem:aem-sdk-api:jar:2025.11.23482.20251120T200914Z-251200
com.adobe.xmp.schema.rng.parser.exceptions                             0    0.0.0     com.adobe.aem:aem-sdk-api:jar:2025.11.23482.20251120T200914Z-251200
com.adobe.xmp.schema.service                                           0    0.0.0     com.adobe.aem:aem-sdk-api:jar:2025.11.23482.20251120T200914Z-251200
com.day.commons.datasource.poolservice                                 0    1.1       com.adobe.aem:aem-sdk-api:jar:2025.11.23482.20251120T200914Z-251200
com.day.cq.analytics                                                   0    6.0.0     com.adobe.aem:aem-sdk-api:jar:2025.11.23482.20251120T200914Z-251200
com.day.cq.analytics.sitecatalyst                                      0    7.1.0     com.adobe.aem:aem-sdk-api:jar:2025.11.23482.20251120T200914Z-251200
com.day.cq.analytics.sitecatalyst.common                               0    5.7.1     com.adobe.aem:aem-sdk-api:jar:2025.11.23482.20251120T200914Z-251200
com.day.cq.analytics.sitecatalyst.datainsertion                        0    5.7.1     com.adobe.aem:aem-sdk-api:jar:2025.11.23482.20251120T200914Z-251200
com.day.cq.analytics.sitecatalyst.util                                 0    5.8.0     com.adobe.aem:aem-sdk-api:jar:2025.11.23482.20251120T200914Z-251200
com.day.cq.analytics.testandtarget                                     0    6.13.0    com.adobe.aem:aem-sdk-api:jar:2025.11.23482.20251120T200914Z-251200
com.day.cq.analytics.testandtarget.mac                                 0    1.1.1     com.adobe.aem:aem-sdk-api:jar:2025.11.23482.20251120T200914Z-251200
com.day.cq.analytics.testandtarget.util                                0    5.15.0    com.adobe.aem:aem-sdk-api:jar:2025.11.23482.20251120T200914Z-251200
com.day.cq.analytics.testandtarget.workspaces                          0    1.5.0     com.adobe.aem:aem-sdk-api:jar:2025.11.23482.20251120T200914Z-251200
com.day.cq.audit                                                       0    3.1.0     com.adobe.aem:aem-sdk-api:jar:2025.11.23482.20251120T200914Z-251200
com.day.cq.commons                                                     0    6.0       com.adobe.aem:aem-sdk-api:jar:2025.11.23482.20251120T200914Z-251200
com.day.cq.commons.date                                                0    5.7       com.adobe.aem:aem-sdk-api:jar:2025.11.23482.20251120T200914Z-251200
com.day.cq.commons.feed                                                0    5.7       com.adobe.aem:aem-sdk-api:jar:2025.11.23482.20251120T200914Z-251200
com.day.cq.commons.folderpreview                                       0    5.13.4    com.adobe.aem:aem-sdk-api:jar:2025.11.23482.20251120T200914Z-251200
com.day.cq.commons.inherit                                             0    5.7       com.adobe.aem:aem-sdk-api:jar:2025.11.23482.20251120T200914Z-251200
com.day.cq.commons.jcr                                                 0    6.0.0     com.adobe.aem:aem-sdk-api:jar:2025.11.23482.20251120T200914Z-251200
com.day.cq.commons.mail                                                0    5.8       com.adobe.aem:aem-sdk-api:jar:2025.11.23482.20251120T200914Z-251200
com.day.cq.commons.predicate                                           0    5.9       com.adobe.aem:aem-sdk-api:jar:2025.11.23482.20251120T200914Z-251200
com.day.cq.commons.predicates                                          0    1.0       com.adobe.aem:aem-sdk-api:jar:2025.11.23482.20251120T200914Z-251200
com.day.cq.commons.predicates.servlets                                 0    1.0.1     com.adobe.aem:aem-sdk-api:jar:2025.11.23482.20251120T200914Z-251200
com.day.cq.commons.servlets                                            0    5.12      com.adobe.aem:aem-sdk-api:jar:2025.11.23482.20251120T200914Z-251200
com.day.cq.commons.thumbnail                                           0    5.8       com.adobe.aem:aem-sdk-api:jar:2025.11.23482.20251120T200914Z-251200
com.day.cq.connector                                                   0    1.0       com.adobe.aem:aem-sdk-api:jar:2025.11.23482.20251120T200914Z-251200
com.day.cq.contentsync                                                 0    1.3       com.adobe.aem:aem-sdk-api:jar:2025.11.23482.20251120T200914Z-251200
com.day.cq.contentsync.config                                          0    1.1       com.adobe.aem:aem-sdk-api:jar:2025.11.23482.20251120T200914Z-251200
com.day.cq.contentsync.handler                                         0    1.5       com.adobe.aem:aem-sdk-api:jar:2025.11.23482.20251120T200914Z-251200
com.day.cq.contentsync.handler.util                                    0    1.1       com.adobe.aem:aem-sdk-api:jar:2025.11.23482.20251120T200914Z-251200
com.day.cq.dam.api                                                     0    1.37.1    com.adobe.aem:aem-sdk-api:jar:2025.11.23482.20251120T200914Z-251200
com.day.cq.dam.api.cache                                               0    1.1       com.adobe.aem:aem-sdk-api:jar:2025.11.23482.20251120T200914Z-251200
com.day.cq.dam.api.checkout                                            0    1.1.0     com.adobe.aem:aem-sdk-api:jar:2025.11.23482.20251120T200914Z-251200
com.day.cq.dam.api.collection                                          0    1.1       com.adobe.aem:aem-sdk-api:jar:2025.11.23482.20251120T200914Z-251200
com.day.cq.dam.api.handler                                             0    2.0.0     com.adobe.aem:aem-sdk-api:jar:2025.11.23482.20251120T200914Z-251200
com.day.cq.dam.api.handler.store                                       0    1.1       com.adobe.aem:aem-sdk-api:jar:2025.11.23482.20251120T200914Z-251200
com.day.cq.dam.api.handler.xmp                                         0    1.2       com.adobe.aem:aem-sdk-api:jar:2025.11.23482.20251120T200914Z-251200
com.day.cq.dam.api.jobs                                                0    2.5.0     com.adobe.aem:aem-sdk-api:jar:2025.11.23482.20251120T200914Z-251200
com.day.cq.dam.api.lightbox                                            0    1.1       com.adobe.aem:aem-sdk-api:jar:2025.11.23482.20251120T200914Z-251200
com.day.cq.dam.api.metadata                                            0    1.2       com.adobe.aem:aem-sdk-api:jar:2025.11.23482.20251120T200914Z-251200
com.day.cq.dam.api.metadata.xmp                                        0    1.1       com.adobe.aem:aem-sdk-api:jar:2025.11.23482.20251120T200914Z-251200
com.day.cq.dam.api.renditions                                          0    1.3       com.adobe.aem:aem-sdk-api:jar:2025.11.23482.20251120T200914Z-251200
com.day.cq.dam.api.s7dam.config                                        0    2.4.0     com.adobe.aem:aem-sdk-api:jar:2025.11.23482.20251120T200914Z-251200
com.day.cq.dam.api.s7dam.constants                                     0    1.9.0     com.adobe.aem:aem-sdk-api:jar:2025.11.23482.20251120T200914Z-251200
com.day.cq.dam.api.s7dam.scene7                                        0    1.3.0     com.adobe.aem:aem-sdk-api:jar:2025.11.23482.20251120T200914Z-251200
com.day.cq.dam.api.s7dam.set                                           0    2.2.0     com.adobe.aem:aem-sdk-api:jar:2025.11.23482.20251120T200914Z-251200
com.day.cq.dam.api.s7dam.utils                                         0    4.6.0     com.adobe.aem:aem-sdk-api:jar:2025.11.23482.20251120T200914Z-251200
com.day.cq.dam.api.smartcrop                                           0    1.0.0     com.adobe.aem:aem-sdk-api:jar:2025.11.23482.20251120T200914Z-251200
com.day.cq.dam.api.thumbnail                                           0    1.2       com.adobe.aem:aem-sdk-api:jar:2025.11.23482.20251120T200914Z-251200
com.day.cq.dam.api.timeline.types                                      0    1.1       com.adobe.aem:aem-sdk-api:jar:2025.11.23482.20251120T200914Z-251200
com.day.cq.dam.api.ui.editor.metadata                                  0    1.0       com.adobe.aem:aem-sdk-api:jar:2025.11.23482.20251120T200914Z-251200
com.day.cq.dam.api.ui.preview                                          0    1.0.0     com.adobe.aem:aem-sdk-api:jar:2025.11.23482.20251120T200914Z-251200
com.day.cq.dam.commons.handler                                         0    2.2.0     com.adobe.aem:aem-sdk-api:jar:2025.11.23482.20251120T200914Z-251200
com.day.cq.dam.commons.metadata                                        0    1.7.0     com.adobe.aem:aem-sdk-api:jar:2025.11.23482.20251120T200914Z-251200
com.day.cq.dam.commons.preset                                          0    1.0       com.adobe.aem:aem-sdk-api:jar:2025.11.23482.20251120T200914Z-251200
com.day.cq.dam.commons.process                                         0    3.2.0     com.adobe.aem:aem-sdk-api:jar:2025.11.23482.20251120T200914Z-251200
com.day.cq.dam.commons.proxy                                           0    3.0.0     com.adobe.aem:aem-sdk-api:jar:2025.11.23482.20251120T200914Z-251200
com.day.cq.dam.commons.sort                                            0    1.1.0     com.adobe.aem:aem-sdk-api:jar:2025.11.23482.20251120T200914Z-251200
com.day.cq.dam.commons.thumbnail                                       0    2.0.0     com.adobe.aem:aem-sdk-api:jar:2025.11.23482.20251120T200914Z-251200
com.day.cq.dam.commons.thumbnail.provider                              0    1.2       com.adobe.aem:aem-sdk-api:jar:2025.11.23482.20251120T200914Z-251200
com.day.cq.dam.commons.util                                            0    1.69.0    com.adobe.aem:aem-sdk-api:jar:2025.11.23482.20251120T200914Z-251200
com.day.cq.dam.commons.watermark                                       0    1.1       com.adobe.aem:aem-sdk-api:jar:2025.11.23482.20251120T200914Z-251200
com.day.cq.dam.commons.xml                                             0    2.1       com.adobe.aem:aem-sdk-api:jar:2025.11.23482.20251120T200914Z-251200
com.day.cq.dam.handler.ffmpeg                                          0    5.12.0    com.adobe.aem:aem-sdk-api:jar:2025.11.23482.20251120T200914Z-251200
com.day.cq.dam.handler.gibson.fontmanager                              0    5.8.2     com.adobe.aem:aem-sdk-api:jar:2025.11.23482.20251120T200914Z-251200
com.day.cq.dam.handler.standard                                        0    5.8.2     com.adobe.aem:aem-sdk-api:jar:2025.11.23482.20251120T200914Z-251200
com.day.cq.dam.handler.standard.helper.imageinfo                       0    5.8.2     com.adobe.aem:aem-sdk-api:jar:2025.11.23482.20251120T200914Z-251200
com.day.cq.dam.indd                                                    0    1.1       com.adobe.aem:aem-sdk-api:jar:2025.11.23482.20251120T200914Z-251200
com.day.cq.dam.performance.api                                         0    3.0       com.adobe.aem:aem-sdk-api:jar:2025.11.23482.20251120T200914Z-251200
com.day.cq.dam.scene7.api                                              0    12.36.0   com.adobe.aem:aem-sdk-api:jar:2025.11.23482.20251120T200914Z-251200
com.day.cq.dam.scene7.api.constants                                    0    2.19.0    com.adobe.aem:aem-sdk-api:jar:2025.11.23482.20251120T200914Z-251200
com.day.cq.dam.scene7.api.model                                        0    2.11.0    com.adobe.aem:aem-sdk-api:jar:2025.11.23482.20251120T200914Z-251200
com.day.cq.dam.usage.api                                               0    0.2       com.adobe.aem:aem-sdk-api:jar:2025.11.23482.20251120T200914Z-251200
com.day.cq.dam.video                                                   0    5.13.0    com.adobe.aem:aem-sdk-api:jar:2025.11.23482.20251120T200914Z-251200
com.day.cq.graphics                                                    0    1.0       com.adobe.aem:aem-sdk-api:jar:2025.11.23482.20251120T200914Z-251200
com.day.cq.graphics.chart                                              0    1.0       com.adobe.aem:aem-sdk-api:jar:2025.11.23482.20251120T200914Z-251200
com.day.cq.i18n                                                        0    5.4       com.adobe.aem:aem-sdk-api:jar:2025.11.23482.20251120T200914Z-251200
com.day.cq.mailer                                                      0    6.0.0     com.adobe.aem:aem-sdk-api:jar:2025.11.23482.20251120T200914Z-251200
com.day.cq.mailer.api.commons                                          0    1.0.0     com.adobe.aem:aem-sdk-api:jar:2025.11.23482.20251120T200914Z-251200
com.day.cq.mailer.commons                                              0    8.2.0     com.adobe.aem:aem-sdk-api:jar:2025.11.23482.20251120T200914Z-251200
com.day.cq.mailer.email                                                0    6.0       com.adobe.aem:aem-sdk-api:jar:2025.11.23482.20251120T200914Z-251200
com.day.cq.mcm.api                                                     0    6.0       com.adobe.aem:aem-sdk-api:jar:2025.11.23482.20251120T200914Z-251200
com.day.cq.mcm.api.newsletter                                          0    7.0       com.adobe.aem:aem-sdk-api:jar:2025.11.23482.20251120T200914Z-251200
com.day.cq.mcm.campaign                                                0    1.0.0     com.adobe.aem:aem-sdk-api:jar:2025.11.23482.20251120T200914Z-251200
com.day.cq.mcm.campaign.profile                                        0    1.0.0     com.adobe.aem:aem-sdk-api:jar:2025.11.23482.20251120T200914Z-251200
com.day.cq.mcm.emailprovider                                           0    1.1       com.adobe.aem:aem-sdk-api:jar:2025.11.23482.20251120T200914Z-251200
com.day.cq.mcm.emailprovider.types                                     0    1.1       com.adobe.aem:aem-sdk-api:jar:2025.11.23482.20251120T200914Z-251200
com.day.cq.notification.api                                            0    1.0.0     com.adobe.aem:aem-sdk-api:jar:2025.11.23482.20251120T200914Z-251200
com.day.cq.personalization                                             0    7.5.0     com.adobe.aem:aem-sdk-api:jar:2025.11.23482.20251120T200914Z-251200
com.day.cq.personalization.dto                                         0    1.0.2     com.adobe.aem:aem-sdk-api:jar:2025.11.23482.20251120T200914Z-251200
com.day.cq.personalization.offerlibrary.usebean                        0    7.0.0     com.adobe.aem:aem-sdk-api:jar:2025.11.23482.20251120T200914Z-251200
com.day.cq.personalization.tags                                        0    5.7       com.adobe.aem:aem-sdk-api:jar:2025.11.23482.20251120T200914Z-251200
com.day.cq.personalization.ui.groupedservicesselector                  0    1.2.1     com.adobe.aem:aem-sdk-api:jar:2025.11.23482.20251120T200914Z-251200
com.day.cq.personalization.ui.items                                    0    1.5.1     com.adobe.aem:aem-sdk-api:jar:2025.11.23482.20251120T200914Z-251200
com.day.cq.polling.importer                                            0    5.8.0     com.adobe.aem:aem-sdk-api:jar:2025.11.23482.20251120T200914Z-251200
com.day.cq.preferences                                                 0    1.0       com.adobe.aem:aem-sdk-api:jar:2025.11.23482.20251120T200914Z-251200
com.day.cq.replication                                                 0    6.14.0    com.adobe.aem:aem-sdk-api:jar:2025.11.23482.20251120T200914Z-251200
com.day.cq.reporting                                                   0    1.0       com.adobe.aem:aem-sdk-api:jar:2025.11.23482.20251120T200914Z-251200
com.day.cq.reporting.helpers                                           0    1.1.0     com.adobe.aem:aem-sdk-api:jar:2025.11.23482.20251120T200914Z-251200
com.day.cq.retriever                                                   0    1.0       com.adobe.aem:aem-sdk-api:jar:2025.11.23482.20251120T200914Z-251200
com.day.cq.rewriter.htmlparser                                         0    1.2.0     com.adobe.aem:aem-sdk-api:jar:2025.11.23482.20251120T200914Z-251200
com.day.cq.rewriter.linkchecker                                        0    1.1       com.adobe.aem:aem-sdk-api:jar:2025.11.23482.20251120T200914Z-251200
com.day.cq.rewriter.pipeline                                           0    1.1       com.adobe.aem:aem-sdk-api:jar:2025.11.23482.20251120T200914Z-251200
com.day.cq.rewriter.processor                                          0    1.0       com.adobe.aem:aem-sdk-api:jar:2025.11.23482.20251120T200914Z-251200
com.day.cq.search                                                      0    1.6.0     com.adobe.aem:aem-sdk-api:jar:2025.11.23482.20251120T200914Z-251200
com.day.cq.search.eval                                                 0    1.6.1     com.adobe.aem:aem-sdk-api:jar:2025.11.23482.20251120T200914Z-251200
com.day.cq.search.facets                                               0    1.0       com.adobe.aem:aem-sdk-api:jar:2025.11.23482.20251120T200914Z-251200
com.day.cq.search.facets.buckets                                       0    1.0       com.adobe.aem:aem-sdk-api:jar:2025.11.23482.20251120T200914Z-251200
com.day.cq.search.facets.extractors                                    0    1.0       com.adobe.aem:aem-sdk-api:jar:2025.11.23482.20251120T200914Z-251200
com.day.cq.search.result                                               0    1.2.0     com.adobe.aem:aem-sdk-api:jar:2025.11.23482.20251120T200914Z-251200
com.day.cq.search.suggest                                              0    1.1.0     com.adobe.aem:aem-sdk-api:jar:2025.11.23482.20251120T200914Z-251200
com.day.cq.search.suggest.builder                                      0    1.0.1     com.adobe.aem:aem-sdk-api:jar:2025.11.23482.20251120T200914Z-251200
com.day.cq.search.writer                                               0    1.0.1     com.adobe.aem:aem-sdk-api:jar:2025.11.23482.20251120T200914Z-251200
com.day.cq.security                                                    0    1.0       com.adobe.aem:aem-sdk-api:jar:2025.11.23482.20251120T200914Z-251200
com.day.cq.security.privileges                                         0    1.0       com.adobe.aem:aem-sdk-api:jar:2025.11.23482.20251120T200914Z-251200
com.day.cq.security.profile                                            0    1.0       com.adobe.aem:aem-sdk-api:jar:2025.11.23482.20251120T200914Z-251200
com.day.cq.security.resource                                           0    1.0       com.adobe.aem:aem-sdk-api:jar:2025.11.23482.20251120T200914Z-251200
com.day.cq.security.util                                               0    1.1       com.adobe.aem:aem-sdk-api:jar:2025.11.23482.20251120T200914Z-251200
com.day.cq.spellchecker                                                0    1.1       com.adobe.aem:aem-sdk-api:jar:2025.11.23482.20251120T200914Z-251200
com.day.cq.spellchecker.spi                                            0    2.0       com.adobe.aem:aem-sdk-api:jar:2025.11.23482.20251120T200914Z-251200
com.day.cq.statistics                                                  0    1.0       com.adobe.aem:aem-sdk-api:jar:2025.11.23482.20251120T200914Z-251200
com.day.cq.statistics.util                                             0    1.0       com.adobe.aem:aem-sdk-api:jar:2025.11.23482.20251120T200914Z-251200
com.day.cq.tagging                                                     0    5.9       com.adobe.aem:aem-sdk-api:jar:2025.11.23482.20251120T200914Z-251200
com.day.cq.wcm.api                                                     0    1.32.0    com.adobe.aem:aem-sdk-api:jar:2025.11.23482.20251120T200914Z-251200
com.day.cq.wcm.api.commands                                            0    5.11.0    com.adobe.aem:aem-sdk-api:jar:2025.11.23482.20251120T200914Z-251200
com.day.cq.wcm.api.components                                          0    5.8.1     com.adobe.aem:aem-sdk-api:jar:2025.11.23482.20251120T200914Z-251200
com.day.cq.wcm.api.constants                                           0    1.0.0     com.adobe.aem:aem-sdk-api:jar:2025.11.23482.20251120T200914Z-251200
com.day.cq.wcm.api.designer                                            0    5.9.1     com.adobe.aem:aem-sdk-api:jar:2025.11.23482.20251120T200914Z-251200
com.day.cq.wcm.api.devicedetection                                     0    5.7.1     com.adobe.aem:aem-sdk-api:jar:2025.11.23482.20251120T200914Z-251200
com.day.cq.wcm.api.msm                                                 0    5.7.1     com.adobe.aem:aem-sdk-api:jar:2025.11.23482.20251120T200914Z-251200
com.day.cq.wcm.api.policies                                            0    1.8.0     com.adobe.aem:aem-sdk-api:jar:2025.11.23482.20251120T200914Z-251200
com.day.cq.wcm.api.reference                                           0    1.2.0     com.adobe.aem:aem-sdk-api:jar:2025.11.23482.20251120T200914Z-251200
com.day.cq.wcm.api.variants                                            0    5.7.1     com.adobe.aem:aem-sdk-api:jar:2025.11.23482.20251120T200914Z-251200
com.day.cq.wcm.command.api                                             0    1.7.0     com.adobe.aem:aem-sdk-api:jar:2025.11.23482.20251120T200914Z-251200
com.day.cq.wcm.commons                                                 0    5.15.0    com.adobe.aem:aem-sdk-api:jar:2025.11.23482.20251120T200914Z-251200
com.day.cq.wcm.commons.policy                                          0    5.12.52   com.adobe.aem:aem-sdk-api:jar:2025.11.23482.20251120T200914Z-251200
com.day.cq.wcm.commons.status                                          0    1.0.1     com.adobe.aem:aem-sdk-api:jar:2025.11.23482.20251120T200914Z-251200
com.day.cq.wcm.contentsync                                             0    1.3       com.adobe.aem:aem-sdk-api:jar:2025.11.23482.20251120T200914Z-251200
com.day.cq.wcm.core.components                                         0    5.14.316  com.adobe.aem:aem-sdk-api:jar:2025.11.23482.20251120T200914Z-251200
com.day.cq.wcm.core.contentfinder                                      0    5.14.316  com.adobe.aem:aem-sdk-api:jar:2025.11.23482.20251120T200914Z-251200
com.day.cq.wcm.core.references                                         0    5.14.316  com.adobe.aem:aem-sdk-api:jar:2025.11.23482.20251120T200914Z-251200
com.day.cq.wcm.core.stats                                              0    5.14.316  com.adobe.aem:aem-sdk-api:jar:2025.11.23482.20251120T200914Z-251200
com.day.cq.wcm.core.utils                                              0    5.14.316  com.adobe.aem:aem-sdk-api:jar:2025.11.23482.20251120T200914Z-251200
com.day.cq.wcm.designimporter                                          0    2.2.0     com.adobe.aem:aem-sdk-api:jar:2025.11.23482.20251120T200914Z-251200
com.day.cq.wcm.designimporter.api                                      0    2.0.0     com.adobe.aem:aem-sdk-api:jar:2025.11.23482.20251120T200914Z-251200
com.day.cq.wcm.designimporter.parser                                   0    1.1.0     com.adobe.aem:aem-sdk-api:jar:2025.11.23482.20251120T200914Z-251200
com.day.cq.wcm.designimporter.parser.taghandlers                       0    1.3.0     com.adobe.aem:aem-sdk-api:jar:2025.11.23482.20251120T200914Z-251200
com.day.cq.wcm.designimporter.parser.taghandlers.factory               0    1.1.0     com.adobe.aem:aem-sdk-api:jar:2025.11.23482.20251120T200914Z-251200
com.day.cq.wcm.designimporter.util                                     0    1.1.0     com.adobe.aem:aem-sdk-api:jar:2025.11.23482.20251120T200914Z-251200
com.day.cq.wcm.emulator                                                0    1.0       com.adobe.aem:aem-sdk-api:jar:2025.11.23482.20251120T200914Z-251200
com.day.cq.wcm.foundation                                              0    5.25.0    com.adobe.aem:aem-sdk-api:jar:2025.11.23482.20251120T200914Z-251200
com.day.cq.wcm.foundation.forms                                        0    5.11      com.adobe.aem:aem-sdk-api:jar:2025.11.23482.20251120T200914Z-251200
com.day.cq.wcm.foundation.forms.attachments                            0    1.0       com.adobe.aem:aem-sdk-api:jar:2025.11.23482.20251120T200914Z-251200
com.day.cq.wcm.foundation.model                                        0    1.2.0     com.adobe.aem:aem-sdk-api:jar:2025.11.23482.20251120T200914Z-251200
com.day.cq.wcm.foundation.model.export                                 0    1.0.0     com.adobe.aem:aem-sdk-api:jar:2025.11.23482.20251120T200914Z-251200
com.day.cq.wcm.foundation.model.responsivegrid                         0    1.8.0     com.adobe.aem:aem-sdk-api:jar:2025.11.23482.20251120T200914Z-251200
com.day.cq.wcm.foundation.model.responsivegrid.export                  0    1.6.0     com.adobe.aem:aem-sdk-api:jar:2025.11.23482.20251120T200914Z-251200
com.day.cq.wcm.foundation.search                                       0    1.0.0     com.adobe.aem:aem-sdk-api:jar:2025.11.23482.20251120T200914Z-251200
com.day.cq.wcm.foundation.security                                     0    1.0       com.adobe.aem:aem-sdk-api:jar:2025.11.23482.20251120T200914Z-251200
com.day.cq.wcm.foundation.utils                                        0    1.0       com.adobe.aem:aem-sdk-api:jar:2025.11.23482.20251120T200914Z-251200
com.day.cq.wcm.mobile.api                                              0    1.0.1     com.adobe.aem:aem-sdk-api:jar:2025.11.23482.20251120T200914Z-251200
com.day.cq.wcm.mobile.api.device                                       0    1.0.1     com.adobe.aem:aem-sdk-api:jar:2025.11.23482.20251120T200914Z-251200
com.day.cq.wcm.mobile.api.device.capability                            0    1.0       com.adobe.aem:aem-sdk-api:jar:2025.11.23482.20251120T200914Z-251200
com.day.cq.wcm.mobile.api.devicespecs                                  0    1.0       com.adobe.aem:aem-sdk-api:jar:2025.11.23482.20251120T200914Z-251200
com.day.cq.wcm.mobile.core                                             0    1.0       com.adobe.aem:aem-sdk-api:jar:2025.11.23482.20251120T200914Z-251200
com.day.cq.wcm.models.annotations.injectorspecific                     0    1.0.0     com.adobe.aem:aem-sdk-api:jar:2025.11.23482.20251120T200914Z-251200
com.day.cq.wcm.msm.api                                                 0    5.11      com.adobe.aem:aem-sdk-api:jar:2025.11.23482.20251120T200914Z-251200
com.day.cq.wcm.msm.commons                                             0    1.5.4     com.adobe.aem:aem-sdk-api:jar:2025.11.23482.20251120T200914Z-251200
com.day.cq.wcm.resource.details                                        0    0.5.6     com.adobe.aem:aem-sdk-api:jar:2025.11.23482.20251120T200914Z-251200
com.day.cq.wcm.scripting                                               0    1.0.0     com.adobe.aem:aem-sdk-api:jar:2025.11.23482.20251120T200914Z-251200
com.day.cq.wcm.tags                                                    0    7.1.0     com.adobe.aem:aem-sdk-api:jar:2025.11.23482.20251120T200914Z-251200
com.day.cq.wcm.undo                                                    0    1.0       com.adobe.aem:aem-sdk-api:jar:2025.11.23482.20251120T200914Z-251200
com.day.cq.wcm.webservicesupport                                       0    5.10.0    com.adobe.aem:aem-sdk-api:jar:2025.11.23482.20251120T200914Z-251200
com.day.cq.wcm.workflow.api                                            0    1.0.1     com.adobe.aem:aem-sdk-api:jar:2025.11.23482.20251120T200914Z-251200
com.day.cq.wcm.workflow.process                                        0    7.5.0     com.adobe.aem:aem-sdk-api:jar:2025.11.23482.20251120T200914Z-251200
com.day.cq.widget                                                      0    6.0.0     com.adobe.aem:aem-sdk-api:jar:2025.11.23482.20251120T200914Z-251200
com.day.cq.workflow                                                    0    1.0       com.adobe.aem:aem-sdk-api:jar:2025.11.23482.20251120T200914Z-251200
com.day.cq.workflow.collection                                         0    1.1       com.adobe.aem:aem-sdk-api:jar:2025.11.23482.20251120T200914Z-251200
com.day.cq.workflow.collection.util                                    0    1.0       com.adobe.aem:aem-sdk-api:jar:2025.11.23482.20251120T200914Z-251200
com.day.cq.workflow.compatibility                                      0    5.7.1     com.adobe.aem:aem-sdk-api:jar:2025.11.23482.20251120T200914Z-251200
com.day.cq.workflow.event                                              0    1.0       com.adobe.aem:aem-sdk-api:jar:2025.11.23482.20251120T200914Z-251200
com.day.cq.workflow.exec                                               0    1.0       com.adobe.aem:aem-sdk-api:jar:2025.11.23482.20251120T200914Z-251200
com.day.cq.workflow.exec.filter                                        0    1.0       com.adobe.aem:aem-sdk-api:jar:2025.11.23482.20251120T200914Z-251200
com.day.cq.workflow.filter                                             0    6.0       com.adobe.aem:aem-sdk-api:jar:2025.11.23482.20251120T200914Z-251200
com.day.cq.workflow.job                                                0    1.0       com.adobe.aem:aem-sdk-api:jar:2025.11.23482.20251120T200914Z-251200
com.day.cq.workflow.launcher                                           0    5.7       com.adobe.aem:aem-sdk-api:jar:2025.11.23482.20251120T200914Z-251200
com.day.cq.workflow.metadata                                           0    1.0       com.adobe.aem:aem-sdk-api:jar:2025.11.23482.20251120T200914Z-251200
com.day.cq.workflow.model                                              0    1.0       com.adobe.aem:aem-sdk-api:jar:2025.11.23482.20251120T200914Z-251200
com.day.cq.workflow.predicate                                          0    5.7       com.adobe.aem:aem-sdk-api:jar:2025.11.23482.20251120T200914Z-251200
com.day.cq.workflow.rule                                               0    1.0       com.adobe.aem:aem-sdk-api:jar:2025.11.23482.20251120T200914Z-251200
com.day.cq.workflow.serialization                                      0    5.7       com.adobe.aem:aem-sdk-api:jar:2025.11.23482.20251120T200914Z-251200
com.day.cq.workflow.statistics                                         0    1.1.1     com.adobe.aem:aem-sdk-api:jar:2025.11.23482.20251120T200914Z-251200
com.day.cq.workflow.status                                             0    1.0       com.adobe.aem:aem-sdk-api:jar:2025.11.23482.20251120T200914Z-251200
com.day.cq.workflow.timeout.autoadvance                                0    5.7       com.adobe.aem:aem-sdk-api:jar:2025.11.23482.20251120T200914Z-251200
com.day.cq.workflow.ui                                                 0    1.0       com.adobe.aem:aem-sdk-api:jar:2025.11.23482.20251120T200914Z-251200
com.day.cq.workflow.util                                               0    6.0       com.adobe.aem:aem-sdk-api:jar:2025.11.23482.20251120T200914Z-251200
com.day.cq.xss                                                         0    5.4.0     com.adobe.aem:aem-sdk-api:jar:2025.11.23482.20251120T200914Z-251200
com.day.cq.xss.taglib                                                  0    5.4.0     com.adobe.aem:aem-sdk-api:jar:2025.11.23482.20251120T200914Z-251200
com.day.crx                                                            0    2.3       com.adobe.aem:aem-sdk-api:jar:2025.11.23482.20251120T200914Z-251200
com.day.crx.io                                                         0    2.3       com.adobe.aem:aem-sdk-api:jar:2025.11.23482.20251120T200914Z-251200
com.day.crx.security.token                                             0    1.2.0     com.adobe.aem:aem-sdk-api:jar:2025.11.23482.20251120T200914Z-251200
com.day.crx.statistics                                                 0    1.0       com.adobe.aem:aem-sdk-api:jar:2025.11.23482.20251120T200914Z-251200
com.day.crx.statistics.keyword                                         0    1.1       com.adobe.aem:aem-sdk-api:jar:2025.11.23482.20251120T200914Z-251200
com.day.crx.statistics.loader                                          0    1.0       com.adobe.aem:aem-sdk-api:jar:2025.11.23482.20251120T200914Z-251200
com.day.crx.statistics.query                                           0    1.0       com.adobe.aem:aem-sdk-api:jar:2025.11.23482.20251120T200914Z-251200
com.day.crx.statistics.result                                          0    1.2       com.adobe.aem:aem-sdk-api:jar:2025.11.23482.20251120T200914Z-251200
com.day.image                                                          0    1.0       com.adobe.aem:aem-sdk-api:jar:2025.11.23482.20251120T200914Z-251200
com.day.image.font                                                     0    1.0       com.adobe.aem:aem-sdk-api:jar:2025.11.23482.20251120T200914Z-251200
com.day.text                                                           0    1.1.4     com.adobe.aem:aem-sdk-api:jar:2025.11.23482.20251120T200914Z-251200
com.day.text.csv                                                       0    1.1.4     com.adobe.aem:aem-sdk-api:jar:2025.11.23482.20251120T200914Z-251200
com.day.util                                                           0    1.1.0     com.adobe.aem:aem-sdk-api:jar:2025.11.23482.20251120T200914Z-251200
com.day.util.diff                                                      0    1.0.1     com.adobe.aem:aem-sdk-api:jar:2025.11.23482.20251120T200914Z-251200
com.drew.imaging                                                       0    2.11.0    com.adobe.aem:aem-sdk-api:jar:2025.11.23482.20251120T200914Z-251200
com.drew.imaging.jpeg                                                  0    2.11.0    com.adobe.aem:aem-sdk-api:jar:2025.11.23482.20251120T200914Z-251200
com.drew.imaging.mp4                                                   0    2.11.0    com.adobe.aem:aem-sdk-api:jar:2025.11.23482.20251120T200914Z-251200
com.drew.imaging.psd                                                   0    2.11.0    com.adobe.aem:aem-sdk-api:jar:2025.11.23482.20251120T200914Z-251200
com.drew.imaging.tiff                                                  0    2.11.0    com.adobe.aem:aem-sdk-api:jar:2025.11.23482.20251120T200914Z-251200
com.drew.lang                                                          0    2.11.0    com.adobe.aem:aem-sdk-api:jar:2025.11.23482.20251120T200914Z-251200
com.drew.lang.annotations                                              0    2.11.0    com.adobe.aem:aem-sdk-api:jar:2025.11.23482.20251120T200914Z-251200
com.drew.metadata                                                      0    2.11.0    com.adobe.aem:aem-sdk-api:jar:2025.11.23482.20251120T200914Z-251200
com.drew.metadata.adobe                                                0    2.11.0    com.adobe.aem:aem-sdk-api:jar:2025.11.23482.20251120T200914Z-251200
com.drew.metadata.exif                                                 0    2.11.0    com.adobe.aem:aem-sdk-api:jar:2025.11.23482.20251120T200914Z-251200
com.drew.metadata.icc                                                  0    2.11.0    com.adobe.aem:aem-sdk-api:jar:2025.11.23482.20251120T200914Z-251200
com.drew.metadata.iptc                                                 0    2.11.0    com.adobe.aem:aem-sdk-api:jar:2025.11.23482.20251120T200914Z-251200
com.drew.metadata.jfif                                                 0    2.11.0    com.adobe.aem:aem-sdk-api:jar:2025.11.23482.20251120T200914Z-251200
com.drew.metadata.jpeg                                                 0    2.11.0    com.adobe.aem:aem-sdk-api:jar:2025.11.23482.20251120T200914Z-251200
com.drew.metadata.mp4                                                  0    2.11.0    com.adobe.aem:aem-sdk-api:jar:2025.11.23482.20251120T200914Z-251200
com.drew.metadata.mp4.media                                            0    2.11.0    com.adobe.aem:aem-sdk-api:jar:2025.11.23482.20251120T200914Z-251200
com.drew.metadata.photoshop                                            0    2.11.0    com.adobe.aem:aem-sdk-api:jar:2025.11.23482.20251120T200914Z-251200
com.drew.metadata.xmp                                                  0    2.11.0    com.adobe.aem:aem-sdk-api:jar:2025.11.23482.20251120T200914Z-251200
com.fasterxml.jackson.annotation                                       0    2.19.1    com.adobe.aem:aem-sdk-api:jar:2025.11.23482.20251120T200914Z-251200
com.fasterxml.jackson.core                                             0    2.19.1    com.adobe.aem:aem-sdk-api:jar:2025.11.23482.20251120T200914Z-251200
com.fasterxml.jackson.core.async                                       0    2.19.1    com.adobe.aem:aem-sdk-api:jar:2025.11.23482.20251120T200914Z-251200
com.fasterxml.jackson.core.base                                        0    2.19.1    com.adobe.aem:aem-sdk-api:jar:2025.11.23482.20251120T200914Z-251200
com.fasterxml.jackson.core.exc                                         0    2.19.1    com.adobe.aem:aem-sdk-api:jar:2025.11.23482.20251120T200914Z-251200
com.fasterxml.jackson.core.filter                                      0    2.19.1    com.adobe.aem:aem-sdk-api:jar:2025.11.23482.20251120T200914Z-251200
com.fasterxml.jackson.core.format                                      0    2.19.1    com.adobe.aem:aem-sdk-api:jar:2025.11.23482.20251120T200914Z-251200
com.fasterxml.jackson.core.io                                          0    2.19.1    com.adobe.aem:aem-sdk-api:jar:2025.11.23482.20251120T200914Z-251200
com.fasterxml.jackson.core.io.schubfach                                0    2.19.1    com.adobe.aem:aem-sdk-api:jar:2025.11.23482.20251120T200914Z-251200
com.fasterxml.jackson.core.json                                        0    2.19.1    com.adobe.aem:aem-sdk-api:jar:2025.11.23482.20251120T200914Z-251200
com.fasterxml.jackson.core.json.async                                  0    2.19.1    com.adobe.aem:aem-sdk-api:jar:2025.11.23482.20251120T200914Z-251200
com.fasterxml.jackson.core.sym                                         0    2.19.1    com.adobe.aem:aem-sdk-api:jar:2025.11.23482.20251120T200914Z-251200
com.fasterxml.jackson.core.type                                        0    2.19.1    com.adobe.aem:aem-sdk-api:jar:2025.11.23482.20251120T200914Z-251200
com.fasterxml.jackson.core.util                                        0    2.19.1    com.adobe.aem:aem-sdk-api:jar:2025.11.23482.20251120T200914Z-251200
com.fasterxml.jackson.databind                                         0    2.19.1    com.adobe.aem:aem-sdk-api:jar:2025.11.23482.20251120T200914Z-251200
com.fasterxml.jackson.databind.annotation                              0    2.19.1    com.adobe.aem:aem-sdk-api:jar:2025.11.23482.20251120T200914Z-251200
com.fasterxml.jackson.databind.cfg                                     0    2.19.1    com.adobe.aem:aem-sdk-api:jar:2025.11.23482.20251120T200914Z-251200
com.fasterxml.jackson.databind.deser                                   0    2.19.1    com.adobe.aem:aem-sdk-api:jar:2025.11.23482.20251120T200914Z-251200
com.fasterxml.jackson.databind.deser.impl                              0    2.19.1    com.adobe.aem:aem-sdk-api:jar:2025.11.23482.20251120T200914Z-251200
com.fasterxml.jackson.databind.deser.std                               0    2.19.1    com.adobe.aem:aem-sdk-api:jar:2025.11.23482.20251120T200914Z-251200
com.fasterxml.jackson.databind.exc                                     0    2.19.1    com.adobe.aem:aem-sdk-api:jar:2025.11.23482.20251120T200914Z-251200
com.fasterxml.jackson.databind.ext                                     0    2.19.1    com.adobe.aem:aem-sdk-api:jar:2025.11.23482.20251120T200914Z-251200
com.fasterxml.jackson.databind.introspect                              0    2.19.1    com.adobe.aem:aem-sdk-api:jar:2025.11.23482.20251120T200914Z-251200
com.fasterxml.jackson.databind.jdk14                                   0    2.19.1    com.adobe.aem:aem-sdk-api:jar:2025.11.23482.20251120T200914Z-251200
com.fasterxml.jackson.databind.json                                    0    2.19.1    com.adobe.aem:aem-sdk-api:jar:2025.11.23482.20251120T200914Z-251200
com.fasterxml.jackson.databind.jsonFormatVisitors                      0    2.19.1    com.adobe.aem:aem-sdk-api:jar:2025.11.23482.20251120T200914Z-251200
com.fasterxml.jackson.databind.jsonschema                              0    2.19.1    com.adobe.aem:aem-sdk-api:jar:2025.11.23482.20251120T200914Z-251200
com.fasterxml.jackson.databind.jsontype                                0    2.19.1    com.adobe.aem:aem-sdk-api:jar:2025.11.23482.20251120T200914Z-251200
com.fasterxml.jackson.databind.jsontype.impl                           0    2.19.1    com.adobe.aem:aem-sdk-api:jar:2025.11.23482.20251120T200914Z-251200
com.fasterxml.jackson.databind.module                                  0    2.19.1    com.adobe.aem:aem-sdk-api:jar:2025.11.23482.20251120T200914Z-251200
com.fasterxml.jackson.databind.node                                    0    2.19.1    com.adobe.aem:aem-sdk-api:jar:2025.11.23482.20251120T200914Z-251200
com.fasterxml.jackson.databind.ser                                     0    2.19.1    com.adobe.aem:aem-sdk-api:jar:2025.11.23482.20251120T200914Z-251200
com.fasterxml.jackson.databind.ser.impl                                0    2.19.1    com.adobe.aem:aem-sdk-api:jar:2025.11.23482.20251120T200914Z-251200
com.fasterxml.jackson.databind.ser.std                                 0    2.19.1    com.adobe.aem:aem-sdk-api:jar:2025.11.23482.20251120T200914Z-251200
com.fasterxml.jackson.databind.type                                    0    2.19.1    com.adobe.aem:aem-sdk-api:jar:2025.11.23482.20251120T200914Z-251200
com.fasterxml.jackson.databind.util                                    0    2.19.1    com.adobe.aem:aem-sdk-api:jar:2025.11.23482.20251120T200914Z-251200
com.fasterxml.jackson.databind.util.internal                           0    2.19.1    com.adobe.aem:aem-sdk-api:jar:2025.11.23482.20251120T200914Z-251200
com.fasterxml.jackson.dataformat.xml                                   0    2.19.1    com.adobe.aem:aem-sdk-api:jar:2025.11.23482.20251120T200914Z-251200
com.fasterxml.jackson.dataformat.xml.annotation                        0    2.19.1    com.adobe.aem:aem-sdk-api:jar:2025.11.23482.20251120T200914Z-251200
com.fasterxml.jackson.dataformat.xml.deser                             0    2.19.1    com.adobe.aem:aem-sdk-api:jar:2025.11.23482.20251120T200914Z-251200
com.fasterxml.jackson.dataformat.xml.jaxb                              0    2.19.1    com.adobe.aem:aem-sdk-api:jar:2025.11.23482.20251120T200914Z-251200
com.fasterxml.jackson.dataformat.xml.ser                               0    2.19.1    com.adobe.aem:aem-sdk-api:jar:2025.11.23482.20251120T200914Z-251200
com.fasterxml.jackson.dataformat.xml.util                              0    2.19.1    com.adobe.aem:aem-sdk-api:jar:2025.11.23482.20251120T200914Z-251200
com.fasterxml.jackson.datatype.jsr310                                  0    2.19.1    com.adobe.aem:aem-sdk-api:jar:2025.11.23482.20251120T200914Z-251200
com.fasterxml.jackson.datatype.jsr310.deser                            0    2.19.1    com.adobe.aem:aem-sdk-api:jar:2025.11.23482.20251120T200914Z-251200
com.fasterxml.jackson.datatype.jsr310.deser.key                        0    2.19.1    com.adobe.aem:aem-sdk-api:jar:2025.11.23482.20251120T200914Z-251200
com.fasterxml.jackson.datatype.jsr310.ser                              0    2.19.1    com.adobe.aem:aem-sdk-api:jar:2025.11.23482.20251120T200914Z-251200
com.fasterxml.jackson.datatype.jsr310.ser.key                          0    2.19.1    com.adobe.aem:aem-sdk-api:jar:2025.11.23482.20251120T200914Z-251200
com.fasterxml.jackson.datatype.jsr310.util                             0    2.19.1    com.adobe.aem:aem-sdk-api:jar:2025.11.23482.20251120T200914Z-251200
com.fasterxml.jackson.module.paramnames                                0    2.19.1    com.adobe.aem:aem-sdk-api:jar:2025.11.23482.20251120T200914Z-251200
com.github.jknack.handlebars                                           0    4.3.1     com.adobe.aem:aem-sdk-api:jar:2025.11.23482.20251120T200914Z-251200
com.github.jknack.handlebars.cache                                     0    4.3.1     com.adobe.aem:aem-sdk-api:jar:2025.11.23482.20251120T200914Z-251200
com.github.jknack.handlebars.context                                   0    4.3.1     com.adobe.aem:aem-sdk-api:jar:2025.11.23482.20251120T200914Z-251200
com.github.jknack.handlebars.helper                                    0    4.3.1     com.adobe.aem:aem-sdk-api:jar:2025.11.23482.20251120T200914Z-251200
com.github.jknack.handlebars.io                                        0    4.3.1     com.adobe.aem:aem-sdk-api:jar:2025.11.23482.20251120T200914Z-251200
com.google.common.annotations                                          0    15.0.0    com.adobe.aem:aem-sdk-api:jar:2025.11.23482.20251120T200914Z-251200
com.google.common.base                                                 0    15.0.0    com.adobe.aem:aem-sdk-api:jar:2025.11.23482.20251120T200914Z-251200
com.google.common.cache                                                0    15.0.0    com.adobe.aem:aem-sdk-api:jar:2025.11.23482.20251120T200914Z-251200
com.google.common.collect                                              0    15.0.0    com.adobe.aem:aem-sdk-api:jar:2025.11.23482.20251120T200914Z-251200
com.google.common.escape                                               0    15.0.0    com.adobe.aem:aem-sdk-api:jar:2025.11.23482.20251120T200914Z-251200
com.google.common.eventbus                                             0    15.0.0    com.adobe.aem:aem-sdk-api:jar:2025.11.23482.20251120T200914Z-251200
com.google.common.hash                                                 0    15.0.0    com.adobe.aem:aem-sdk-api:jar:2025.11.23482.20251120T200914Z-251200
com.google.common.html                                                 0    15.0.0    com.adobe.aem:aem-sdk-api:jar:2025.11.23482.20251120T200914Z-251200
com.google.common.io                                                   0    15.0.0    com.adobe.aem:aem-sdk-api:jar:2025.11.23482.20251120T200914Z-251200
com.google.common.math                                                 0    15.0.0    com.adobe.aem:aem-sdk-api:jar:2025.11.23482.20251120T200914Z-251200
com.google.common.net                                                  0    15.0.0    com.adobe.aem:aem-sdk-api:jar:2025.11.23482.20251120T200914Z-251200
com.google.common.primitives                                           0    15.0.0    com.adobe.aem:aem-sdk-api:jar:2025.11.23482.20251120T200914Z-251200
com.google.common.reflect                                              0    15.0.0    com.adobe.aem:aem-sdk-api:jar:2025.11.23482.20251120T200914Z-251200
com.google.common.util.concurrent                                      0    15.0.0    com.adobe.aem:aem-sdk-api:jar:2025.11.23482.20251120T200914Z-251200
com.google.common.xml                                                  0    15.0.0    com.adobe.aem:aem-sdk-api:jar:2025.11.23482.20251120T200914Z-251200
com.google.gson                                                        0    2.9.0     com.adobe.aem:aem-sdk-api:jar:2025.11.23482.20251120T200914Z-251200
com.google.gson.annotations                                            0    2.9.0     com.adobe.aem:aem-sdk-api:jar:2025.11.23482.20251120T200914Z-251200
com.google.gson.reflect                                                0    2.9.0     com.adobe.aem:aem-sdk-api:jar:2025.11.23482.20251120T200914Z-251200
com.google.gson.stream                                                 0    2.9.0     com.adobe.aem:aem-sdk-api:jar:2025.11.23482.20251120T200914Z-251200
com.mongodb                                                            0    3.12.7    com.adobe.aem:aem-sdk-api:jar:2025.11.23482.20251120T200914Z-251200
com.mongodb.annotations                                                0    3.12.7    com.adobe.aem:aem-sdk-api:jar:2025.11.23482.20251120T200914Z-251200
com.mongodb.assertions                                                 0    3.12.7    com.adobe.aem:aem-sdk-api:jar:2025.11.23482.20251120T200914Z-251200
com.mongodb.async                                                      0    3.12.7    com.adobe.aem:aem-sdk-api:jar:2025.11.23482.20251120T200914Z-251200
com.mongodb.binding                                                    0    3.12.7    com.adobe.aem:aem-sdk-api:jar:2025.11.23482.20251120T200914Z-251200
com.mongodb.bulk                                                       0    3.12.7    com.adobe.aem:aem-sdk-api:jar:2025.11.23482.20251120T200914Z-251200
com.mongodb.client                                                     0    3.12.7    com.adobe.aem:aem-sdk-api:jar:2025.11.23482.20251120T200914Z-251200
com.mongodb.client.gridfs                                              0    3.12.7    com.adobe.aem:aem-sdk-api:jar:2025.11.23482.20251120T200914Z-251200
com.mongodb.client.gridfs.codecs                                       0    3.12.7    com.adobe.aem:aem-sdk-api:jar:2025.11.23482.20251120T200914Z-251200
com.mongodb.client.gridfs.model                                        0    3.12.7    com.adobe.aem:aem-sdk-api:jar:2025.11.23482.20251120T200914Z-251200
com.mongodb.client.jndi                                                0    3.12.7    com.adobe.aem:aem-sdk-api:jar:2025.11.23482.20251120T200914Z-251200
com.mongodb.client.model                                               0    3.12.7    com.adobe.aem:aem-sdk-api:jar:2025.11.23482.20251120T200914Z-251200
com.mongodb.client.model.changestream                                  0    3.12.7    com.adobe.aem:aem-sdk-api:jar:2025.11.23482.20251120T200914Z-251200
com.mongodb.client.model.geojson                                       0    3.12.7    com.adobe.aem:aem-sdk-api:jar:2025.11.23482.20251120T200914Z-251200
com.mongodb.client.model.geojson.codecs                                0    3.12.7    com.adobe.aem:aem-sdk-api:jar:2025.11.23482.20251120T200914Z-251200
com.mongodb.client.result                                              0    3.12.7    com.adobe.aem:aem-sdk-api:jar:2025.11.23482.20251120T200914Z-251200
com.mongodb.connection                                                 0    3.12.7    com.adobe.aem:aem-sdk-api:jar:2025.11.23482.20251120T200914Z-251200
com.mongodb.connection.netty                                           0    3.12.7    com.adobe.aem:aem-sdk-api:jar:2025.11.23482.20251120T200914Z-251200
com.mongodb.diagnostics.logging                                        0    3.12.7    com.adobe.aem:aem-sdk-api:jar:2025.11.23482.20251120T200914Z-251200
com.mongodb.event                                                      0    3.12.7    com.adobe.aem:aem-sdk-api:jar:2025.11.23482.20251120T200914Z-251200
com.mongodb.gridfs                                                     0    3.12.7    com.adobe.aem:aem-sdk-api:jar:2025.11.23482.20251120T200914Z-251200
com.mongodb.internal                                                   0    3.12.7    com.adobe.aem:aem-sdk-api:jar:2025.11.23482.20251120T200914Z-251200
com.mongodb.internal.async                                             0    3.12.7    com.adobe.aem:aem-sdk-api:jar:2025.11.23482.20251120T200914Z-251200
com.mongodb.internal.authentication                                    0    3.12.7    com.adobe.aem:aem-sdk-api:jar:2025.11.23482.20251120T200914Z-251200
com.mongodb.internal.connection                                        0    3.12.7    com.adobe.aem:aem-sdk-api:jar:2025.11.23482.20251120T200914Z-251200
com.mongodb.internal.dns                                               0    3.12.7    com.adobe.aem:aem-sdk-api:jar:2025.11.23482.20251120T200914Z-251200
com.mongodb.internal.event                                             0    3.12.7    com.adobe.aem:aem-sdk-api:jar:2025.11.23482.20251120T200914Z-251200
com.mongodb.internal.management.jmx                                    0    3.12.7    com.adobe.aem:aem-sdk-api:jar:2025.11.23482.20251120T200914Z-251200
com.mongodb.internal.session                                           0    3.12.7    com.adobe.aem:aem-sdk-api:jar:2025.11.23482.20251120T200914Z-251200
com.mongodb.internal.thread                                            0    3.12.7    com.adobe.aem:aem-sdk-api:jar:2025.11.23482.20251120T200914Z-251200
com.mongodb.internal.validator                                         0    3.12.7    com.adobe.aem:aem-sdk-api:jar:2025.11.23482.20251120T200914Z-251200
com.mongodb.management                                                 0    3.12.7    com.adobe.aem:aem-sdk-api:jar:2025.11.23482.20251120T200914Z-251200
com.mongodb.operation                                                  0    3.12.7    com.adobe.aem:aem-sdk-api:jar:2025.11.23482.20251120T200914Z-251200
com.mongodb.selector                                                   0    3.12.7    com.adobe.aem:aem-sdk-api:jar:2025.11.23482.20251120T200914Z-251200
com.mongodb.session                                                    0    3.12.7    com.adobe.aem:aem-sdk-api:jar:2025.11.23482.20251120T200914Z-251200
com.mongodb.util                                                       0    3.12.7    com.adobe.aem:aem-sdk-api:jar:2025.11.23482.20251120T200914Z-251200
com.scene7.ipsapi                                                      0    1.10.0    com.adobe.aem:aem-sdk-api:jar:2025.11.23482.20251120T200914Z-251200
com.scene7.ipsapi.common                                               0    1.9.0     com.adobe.aem:aem-sdk-api:jar:2025.11.23482.20251120T200914Z-251200
com.sun.mail.handlers                                                  0    1.6.2     com.adobe.aem:aem-sdk-api:jar:2025.11.23482.20251120T200914Z-251200
com.sun.mail.iap                                                       0    1.6.2     com.adobe.aem:aem-sdk-api:jar:2025.11.23482.20251120T200914Z-251200
com.sun.mail.imap                                                      0    1.6.2     com.adobe.aem:aem-sdk-api:jar:2025.11.23482.20251120T200914Z-251200
com.sun.mail.imap.protocol                                             0    1.6.2     com.adobe.aem:aem-sdk-api:jar:2025.11.23482.20251120T200914Z-251200
com.sun.mail.pop3                                                      0    1.6.2     com.adobe.aem:aem-sdk-api:jar:2025.11.23482.20251120T200914Z-251200
com.sun.mail.smtp                                                      0    1.6.2     com.adobe.aem:aem-sdk-api:jar:2025.11.23482.20251120T200914Z-251200
com.sun.mail.util                                                      0    1.6.2     com.adobe.aem:aem-sdk-api:jar:2025.11.23482.20251120T200914Z-251200
com.sun.mail.util.logging                                              0    1.6.2     com.adobe.aem:aem-sdk-api:jar:2025.11.23482.20251120T200914Z-251200
jakarta.json                                                           0    2.1.1     com.adobe.aem:aem-sdk-api:jar:2025.11.23482.20251120T200914Z-251200
jakarta.json.spi                                                       0    2.1.1     com.adobe.aem:aem-sdk-api:jar:2025.11.23482.20251120T200914Z-251200
jakarta.json.stream                                                    0    2.1.1     com.adobe.aem:aem-sdk-api:jar:2025.11.23482.20251120T200914Z-251200
jakarta.servlet                                                        0    5.0       com.adobe.aem:aem-sdk-api:jar:2025.11.23482.20251120T200914Z-251200
jakarta.servlet.annotation                                             0    5.0       com.adobe.aem:aem-sdk-api:jar:2025.11.23482.20251120T200914Z-251200
jakarta.servlet.descriptor                                             0    5.0       com.adobe.aem:aem-sdk-api:jar:2025.11.23482.20251120T200914Z-251200
jakarta.servlet.http                                                   0    5.0       com.adobe.aem:aem-sdk-api:jar:2025.11.23482.20251120T200914Z-251200
java.io                                                                9    n/a       
java.lang                                                              9    n/a       
java.util                                                              2    n/a       
javax.activation                                                       0    1.2       com.adobe.aem:aem-sdk-api:jar:2025.11.23482.20251120T200914Z-251200
javax.annotation                                                       0    1.3       com.adobe.aem:aem-sdk-api:jar:2025.11.23482.20251120T200914Z-251200
javax.annotation.security                                              0    1.3       com.adobe.aem:aem-sdk-api:jar:2025.11.23482.20251120T200914Z-251200
javax.annotation.sql                                                   0    1.3       com.adobe.aem:aem-sdk-api:jar:2025.11.23482.20251120T200914Z-251200
javax.el                                                               0    2.1       com.adobe.aem:aem-sdk-api:jar:2025.11.23482.20251120T200914Z-251200
javax.inject                                                           0    1.0       com.adobe.aem:aem-sdk-api:jar:2025.11.23482.20251120T200914Z-251200
javax.jcr                                                              0    1.1       com.adobe.aem:aem-sdk-api:jar:2025.11.23482.20251120T200914Z-251200
javax.jcr.lock                                                         0    1.1       com.adobe.aem:aem-sdk-api:jar:2025.11.23482.20251120T200914Z-251200
javax.jcr.lock~                                                        0    2.0       com.adobe.aem:aem-sdk-api:jar:2025.11.23482.20251120T200914Z-251200
javax.jcr.nodetype                                                     0    1.1       com.adobe.aem:aem-sdk-api:jar:2025.11.23482.20251120T200914Z-251200
javax.jcr.nodetype~                                                    0    2.0       com.adobe.aem:aem-sdk-api:jar:2025.11.23482.20251120T200914Z-251200
javax.jcr.observation                                                  0    2.0       com.adobe.aem:aem-sdk-api:jar:2025.11.23482.20251120T200914Z-251200
javax.jcr.observation~                                                 0    1.1       com.adobe.aem:aem-sdk-api:jar:2025.11.23482.20251120T200914Z-251200
javax.jcr.query                                                        0    1.1       com.adobe.aem:aem-sdk-api:jar:2025.11.23482.20251120T200914Z-251200
javax.jcr.query.qom                                                    0    1.1       com.adobe.aem:aem-sdk-api:jar:2025.11.23482.20251120T200914Z-251200
javax.jcr.query.qom~                                                   0    2.0       com.adobe.aem:aem-sdk-api:jar:2025.11.23482.20251120T200914Z-251200
javax.jcr.query~                                                       0    2.0       com.adobe.aem:aem-sdk-api:jar:2025.11.23482.20251120T200914Z-251200
javax.jcr.retention                                                    0    1.1       com.adobe.aem:aem-sdk-api:jar:2025.11.23482.20251120T200914Z-251200
javax.jcr.retention~                                                   0    2.0       com.adobe.aem:aem-sdk-api:jar:2025.11.23482.20251120T200914Z-251200
javax.jcr.security                                                     0    2.0       com.adobe.aem:aem-sdk-api:jar:2025.11.23482.20251120T200914Z-251200
javax.jcr.security~                                                    0    1.1       com.adobe.aem:aem-sdk-api:jar:2025.11.23482.20251120T200914Z-251200
javax.jcr.util                                                         0    1.1       com.adobe.aem:aem-sdk-api:jar:2025.11.23482.20251120T200914Z-251200
javax.jcr.util~                                                        0    2.0       com.adobe.aem:aem-sdk-api:jar:2025.11.23482.20251120T200914Z-251200
javax.jcr.version                                                      0    2.0       com.adobe.aem:aem-sdk-api:jar:2025.11.23482.20251120T200914Z-251200
javax.jcr.version~                                                     0    1.1       com.adobe.aem:aem-sdk-api:jar:2025.11.23482.20251120T200914Z-251200
javax.jcr~                                                             0    2.0       com.adobe.aem:aem-sdk-api:jar:2025.11.23482.20251120T200914Z-251200
javax.json                                                             0    1.1       com.adobe.aem:aem-sdk-api:jar:2025.11.23482.20251120T200914Z-251200
javax.json.spi                                                         0    1.1       com.adobe.aem:aem-sdk-api:jar:2025.11.23482.20251120T200914Z-251200
javax.json.stream                                                      0    1.1       com.adobe.aem:aem-sdk-api:jar:2025.11.23482.20251120T200914Z-251200
javax.jws                                                              0    2.0       com.adobe.aem:aem-sdk-api:jar:2025.11.23482.20251120T200914Z-251200
javax.jws.soap                                                         0    2.0       com.adobe.aem:aem-sdk-api:jar:2025.11.23482.20251120T200914Z-251200
javax.mail                                                             0    1.6       com.adobe.aem:aem-sdk-api:jar:2025.11.23482.20251120T200914Z-251200
javax.mail.event                                                       0    1.6       com.adobe.aem:aem-sdk-api:jar:2025.11.23482.20251120T200914Z-251200
javax.mail.internet                                                    0    1.6       com.adobe.aem:aem-sdk-api:jar:2025.11.23482.20251120T200914Z-251200
javax.mail.search                                                      0    1.6       com.adobe.aem:aem-sdk-api:jar:2025.11.23482.20251120T200914Z-251200
javax.mail.util                                                        0    1.6       com.adobe.aem:aem-sdk-api:jar:2025.11.23482.20251120T200914Z-251200
javax.script                                                           9    n/a       
javax.servlet                                                          0    3.1       com.adobe.aem:aem-sdk-api:jar:2025.11.23482.20251120T200914Z-251200
javax.servlet.annotation                                               0    2.6       com.adobe.aem:aem-sdk-api:jar:2025.11.23482.20251120T200914Z-251200
javax.servlet.annotation~                                              0    3.0       com.adobe.aem:aem-sdk-api:jar:2025.11.23482.20251120T200914Z-251200
javax.servlet.annotation~~                                             0    4.0       com.adobe.aem:aem-sdk-api:jar:2025.11.23482.20251120T200914Z-251200
javax.servlet.annotation~~~                                            0    3.1       com.adobe.aem:aem-sdk-api:jar:2025.11.23482.20251120T200914Z-251200
javax.servlet.descriptor                                               0    3.1       com.adobe.aem:aem-sdk-api:jar:2025.11.23482.20251120T200914Z-251200
javax.servlet.descriptor~                                              0    2.6       com.adobe.aem:aem-sdk-api:jar:2025.11.23482.20251120T200914Z-251200
javax.servlet.descriptor~~                                             0    3.0       com.adobe.aem:aem-sdk-api:jar:2025.11.23482.20251120T200914Z-251200
javax.servlet.descriptor~~~                                            0    4.0       com.adobe.aem:aem-sdk-api:jar:2025.11.23482.20251120T200914Z-251200
javax.servlet.http                                                     0    3.0       com.adobe.aem:aem-sdk-api:jar:2025.11.23482.20251120T200914Z-251200
javax.servlet.http~                                                    0    4.0       com.adobe.aem:aem-sdk-api:jar:2025.11.23482.20251120T200914Z-251200
javax.servlet.http~~                                                   0    2.6       com.adobe.aem:aem-sdk-api:jar:2025.11.23482.20251120T200914Z-251200
javax.servlet.http~~~                                                  0    3.1       com.adobe.aem:aem-sdk-api:jar:2025.11.23482.20251120T200914Z-251200
javax.servlet.jsp                                                      0    2.1       com.adobe.aem:aem-sdk-api:jar:2025.11.23482.20251120T200914Z-251200
javax.servlet.jsp.el                                                   0    2.1       com.adobe.aem:aem-sdk-api:jar:2025.11.23482.20251120T200914Z-251200
javax.servlet.jsp.jstl.core                                            0    1.2       com.adobe.aem:aem-sdk-api:jar:2025.11.23482.20251120T200914Z-251200
javax.servlet.jsp.jstl.fmt                                             0    1.2       com.adobe.aem:aem-sdk-api:jar:2025.11.23482.20251120T200914Z-251200
javax.servlet.jsp.jstl.sql                                             0    1.2       com.adobe.aem:aem-sdk-api:jar:2025.11.23482.20251120T200914Z-251200
javax.servlet.jsp.jstl.tlv                                             0    1.2       com.adobe.aem:aem-sdk-api:jar:2025.11.23482.20251120T200914Z-251200
javax.servlet.jsp.resources                                            0    2.1       com.adobe.aem:aem-sdk-api:jar:2025.11.23482.20251120T200914Z-251200
javax.servlet.jsp.tagext                                               0    2.1       com.adobe.aem:aem-sdk-api:jar:2025.11.23482.20251120T200914Z-251200
javax.servlet~                                                         0    4.0       com.adobe.aem:aem-sdk-api:jar:2025.11.23482.20251120T200914Z-251200
javax.servlet~~                                                        0    2.6       com.adobe.aem:aem-sdk-api:jar:2025.11.23482.20251120T200914Z-251200
javax.servlet~~~                                                       0    3.0       com.adobe.aem:aem-sdk-api:jar:2025.11.23482.20251120T200914Z-251200
javax.transaction                                                      0    1.1.0     com.adobe.aem:aem-sdk-api:jar:2025.11.23482.20251120T200914Z-251200
javax.transaction.xa                                                   0    1.1.0     com.adobe.aem:aem-sdk-api:jar:2025.11.23482.20251120T200914Z-251200
javax.xml.bind                                                         0    2.3       com.adobe.aem:aem-sdk-api:jar:2025.11.23482.20251120T200914Z-251200
javax.xml.bind.annotation                                              0    2.3       com.adobe.aem:aem-sdk-api:jar:2025.11.23482.20251120T200914Z-251200
javax.xml.bind.annotation.adapters                                     0    2.3       com.adobe.aem:aem-sdk-api:jar:2025.11.23482.20251120T200914Z-251200
javax.xml.bind.attachment                                              0    2.3       com.adobe.aem:aem-sdk-api:jar:2025.11.23482.20251120T200914Z-251200
javax.xml.bind.helpers                                                 0    2.3       com.adobe.aem:aem-sdk-api:jar:2025.11.23482.20251120T200914Z-251200
javax.xml.bind.util                                                    0    2.3       com.adobe.aem:aem-sdk-api:jar:2025.11.23482.20251120T200914Z-251200
javax.xml.soap                                                         0    1.3       com.adobe.aem:aem-sdk-api:jar:2025.11.23482.20251120T200914Z-251200
javax.xml.ws                                                           0    2.2       com.adobe.aem:aem-sdk-api:jar:2025.11.23482.20251120T200914Z-251200
javax.xml.ws.handler                                                   0    2.2       com.adobe.aem:aem-sdk-api:jar:2025.11.23482.20251120T200914Z-251200
javax.xml.ws.handler.soap                                              0    2.2       com.adobe.aem:aem-sdk-api:jar:2025.11.23482.20251120T200914Z-251200
javax.xml.ws.http                                                      0    2.2       com.adobe.aem:aem-sdk-api:jar:2025.11.23482.20251120T200914Z-251200
javax.xml.ws.soap                                                      0    2.2       com.adobe.aem:aem-sdk-api:jar:2025.11.23482.20251120T200914Z-251200
javax.xml.ws.spi                                                       0    2.2       com.adobe.aem:aem-sdk-api:jar:2025.11.23482.20251120T200914Z-251200
javax.xml.ws.spi.http                                                  0    2.2       com.adobe.aem:aem-sdk-api:jar:2025.11.23482.20251120T200914Z-251200
javax.xml.ws.wsaddressing                                              0    2.2       com.adobe.aem:aem-sdk-api:jar:2025.11.23482.20251120T200914Z-251200
opennlp.tools.chunker                                                  0    1.9.3     com.adobe.aem:aem-sdk-api:jar:2025.11.23482.20251120T200914Z-251200
opennlp.tools.dictionary                                               0    1.9.3     com.adobe.aem:aem-sdk-api:jar:2025.11.23482.20251120T200914Z-251200
opennlp.tools.dictionary.serializer                                    0    1.9.3     com.adobe.aem:aem-sdk-api:jar:2025.11.23482.20251120T200914Z-251200
opennlp.tools.ml                                                       0    1.9.3     com.adobe.aem:aem-sdk-api:jar:2025.11.23482.20251120T200914Z-251200
opennlp.tools.ml.maxent                                                0    1.9.3     com.adobe.aem:aem-sdk-api:jar:2025.11.23482.20251120T200914Z-251200
opennlp.tools.ml.maxent.io                                             0    1.9.3     com.adobe.aem:aem-sdk-api:jar:2025.11.23482.20251120T200914Z-251200
opennlp.tools.ml.maxent.quasinewton                                    0    1.9.3     com.adobe.aem:aem-sdk-api:jar:2025.11.23482.20251120T200914Z-251200
opennlp.tools.ml.model                                                 0    1.9.3     com.adobe.aem:aem-sdk-api:jar:2025.11.23482.20251120T200914Z-251200
opennlp.tools.ml.perceptron                                            0    1.9.3     com.adobe.aem:aem-sdk-api:jar:2025.11.23482.20251120T200914Z-251200
opennlp.tools.namefind                                                 0    1.9.3     com.adobe.aem:aem-sdk-api:jar:2025.11.23482.20251120T200914Z-251200
opennlp.tools.ngram                                                    0    1.9.3     com.adobe.aem:aem-sdk-api:jar:2025.11.23482.20251120T200914Z-251200
opennlp.tools.postag                                                   0    1.9.3     com.adobe.aem:aem-sdk-api:jar:2025.11.23482.20251120T200914Z-251200
opennlp.tools.tokenize                                                 0    1.9.3     com.adobe.aem:aem-sdk-api:jar:2025.11.23482.20251120T200914Z-251200
opennlp.tools.tokenize.lang                                            0    1.9.3     com.adobe.aem:aem-sdk-api:jar:2025.11.23482.20251120T200914Z-251200
opennlp.tools.util                                                     0    1.9.3     com.adobe.aem:aem-sdk-api:jar:2025.11.23482.20251120T200914Z-251200
opennlp.tools.util.eval                                                0    1.9.3     com.adobe.aem:aem-sdk-api:jar:2025.11.23482.20251120T200914Z-251200
opennlp.tools.util.ext                                                 0    1.9.3     com.adobe.aem:aem-sdk-api:jar:2025.11.23482.20251120T200914Z-251200
opennlp.tools.util.featuregen                                          0    1.9.3     com.adobe.aem:aem-sdk-api:jar:2025.11.23482.20251120T200914Z-251200
opennlp.tools.util.model                                               0    1.9.3     com.adobe.aem:aem-sdk-api:jar:2025.11.23482.20251120T200914Z-251200
org.apache.abdera                                                      0    1.1.3     com.adobe.aem:aem-sdk-api:jar:2025.11.23482.20251120T200914Z-251200
org.apache.abdera.ext.media                                            0    1.1.3     com.adobe.aem:aem-sdk-api:jar:2025.11.23482.20251120T200914Z-251200
org.apache.abdera.factory                                              0    1.1.3     com.adobe.aem:aem-sdk-api:jar:2025.11.23482.20251120T200914Z-251200
org.apache.abdera.filter                                               0    1.1.3     com.adobe.aem:aem-sdk-api:jar:2025.11.23482.20251120T200914Z-251200
org.apache.abdera.i18n.iri                                             0    1.1.3     com.adobe.aem:aem-sdk-api:jar:2025.11.23482.20251120T200914Z-251200
org.apache.abdera.i18n.rfc4646                                         0    1.1.3     com.adobe.aem:aem-sdk-api:jar:2025.11.23482.20251120T200914Z-251200
org.apache.abdera.i18n.rfc4646.enums                                   0    1.1.3     com.adobe.aem:aem-sdk-api:jar:2025.11.23482.20251120T200914Z-251200
org.apache.abdera.i18n.text                                            0    1.1.3     com.adobe.aem:aem-sdk-api:jar:2025.11.23482.20251120T200914Z-251200
org.apache.abdera.i18n.text.data                                       0    1.1.3     com.adobe.aem:aem-sdk-api:jar:2025.11.23482.20251120T200914Z-251200
org.apache.abdera.i18n.text.io                                         0    1.1.3     com.adobe.aem:aem-sdk-api:jar:2025.11.23482.20251120T200914Z-251200
org.apache.abdera.model                                                0    1.1.3     com.adobe.aem:aem-sdk-api:jar:2025.11.23482.20251120T200914Z-251200
org.apache.abdera.parser                                               0    1.1.3     com.adobe.aem:aem-sdk-api:jar:2025.11.23482.20251120T200914Z-251200
org.apache.abdera.util                                                 0    1.1.3     com.adobe.aem:aem-sdk-api:jar:2025.11.23482.20251120T200914Z-251200
org.apache.abdera.writer                                               0    1.1.3     com.adobe.aem:aem-sdk-api:jar:2025.11.23482.20251120T200914Z-251200
org.apache.abdera.xpath                                                0    1.1.3     com.adobe.aem:aem-sdk-api:jar:2025.11.23482.20251120T200914Z-251200
org.apache.aries.transaction                                           0    1.0       com.adobe.aem:aem-sdk-api:jar:2025.11.23482.20251120T200914Z-251200
org.apache.aries.util                                                  0    1.0.0     com.adobe.aem:aem-sdk-api:jar:2025.11.23482.20251120T200914Z-251200
org.apache.aries.util.filesystem                                       0    1.1.0     com.adobe.aem:aem-sdk-api:jar:2025.11.23482.20251120T200914Z-251200
org.apache.aries.util.filesystem.impl                                  0    1.1.3     com.adobe.aem:aem-sdk-api:jar:2025.11.23482.20251120T200914Z-251200
org.apache.aries.util.internal                                         0    1.1.3     com.adobe.aem:aem-sdk-api:jar:2025.11.23482.20251120T200914Z-251200
org.apache.aries.util.io                                               0    1.0.0     com.adobe.aem:aem-sdk-api:jar:2025.11.23482.20251120T200914Z-251200
org.apache.aries.util.log                                              0    1.0.0     com.adobe.aem:aem-sdk-api:jar:2025.11.23482.20251120T200914Z-251200
org.apache.aries.util.manifest                                         0    1.0.0     com.adobe.aem:aem-sdk-api:jar:2025.11.23482.20251120T200914Z-251200
org.apache.aries.util.messages                                         0    1.1.3     com.adobe.aem:aem-sdk-api:jar:2025.11.23482.20251120T200914Z-251200
org.apache.aries.util.nls                                              0    1.0.0     com.adobe.aem:aem-sdk-api:jar:2025.11.23482.20251120T200914Z-251200
org.apache.aries.util.service.registry                                 0    1.0.0     com.adobe.aem:aem-sdk-api:jar:2025.11.23482.20251120T200914Z-251200
org.apache.aries.util.tracker                                          0    1.0.1     com.adobe.aem:aem-sdk-api:jar:2025.11.23482.20251120T200914Z-251200
org.apache.aries.util.tracker.hook                                     0    1.1.3     com.adobe.aem:aem-sdk-api:jar:2025.11.23482.20251120T200914Z-251200
org.apache.cocoon.xml.dom                                              0    2.0       com.adobe.aem:aem-sdk-api:jar:2025.11.23482.20251120T200914Z-251200
org.apache.cocoon.xml.sax                                              0    2.0       com.adobe.aem:aem-sdk-api:jar:2025.11.23482.20251120T200914Z-251200
org.apache.commons.codec                                               0    1.19.0    com.adobe.aem:aem-sdk-api:jar:2025.11.23482.20251120T200914Z-251200
org.apache.commons.codec.binary                                        0    1.19.0    com.adobe.aem:aem-sdk-api:jar:2025.11.23482.20251120T200914Z-251200
org.apache.commons.codec.cli                                           0    1.19.0    com.adobe.aem:aem-sdk-api:jar:2025.11.23482.20251120T200914Z-251200
org.apache.commons.codec.digest                                        0    1.19.0    com.adobe.aem:aem-sdk-api:jar:2025.11.23482.20251120T200914Z-251200
org.apache.commons.codec.language                                      0    1.19.0    com.adobe.aem:aem-sdk-api:jar:2025.11.23482.20251120T200914Z-251200
org.apache.commons.codec.language.bm                                   0    1.19.0    com.adobe.aem:aem-sdk-api:jar:2025.11.23482.20251120T200914Z-251200
org.apache.commons.codec.net                                           0    1.19.0    com.adobe.aem:aem-sdk-api:jar:2025.11.23482.20251120T200914Z-251200
org.apache.commons.collections                                         0    3.2.2.adobe-2com.adobe.aem:aem-sdk-api:jar:2025.11.23482.20251120T200914Z-251200
org.apache.commons.collections.bag                                     0    3.2.2.adobe-2com.adobe.aem:aem-sdk-api:jar:2025.11.23482.20251120T200914Z-251200
org.apache.commons.collections.bidimap                                 0    3.2.2.adobe-2com.adobe.aem:aem-sdk-api:jar:2025.11.23482.20251120T200914Z-251200
org.apache.commons.collections.buffer                                  0    3.2.2.adobe-2com.adobe.aem:aem-sdk-api:jar:2025.11.23482.20251120T200914Z-251200
org.apache.commons.collections.collection                              0    3.2.2.adobe-2com.adobe.aem:aem-sdk-api:jar:2025.11.23482.20251120T200914Z-251200
org.apache.commons.collections.comparators                             0    3.2.2.adobe-2com.adobe.aem:aem-sdk-api:jar:2025.11.23482.20251120T200914Z-251200
org.apache.commons.collections.functors                                0    3.2.2.adobe-2com.adobe.aem:aem-sdk-api:jar:2025.11.23482.20251120T200914Z-251200
org.apache.commons.collections.iterators                               0    3.2.2.adobe-2com.adobe.aem:aem-sdk-api:jar:2025.11.23482.20251120T200914Z-251200
org.apache.commons.collections.keyvalue                                0    3.2.2.adobe-2com.adobe.aem:aem-sdk-api:jar:2025.11.23482.20251120T200914Z-251200
org.apache.commons.collections.list                                    0    3.2.2.adobe-2com.adobe.aem:aem-sdk-api:jar:2025.11.23482.20251120T200914Z-251200
org.apache.commons.collections.map                                     0    3.2.2.adobe-2com.adobe.aem:aem-sdk-api:jar:2025.11.23482.20251120T200914Z-251200
org.apache.commons.collections.set                                     0    3.2.2.adobe-2com.adobe.aem:aem-sdk-api:jar:2025.11.23482.20251120T200914Z-251200
org.apache.commons.collections4                                        0    4.5.0     com.adobe.aem:aem-sdk-api:jar:2025.11.23482.20251120T200914Z-251200
org.apache.commons.collections4.bag                                    0    4.5.0     com.adobe.aem:aem-sdk-api:jar:2025.11.23482.20251120T200914Z-251200
org.apache.commons.collections4.bidimap                                0    4.5.0     com.adobe.aem:aem-sdk-api:jar:2025.11.23482.20251120T200914Z-251200
org.apache.commons.collections4.collection                             0    4.5.0     com.adobe.aem:aem-sdk-api:jar:2025.11.23482.20251120T200914Z-251200
org.apache.commons.collections4.comparators                            0    4.5.0     com.adobe.aem:aem-sdk-api:jar:2025.11.23482.20251120T200914Z-251200
org.apache.commons.collections4.functors                               0    4.5.0     com.adobe.aem:aem-sdk-api:jar:2025.11.23482.20251120T200914Z-251200
org.apache.commons.collections4.iterators                              0    4.5.0     com.adobe.aem:aem-sdk-api:jar:2025.11.23482.20251120T200914Z-251200
org.apache.commons.collections4.keyvalue                               0    4.5.0     com.adobe.aem:aem-sdk-api:jar:2025.11.23482.20251120T200914Z-251200
org.apache.commons.collections4.list                                   0    4.5.0     com.adobe.aem:aem-sdk-api:jar:2025.11.23482.20251120T200914Z-251200
org.apache.commons.collections4.map                                    0    4.5.0     com.adobe.aem:aem-sdk-api:jar:2025.11.23482.20251120T200914Z-251200
org.apache.commons.collections4.multimap                               0    4.5.0     com.adobe.aem:aem-sdk-api:jar:2025.11.23482.20251120T200914Z-251200
org.apache.commons.collections4.multiset                               0    4.5.0     com.adobe.aem:aem-sdk-api:jar:2025.11.23482.20251120T200914Z-251200
org.apache.commons.collections4.properties                             0    4.5.0     com.adobe.aem:aem-sdk-api:jar:2025.11.23482.20251120T200914Z-251200
org.apache.commons.collections4.queue                                  0    4.5.0     com.adobe.aem:aem-sdk-api:jar:2025.11.23482.20251120T200914Z-251200
org.apache.commons.collections4.sequence                               0    4.5.0     com.adobe.aem:aem-sdk-api:jar:2025.11.23482.20251120T200914Z-251200
org.apache.commons.collections4.set                                    0    4.5.0     com.adobe.aem:aem-sdk-api:jar:2025.11.23482.20251120T200914Z-251200
org.apache.commons.collections4.splitmap                               0    4.5.0     com.adobe.aem:aem-sdk-api:jar:2025.11.23482.20251120T200914Z-251200
org.apache.commons.collections4.trie                                   0    4.5.0     com.adobe.aem:aem-sdk-api:jar:2025.11.23482.20251120T200914Z-251200
org.apache.commons.collections4.trie.analyzer                          0    4.5.0     com.adobe.aem:aem-sdk-api:jar:2025.11.23482.20251120T200914Z-251200
org.apache.commons.compress                                            0    1.28.0    com.adobe.aem:aem-sdk-api:jar:2025.11.23482.20251120T200914Z-251200
org.apache.commons.compress.archivers                                  0    1.28.0    com.adobe.aem:aem-sdk-api:jar:2025.11.23482.20251120T200914Z-251200
org.apache.commons.compress.archivers.ar                               0    1.28.0    com.adobe.aem:aem-sdk-api:jar:2025.11.23482.20251120T200914Z-251200
org.apache.commons.compress.archivers.arj                              0    1.28.0    com.adobe.aem:aem-sdk-api:jar:2025.11.23482.20251120T200914Z-251200
org.apache.commons.compress.archivers.cpio                             0    1.28.0    com.adobe.aem:aem-sdk-api:jar:2025.11.23482.20251120T200914Z-251200
org.apache.commons.compress.archivers.dump                             0    1.28.0    com.adobe.aem:aem-sdk-api:jar:2025.11.23482.20251120T200914Z-251200
org.apache.commons.compress.archivers.jar                              0    1.28.0    com.adobe.aem:aem-sdk-api:jar:2025.11.23482.20251120T200914Z-251200
org.apache.commons.compress.archivers.sevenz                           0    1.28.0    com.adobe.aem:aem-sdk-api:jar:2025.11.23482.20251120T200914Z-251200
org.apache.commons.compress.archivers.tar                              0    1.28.0    com.adobe.aem:aem-sdk-api:jar:2025.11.23482.20251120T200914Z-251200
org.apache.commons.compress.archivers.zip                              0    1.28.0    com.adobe.aem:aem-sdk-api:jar:2025.11.23482.20251120T200914Z-251200
org.apache.commons.compress.changes                                    0    1.28.0    com.adobe.aem:aem-sdk-api:jar:2025.11.23482.20251120T200914Z-251200
org.apache.commons.compress.compressors                                0    1.28.0    com.adobe.aem:aem-sdk-api:jar:2025.11.23482.20251120T200914Z-251200
org.apache.commons.compress.compressors.brotli                         0    1.28.0    com.adobe.aem:aem-sdk-api:jar:2025.11.23482.20251120T200914Z-251200
org.apache.commons.compress.compressors.bzip2                          0    1.28.0    com.adobe.aem:aem-sdk-api:jar:2025.11.23482.20251120T200914Z-251200
org.apache.commons.compress.compressors.deflate                        0    1.28.0    com.adobe.aem:aem-sdk-api:jar:2025.11.23482.20251120T200914Z-251200
org.apache.commons.compress.compressors.deflate64                      0    1.28.0    com.adobe.aem:aem-sdk-api:jar:2025.11.23482.20251120T200914Z-251200
org.apache.commons.compress.compressors.gzip                           0    1.28.0    com.adobe.aem:aem-sdk-api:jar:2025.11.23482.20251120T200914Z-251200
org.apache.commons.compress.compressors.lz4                            0    1.28.0    com.adobe.aem:aem-sdk-api:jar:2025.11.23482.20251120T200914Z-251200
org.apache.commons.compress.compressors.lz77support                    0    1.28.0    com.adobe.aem:aem-sdk-api:jar:2025.11.23482.20251120T200914Z-251200
org.apache.commons.compress.compressors.lzma                           0    1.28.0    com.adobe.aem:aem-sdk-api:jar:2025.11.23482.20251120T200914Z-251200
org.apache.commons.compress.compressors.lzw                            0    1.28.0    com.adobe.aem:aem-sdk-api:jar:2025.11.23482.20251120T200914Z-251200
org.apache.commons.compress.compressors.pack200                        0    1.28.0    com.adobe.aem:aem-sdk-api:jar:2025.11.23482.20251120T200914Z-251200
org.apache.commons.compress.compressors.snappy                         0    1.28.0    com.adobe.aem:aem-sdk-api:jar:2025.11.23482.20251120T200914Z-251200
org.apache.commons.compress.compressors.xz                             0    1.28.0    com.adobe.aem:aem-sdk-api:jar:2025.11.23482.20251120T200914Z-251200
org.apache.commons.compress.compressors.z                              0    1.28.0    com.adobe.aem:aem-sdk-api:jar:2025.11.23482.20251120T200914Z-251200
org.apache.commons.compress.compressors.zstandard                      0    1.28.0    com.adobe.aem:aem-sdk-api:jar:2025.11.23482.20251120T200914Z-251200
org.apache.commons.compress.java.util.jar                              0    1.28.0    com.adobe.aem:aem-sdk-api:jar:2025.11.23482.20251120T200914Z-251200
org.apache.commons.compress.parallel                                   0    1.28.0    com.adobe.aem:aem-sdk-api:jar:2025.11.23482.20251120T200914Z-251200
org.apache.commons.compress.utils                                      0    1.28.0    com.adobe.aem:aem-sdk-api:jar:2025.11.23482.20251120T200914Z-251200
org.apache.commons.exec                                                0    1.5.0     com.adobe.aem:aem-sdk-api:jar:2025.11.23482.20251120T200914Z-251200
org.apache.commons.fileupload                                          0    1.6.0     com.adobe.aem:aem-sdk-api:jar:2025.11.23482.20251120T200914Z-251200
org.apache.commons.fileupload.disk                                     0    1.6.0     com.adobe.aem:aem-sdk-api:jar:2025.11.23482.20251120T200914Z-251200
org.apache.commons.fileupload.portlet                                  0    1.6.0     com.adobe.aem:aem-sdk-api:jar:2025.11.23482.20251120T200914Z-251200
org.apache.commons.fileupload.servlet                                  0    1.6.0     com.adobe.aem:aem-sdk-api:jar:2025.11.23482.20251120T200914Z-251200
org.apache.commons.fileupload.util                                     0    1.6.0     com.adobe.aem:aem-sdk-api:jar:2025.11.23482.20251120T200914Z-251200
org.apache.commons.httpclient                                          0    3.1       com.adobe.aem:aem-sdk-api:jar:2025.11.23482.20251120T200914Z-251200
org.apache.commons.httpclient.auth                                     0    3.1       com.adobe.aem:aem-sdk-api:jar:2025.11.23482.20251120T200914Z-251200
org.apache.commons.httpclient.cookie                                   0    3.1       com.adobe.aem:aem-sdk-api:jar:2025.11.23482.20251120T200914Z-251200
org.apache.commons.httpclient.methods                                  0    3.1       com.adobe.aem:aem-sdk-api:jar:2025.11.23482.20251120T200914Z-251200
org.apache.commons.httpclient.methods.multipart                        0    3.1       com.adobe.aem:aem-sdk-api:jar:2025.11.23482.20251120T200914Z-251200
org.apache.commons.httpclient.params                                   0    3.1       com.adobe.aem:aem-sdk-api:jar:2025.11.23482.20251120T200914Z-251200
org.apache.commons.httpclient.protocol                                 0    3.1       com.adobe.aem:aem-sdk-api:jar:2025.11.23482.20251120T200914Z-251200
org.apache.commons.httpclient.util                                     0    3.1       com.adobe.aem:aem-sdk-api:jar:2025.11.23482.20251120T200914Z-251200
org.apache.commons.imaging                                             0    1.0.0.R1725432-B002com.adobe.aem:aem-sdk-api:jar:2025.11.23482.20251120T200914Z-251200
org.apache.commons.imaging.common.bytesource                           0    1.0.0.R1725432-B002com.adobe.aem:aem-sdk-api:jar:2025.11.23482.20251120T200914Z-251200
org.apache.commons.io                                                  0    1.4.9999  com.adobe.aem:aem-sdk-api:jar:2025.11.23482.20251120T200914Z-251200
org.apache.commons.io.build                                            0    2.20.0    com.adobe.aem:aem-sdk-api:jar:2025.11.23482.20251120T200914Z-251200
org.apache.commons.io.channels                                         0    2.20.0    com.adobe.aem:aem-sdk-api:jar:2025.11.23482.20251120T200914Z-251200
org.apache.commons.io.charset                                          0    2.20.0    com.adobe.aem:aem-sdk-api:jar:2025.11.23482.20251120T200914Z-251200
org.apache.commons.io.comparator                                       0    1.4.9999  com.adobe.aem:aem-sdk-api:jar:2025.11.23482.20251120T200914Z-251200
org.apache.commons.io.comparator~                                      0    2.20.0    com.adobe.aem:aem-sdk-api:jar:2025.11.23482.20251120T200914Z-251200
org.apache.commons.io.file                                             0    2.20.0    com.adobe.aem:aem-sdk-api:jar:2025.11.23482.20251120T200914Z-251200
org.apache.commons.io.file.attribute                                   0    2.20.0    com.adobe.aem:aem-sdk-api:jar:2025.11.23482.20251120T200914Z-251200
org.apache.commons.io.file.spi                                         0    2.20.0    com.adobe.aem:aem-sdk-api:jar:2025.11.23482.20251120T200914Z-251200
org.apache.commons.io.filefilter                                       0    1.4.9999  com.adobe.aem:aem-sdk-api:jar:2025.11.23482.20251120T200914Z-251200
org.apache.commons.io.filefilter~                                      0    2.20.0    com.adobe.aem:aem-sdk-api:jar:2025.11.23482.20251120T200914Z-251200
org.apache.commons.io.function                                         0    2.20.0    com.adobe.aem:aem-sdk-api:jar:2025.11.23482.20251120T200914Z-251200
org.apache.commons.io.input                                            0    2.20.0    com.adobe.aem:aem-sdk-api:jar:2025.11.23482.20251120T200914Z-251200
org.apache.commons.io.input.buffer                                     0    2.20.0    com.adobe.aem:aem-sdk-api:jar:2025.11.23482.20251120T200914Z-251200
org.apache.commons.io.input~                                           0    1.4.9999  com.adobe.aem:aem-sdk-api:jar:2025.11.23482.20251120T200914Z-251200
org.apache.commons.io.monitor                                          0    2.20.0    com.adobe.aem:aem-sdk-api:jar:2025.11.23482.20251120T200914Z-251200
org.apache.commons.io.output                                           0    1.4.9999  com.adobe.aem:aem-sdk-api:jar:2025.11.23482.20251120T200914Z-251200
org.apache.commons.io.output~                                          0    2.20.0    com.adobe.aem:aem-sdk-api:jar:2025.11.23482.20251120T200914Z-251200
org.apache.commons.io.serialization                                    0    2.20.0    com.adobe.aem:aem-sdk-api:jar:2025.11.23482.20251120T200914Z-251200
org.apache.commons.io~                                                 0    2.20.0    com.adobe.aem:aem-sdk-api:jar:2025.11.23482.20251120T200914Z-251200
org.apache.commons.lang                                                0    2.6       com.adobe.aem:aem-sdk-api:jar:2025.11.23482.20251120T200914Z-251200
org.apache.commons.lang.builder                                        0    2.6       com.adobe.aem:aem-sdk-api:jar:2025.11.23482.20251120T200914Z-251200
org.apache.commons.lang.enums                                          0    2.6       com.adobe.aem:aem-sdk-api:jar:2025.11.23482.20251120T200914Z-251200
org.apache.commons.lang.exception                                      0    2.6       com.adobe.aem:aem-sdk-api:jar:2025.11.23482.20251120T200914Z-251200
org.apache.commons.lang.math                                           0    2.6       com.adobe.aem:aem-sdk-api:jar:2025.11.23482.20251120T200914Z-251200
org.apache.commons.lang.mutable                                        0    2.6       com.adobe.aem:aem-sdk-api:jar:2025.11.23482.20251120T200914Z-251200
org.apache.commons.lang.reflect                                        0    2.6       com.adobe.aem:aem-sdk-api:jar:2025.11.23482.20251120T200914Z-251200
org.apache.commons.lang.text                                           0    2.6       com.adobe.aem:aem-sdk-api:jar:2025.11.23482.20251120T200914Z-251200
org.apache.commons.lang.time                                           0    2.6       com.adobe.aem:aem-sdk-api:jar:2025.11.23482.20251120T200914Z-251200
org.apache.commons.lang3                                               0    3.19.0    com.adobe.aem:aem-sdk-api:jar:2025.11.23482.20251120T200914Z-251200
org.apache.commons.lang3.arch                                          0    3.19.0    com.adobe.aem:aem-sdk-api:jar:2025.11.23482.20251120T200914Z-251200
org.apache.commons.lang3.builder                                       0    3.19.0    com.adobe.aem:aem-sdk-api:jar:2025.11.23482.20251120T200914Z-251200
org.apache.commons.lang3.compare                                       0    3.19.0    com.adobe.aem:aem-sdk-api:jar:2025.11.23482.20251120T200914Z-251200
org.apache.commons.lang3.concurrent                                    0    3.19.0    com.adobe.aem:aem-sdk-api:jar:2025.11.23482.20251120T200914Z-251200
org.apache.commons.lang3.concurrent.locks                              0    3.19.0    com.adobe.aem:aem-sdk-api:jar:2025.11.23482.20251120T200914Z-251200
org.apache.commons.lang3.event                                         0    3.19.0    com.adobe.aem:aem-sdk-api:jar:2025.11.23482.20251120T200914Z-251200
org.apache.commons.lang3.exception                                     0    3.19.0    com.adobe.aem:aem-sdk-api:jar:2025.11.23482.20251120T200914Z-251200
org.apache.commons.lang3.function                                      0    3.19.0    com.adobe.aem:aem-sdk-api:jar:2025.11.23482.20251120T200914Z-251200
org.apache.commons.lang3.math                                          0    3.19.0    com.adobe.aem:aem-sdk-api:jar:2025.11.23482.20251120T200914Z-251200
org.apache.commons.lang3.mutable                                       0    3.19.0    com.adobe.aem:aem-sdk-api:jar:2025.11.23482.20251120T200914Z-251200
org.apache.commons.lang3.reflect                                       0    3.19.0    com.adobe.aem:aem-sdk-api:jar:2025.11.23482.20251120T200914Z-251200
org.apache.commons.lang3.stream                                        0    3.19.0    com.adobe.aem:aem-sdk-api:jar:2025.11.23482.20251120T200914Z-251200
org.apache.commons.lang3.text                                          0    3.19.0    com.adobe.aem:aem-sdk-api:jar:2025.11.23482.20251120T200914Z-251200
org.apache.commons.lang3.text.translate                                0    3.19.0    com.adobe.aem:aem-sdk-api:jar:2025.11.23482.20251120T200914Z-251200
org.apache.commons.lang3.time                                          0    3.19.0    com.adobe.aem:aem-sdk-api:jar:2025.11.23482.20251120T200914Z-251200
org.apache.commons.lang3.tuple                                         0    3.19.0    com.adobe.aem:aem-sdk-api:jar:2025.11.23482.20251120T200914Z-251200
org.apache.commons.lang3.util                                          0    3.19.0    com.adobe.aem:aem-sdk-api:jar:2025.11.23482.20251120T200914Z-251200
org.apache.commons.logging                                             0    1.2       com.adobe.aem:aem-sdk-api:jar:2025.11.23482.20251120T200914Z-251200
org.apache.commons.logging.impl                                        0    1.2       com.adobe.aem:aem-sdk-api:jar:2025.11.23482.20251120T200914Z-251200
org.apache.commons.mail                                                0    1.6.0     com.adobe.aem:aem-sdk-api:jar:2025.11.23482.20251120T200914Z-251200
org.apache.commons.mail.resolver                                       0    1.6.0     com.adobe.aem:aem-sdk-api:jar:2025.11.23482.20251120T200914Z-251200
org.apache.commons.mail.util                                           0    1.6.0     com.adobe.aem:aem-sdk-api:jar:2025.11.23482.20251120T200914Z-251200
org.apache.commons.math                                                0    2.2       com.adobe.aem:aem-sdk-api:jar:2025.11.23482.20251120T200914Z-251200
org.apache.commons.math.analysis                                       0    2.2       com.adobe.aem:aem-sdk-api:jar:2025.11.23482.20251120T200914Z-251200
org.apache.commons.math.analysis.integration                           0    2.2       com.adobe.aem:aem-sdk-api:jar:2025.11.23482.20251120T200914Z-251200
org.apache.commons.math.analysis.interpolation                         0    2.2       com.adobe.aem:aem-sdk-api:jar:2025.11.23482.20251120T200914Z-251200
org.apache.commons.math.analysis.polynomials                           0    2.2       com.adobe.aem:aem-sdk-api:jar:2025.11.23482.20251120T200914Z-251200
org.apache.commons.math.analysis.solvers                               0    2.2       com.adobe.aem:aem-sdk-api:jar:2025.11.23482.20251120T200914Z-251200
org.apache.commons.math.complex                                        0    2.2       com.adobe.aem:aem-sdk-api:jar:2025.11.23482.20251120T200914Z-251200
org.apache.commons.math.dfp                                            0    2.2       com.adobe.aem:aem-sdk-api:jar:2025.11.23482.20251120T200914Z-251200
org.apache.commons.math.distribution                                   0    2.2       com.adobe.aem:aem-sdk-api:jar:2025.11.23482.20251120T200914Z-251200
org.apache.commons.math.estimation                                     0    2.2       com.adobe.aem:aem-sdk-api:jar:2025.11.23482.20251120T200914Z-251200
org.apache.commons.math.exception                                      0    2.2       com.adobe.aem:aem-sdk-api:jar:2025.11.23482.20251120T200914Z-251200
org.apache.commons.math.exception.util                                 0    2.2       com.adobe.aem:aem-sdk-api:jar:2025.11.23482.20251120T200914Z-251200
org.apache.commons.math.fraction                                       0    2.2       com.adobe.aem:aem-sdk-api:jar:2025.11.23482.20251120T200914Z-251200
org.apache.commons.math.genetics                                       0    2.2       com.adobe.aem:aem-sdk-api:jar:2025.11.23482.20251120T200914Z-251200
org.apache.commons.math.geometry                                       0    2.2       com.adobe.aem:aem-sdk-api:jar:2025.11.23482.20251120T200914Z-251200
org.apache.commons.math.linear                                         0    2.2       com.adobe.aem:aem-sdk-api:jar:2025.11.23482.20251120T200914Z-251200
org.apache.commons.math.ode                                            0    2.2       com.adobe.aem:aem-sdk-api:jar:2025.11.23482.20251120T200914Z-251200
org.apache.commons.math.ode.events                                     0    2.2       com.adobe.aem:aem-sdk-api:jar:2025.11.23482.20251120T200914Z-251200
org.apache.commons.math.ode.jacobians                                  0    2.2       com.adobe.aem:aem-sdk-api:jar:2025.11.23482.20251120T200914Z-251200
org.apache.commons.math.ode.nonstiff                                   0    2.2       com.adobe.aem:aem-sdk-api:jar:2025.11.23482.20251120T200914Z-251200
org.apache.commons.math.ode.sampling                                   0    2.2       com.adobe.aem:aem-sdk-api:jar:2025.11.23482.20251120T200914Z-251200
org.apache.commons.math.optimization                                   0    2.2       com.adobe.aem:aem-sdk-api:jar:2025.11.23482.20251120T200914Z-251200
org.apache.commons.math.optimization.direct                            0    2.2       com.adobe.aem:aem-sdk-api:jar:2025.11.23482.20251120T200914Z-251200
org.apache.commons.math.optimization.fitting                           0    2.2       com.adobe.aem:aem-sdk-api:jar:2025.11.23482.20251120T200914Z-251200
org.apache.commons.math.optimization.general                           0    2.2       com.adobe.aem:aem-sdk-api:jar:2025.11.23482.20251120T200914Z-251200
org.apache.commons.math.optimization.linear                            0    2.2       com.adobe.aem:aem-sdk-api:jar:2025.11.23482.20251120T200914Z-251200
org.apache.commons.math.optimization.univariate                        0    2.2       com.adobe.aem:aem-sdk-api:jar:2025.11.23482.20251120T200914Z-251200
org.apache.commons.math.random                                         0    2.2       com.adobe.aem:aem-sdk-api:jar:2025.11.23482.20251120T200914Z-251200
org.apache.commons.math.special                                        0    2.2       com.adobe.aem:aem-sdk-api:jar:2025.11.23482.20251120T200914Z-251200
org.apache.commons.math.stat                                           0    2.2       com.adobe.aem:aem-sdk-api:jar:2025.11.23482.20251120T200914Z-251200
org.apache.commons.math.stat.clustering                                0    2.2       com.adobe.aem:aem-sdk-api:jar:2025.11.23482.20251120T200914Z-251200
org.apache.commons.math.stat.correlation                               0    2.2       com.adobe.aem:aem-sdk-api:jar:2025.11.23482.20251120T200914Z-251200
org.apache.commons.math.stat.descriptive                               0    2.2       com.adobe.aem:aem-sdk-api:jar:2025.11.23482.20251120T200914Z-251200
org.apache.commons.math.stat.descriptive.moment                        0    2.2       com.adobe.aem:aem-sdk-api:jar:2025.11.23482.20251120T200914Z-251200
org.apache.commons.math.stat.descriptive.rank                          0    2.2       com.adobe.aem:aem-sdk-api:jar:2025.11.23482.20251120T200914Z-251200
org.apache.commons.math.stat.descriptive.summary                       0    2.2       com.adobe.aem:aem-sdk-api:jar:2025.11.23482.20251120T200914Z-251200
org.apache.commons.math.stat.inference                                 0    2.2       com.adobe.aem:aem-sdk-api:jar:2025.11.23482.20251120T200914Z-251200
org.apache.commons.math.stat.ranking                                   0    2.2       com.adobe.aem:aem-sdk-api:jar:2025.11.23482.20251120T200914Z-251200
org.apache.commons.math.stat.regression                                0    2.2       com.adobe.aem:aem-sdk-api:jar:2025.11.23482.20251120T200914Z-251200
org.apache.commons.math.transform                                      0    2.2       com.adobe.aem:aem-sdk-api:jar:2025.11.23482.20251120T200914Z-251200
org.apache.commons.math.util                                           0    2.2       com.adobe.aem:aem-sdk-api:jar:2025.11.23482.20251120T200914Z-251200
org.apache.commons.text                                                0    1.14.0    com.adobe.aem:aem-sdk-api:jar:2025.11.23482.20251120T200914Z-251200
org.apache.commons.text.diff                                           0    1.14.0    com.adobe.aem:aem-sdk-api:jar:2025.11.23482.20251120T200914Z-251200
org.apache.commons.text.io                                             0    1.14.0    com.adobe.aem:aem-sdk-api:jar:2025.11.23482.20251120T200914Z-251200
org.apache.commons.text.lookup                                         0    1.14.0    com.adobe.aem:aem-sdk-api:jar:2025.11.23482.20251120T200914Z-251200
org.apache.commons.text.matcher                                        0    1.14.0    com.adobe.aem:aem-sdk-api:jar:2025.11.23482.20251120T200914Z-251200
org.apache.commons.text.similarity                                     0    1.14.0    com.adobe.aem:aem-sdk-api:jar:2025.11.23482.20251120T200914Z-251200
org.apache.commons.text.translate                                      0    1.14.0    com.adobe.aem:aem-sdk-api:jar:2025.11.23482.20251120T200914Z-251200
org.apache.felix.hc.api                                                0    2.0.0     com.adobe.aem:aem-sdk-api:jar:2025.11.23482.20251120T200914Z-251200
org.apache.felix.hc.api.condition                                      0    1.0.0     com.adobe.aem:aem-sdk-api:jar:2025.11.23482.20251120T200914Z-251200
org.apache.felix.hc.api.execution                                      0    2.0.0     com.adobe.aem:aem-sdk-api:jar:2025.11.23482.20251120T200914Z-251200
org.apache.felix.http.whiteboard                                       0    1.0.1     com.adobe.aem:aem-sdk-api:jar:2025.11.23482.20251120T200914Z-251200
org.apache.felix.inventory                                             0    1.0       com.adobe.aem:aem-sdk-api:jar:2025.11.23482.20251120T200914Z-251200
org.apache.felix.jaas                                                  0    1.0.1     com.adobe.aem:aem-sdk-api:jar:2025.11.23482.20251120T200914Z-251200
org.apache.felix.jaas.boot                                             0    1.0       com.adobe.aem:aem-sdk-api:jar:2025.11.23482.20251120T200914Z-251200
org.apache.felix.webconsole                                            0    3.5.1     com.adobe.aem:aem-sdk-api:jar:2025.11.23482.20251120T200914Z-251200
org.apache.felix.webconsole.bundleinfo                                 0    1.0.0     com.adobe.aem:aem-sdk-api:jar:2025.11.23482.20251120T200914Z-251200
org.apache.felix.webconsole.i18n                                       0    1.0.0     com.adobe.aem:aem-sdk-api:jar:2025.11.23482.20251120T200914Z-251200
org.apache.felix.webconsole.spi                                        0    1.3.0     com.adobe.aem:aem-sdk-api:jar:2025.11.23482.20251120T200914Z-251200
org.apache.geronimo.transaction                                        0    3.1       com.adobe.aem:aem-sdk-api:jar:2025.11.23482.20251120T200914Z-251200
org.apache.geronimo.transaction.log                                    0    3.1       com.adobe.aem:aem-sdk-api:jar:2025.11.23482.20251120T200914Z-251200
org.apache.geronimo.transaction.manager                                0    3.1       com.adobe.aem:aem-sdk-api:jar:2025.11.23482.20251120T200914Z-251200
org.apache.http                                                        0    4.4.8     com.adobe.aem:aem-sdk-api:jar:2025.11.23482.20251120T200914Z-251200
org.apache.http.annotation                                             0    4.4.8     com.adobe.aem:aem-sdk-api:jar:2025.11.23482.20251120T200914Z-251200
org.apache.http.auth                                                   0    4.5.13    com.adobe.aem:aem-sdk-api:jar:2025.11.23482.20251120T200914Z-251200
org.apache.http.auth.params                                            0    4.5.13    com.adobe.aem:aem-sdk-api:jar:2025.11.23482.20251120T200914Z-251200
org.apache.http.client                                                 0    4.5.13    com.adobe.aem:aem-sdk-api:jar:2025.11.23482.20251120T200914Z-251200
org.apache.http.client.cache                                           0    4.5.13    com.adobe.aem:aem-sdk-api:jar:2025.11.23482.20251120T200914Z-251200
org.apache.http.client.config                                          0    4.5.13    com.adobe.aem:aem-sdk-api:jar:2025.11.23482.20251120T200914Z-251200
org.apache.http.client.entity                                          0    4.5.13    com.adobe.aem:aem-sdk-api:jar:2025.11.23482.20251120T200914Z-251200
org.apache.http.client.fluent                                          0    4.5.13    com.adobe.aem:aem-sdk-api:jar:2025.11.23482.20251120T200914Z-251200
org.apache.http.client.methods                                         0    4.5.13    com.adobe.aem:aem-sdk-api:jar:2025.11.23482.20251120T200914Z-251200
org.apache.http.client.params                                          0    4.5.13    com.adobe.aem:aem-sdk-api:jar:2025.11.23482.20251120T200914Z-251200
org.apache.http.client.protocol                                        0    4.5.13    com.adobe.aem:aem-sdk-api:jar:2025.11.23482.20251120T200914Z-251200
org.apache.http.client.utils                                           0    4.5.13    com.adobe.aem:aem-sdk-api:jar:2025.11.23482.20251120T200914Z-251200
org.apache.http.concurrent                                             0    4.4.8     com.adobe.aem:aem-sdk-api:jar:2025.11.23482.20251120T200914Z-251200
org.apache.http.config                                                 0    4.4.8     com.adobe.aem:aem-sdk-api:jar:2025.11.23482.20251120T200914Z-251200
org.apache.http.conn                                                   0    4.5.13    com.adobe.aem:aem-sdk-api:jar:2025.11.23482.20251120T200914Z-251200
org.apache.http.conn.params                                            0    4.5.13    com.adobe.aem:aem-sdk-api:jar:2025.11.23482.20251120T200914Z-251200
org.apache.http.conn.routing                                           0    4.5.13    com.adobe.aem:aem-sdk-api:jar:2025.11.23482.20251120T200914Z-251200
org.apache.http.conn.scheme                                            0    4.5.13    com.adobe.aem:aem-sdk-api:jar:2025.11.23482.20251120T200914Z-251200
org.apache.http.conn.socket                                            0    4.5.13    com.adobe.aem:aem-sdk-api:jar:2025.11.23482.20251120T200914Z-251200
org.apache.http.conn.ssl                                               0    4.5.13    com.adobe.aem:aem-sdk-api:jar:2025.11.23482.20251120T200914Z-251200
org.apache.http.conn.util                                              0    4.5.13    com.adobe.aem:aem-sdk-api:jar:2025.11.23482.20251120T200914Z-251200
org.apache.http.cookie                                                 0    4.5.13    com.adobe.aem:aem-sdk-api:jar:2025.11.23482.20251120T200914Z-251200
org.apache.http.cookie.params                                          0    4.5.13    com.adobe.aem:aem-sdk-api:jar:2025.11.23482.20251120T200914Z-251200
org.apache.http.entity                                                 0    4.4.8     com.adobe.aem:aem-sdk-api:jar:2025.11.23482.20251120T200914Z-251200
org.apache.http.entity.mime                                            0    4.5.13    com.adobe.aem:aem-sdk-api:jar:2025.11.23482.20251120T200914Z-251200
org.apache.http.entity.mime.content                                    0    4.5.13    com.adobe.aem:aem-sdk-api:jar:2025.11.23482.20251120T200914Z-251200
org.apache.http.impl                                                   0    4.4.8     com.adobe.aem:aem-sdk-api:jar:2025.11.23482.20251120T200914Z-251200
org.apache.http.impl.auth                                              0    4.5.13    com.adobe.aem:aem-sdk-api:jar:2025.11.23482.20251120T200914Z-251200
org.apache.http.impl.bootstrap                                         0    4.4.8     com.adobe.aem:aem-sdk-api:jar:2025.11.23482.20251120T200914Z-251200
org.apache.http.impl.client                                            0    4.5.13    com.adobe.aem:aem-sdk-api:jar:2025.11.23482.20251120T200914Z-251200
org.apache.http.impl.client.cache                                      0    4.5.13    com.adobe.aem:aem-sdk-api:jar:2025.11.23482.20251120T200914Z-251200
org.apache.http.impl.client.cache.ehcache                              0    4.5.13    com.adobe.aem:aem-sdk-api:jar:2025.11.23482.20251120T200914Z-251200
org.apache.http.impl.client.cache.memcached                            0    4.5.13    com.adobe.aem:aem-sdk-api:jar:2025.11.23482.20251120T200914Z-251200
org.apache.http.impl.conn                                              0    4.5.13    com.adobe.aem:aem-sdk-api:jar:2025.11.23482.20251120T200914Z-251200
org.apache.http.impl.conn.tsccm                                        0    4.5.13    com.adobe.aem:aem-sdk-api:jar:2025.11.23482.20251120T200914Z-251200
org.apache.http.impl.cookie                                            0    4.5.13    com.adobe.aem:aem-sdk-api:jar:2025.11.23482.20251120T200914Z-251200
org.apache.http.impl.entity                                            0    4.4.8     com.adobe.aem:aem-sdk-api:jar:2025.11.23482.20251120T200914Z-251200
org.apache.http.impl.execchain                                         0    4.5.13    com.adobe.aem:aem-sdk-api:jar:2025.11.23482.20251120T200914Z-251200
org.apache.http.impl.io                                                0    4.4.8     com.adobe.aem:aem-sdk-api:jar:2025.11.23482.20251120T200914Z-251200
org.apache.http.impl.nio                                               0    4.4.8     com.adobe.aem:aem-sdk-api:jar:2025.11.23482.20251120T200914Z-251200
org.apache.http.impl.nio.bootstrap                                     0    4.4.8     com.adobe.aem:aem-sdk-api:jar:2025.11.23482.20251120T200914Z-251200
org.apache.http.impl.nio.codecs                                        0    4.4.8     com.adobe.aem:aem-sdk-api:jar:2025.11.23482.20251120T200914Z-251200
org.apache.http.impl.nio.pool                                          0    4.4.8     com.adobe.aem:aem-sdk-api:jar:2025.11.23482.20251120T200914Z-251200
org.apache.http.impl.nio.reactor                                       0    4.4.8     com.adobe.aem:aem-sdk-api:jar:2025.11.23482.20251120T200914Z-251200
org.apache.http.impl.nio.ssl                                           0    4.4.8     com.adobe.aem:aem-sdk-api:jar:2025.11.23482.20251120T200914Z-251200
org.apache.http.impl.pool                                              0    4.4.8     com.adobe.aem:aem-sdk-api:jar:2025.11.23482.20251120T200914Z-251200
org.apache.http.io                                                     0    4.4.8     com.adobe.aem:aem-sdk-api:jar:2025.11.23482.20251120T200914Z-251200
org.apache.http.message                                                0    4.4.8     com.adobe.aem:aem-sdk-api:jar:2025.11.23482.20251120T200914Z-251200
org.apache.http.nio                                                    0    4.4.8     com.adobe.aem:aem-sdk-api:jar:2025.11.23482.20251120T200914Z-251200
org.apache.http.nio.entity                                             0    4.4.8     com.adobe.aem:aem-sdk-api:jar:2025.11.23482.20251120T200914Z-251200
org.apache.http.nio.params                                             0    4.4.8     com.adobe.aem:aem-sdk-api:jar:2025.11.23482.20251120T200914Z-251200
org.apache.http.nio.pool                                               0    4.4.8     com.adobe.aem:aem-sdk-api:jar:2025.11.23482.20251120T200914Z-251200
org.apache.http.nio.protocol                                           0    4.4.8     com.adobe.aem:aem-sdk-api:jar:2025.11.23482.20251120T200914Z-251200
org.apache.http.nio.reactor                                            0    4.4.8     com.adobe.aem:aem-sdk-api:jar:2025.11.23482.20251120T200914Z-251200
org.apache.http.nio.reactor.ssl                                        0    4.4.8     com.adobe.aem:aem-sdk-api:jar:2025.11.23482.20251120T200914Z-251200
org.apache.http.nio.util                                               0    4.4.8     com.adobe.aem:aem-sdk-api:jar:2025.11.23482.20251120T200914Z-251200
org.apache.http.osgi.services                                          0    4.5.13    com.adobe.aem:aem-sdk-api:jar:2025.11.23482.20251120T200914Z-251200
org.apache.http.params                                                 0    4.4.8     com.adobe.aem:aem-sdk-api:jar:2025.11.23482.20251120T200914Z-251200
org.apache.http.pool                                                   0    4.4.8     com.adobe.aem:aem-sdk-api:jar:2025.11.23482.20251120T200914Z-251200
org.apache.http.protocol                                               0    4.4.8     com.adobe.aem:aem-sdk-api:jar:2025.11.23482.20251120T200914Z-251200
org.apache.http.ssl                                                    0    4.4.8     com.adobe.aem:aem-sdk-api:jar:2025.11.23482.20251120T200914Z-251200
org.apache.http.util                                                   0    4.4.8     com.adobe.aem:aem-sdk-api:jar:2025.11.23482.20251120T200914Z-251200
org.apache.jackrabbit                                                  0    2.3       com.adobe.aem:aem-sdk-api:jar:2025.11.23482.20251120T200914Z-251200
org.apache.jackrabbit.api                                              0    2.11.0    com.adobe.aem:aem-sdk-api:jar:2025.11.23482.20251120T200914Z-251200
org.apache.jackrabbit.api.binary                                       0    1.1.0     com.adobe.aem:aem-sdk-api:jar:2025.11.23482.20251120T200914Z-251200
org.apache.jackrabbit.api.jmx                                          0    2.3.1     com.adobe.aem:aem-sdk-api:jar:2025.11.23482.20251120T200914Z-251200
org.apache.jackrabbit.api.management                                   0    2.3.2     com.adobe.aem:aem-sdk-api:jar:2025.11.23482.20251120T200914Z-251200
org.apache.jackrabbit.api.observation                                  0    2.3.2     com.adobe.aem:aem-sdk-api:jar:2025.11.23482.20251120T200914Z-251200
org.apache.jackrabbit.api.query                                        0    2.13.6    com.adobe.aem:aem-sdk-api:jar:2025.11.23482.20251120T200914Z-251200
org.apache.jackrabbit.api.security                                     0    2.7.0     com.adobe.aem:aem-sdk-api:jar:2025.11.23482.20251120T200914Z-251200
org.apache.jackrabbit.api.security.authentication.token                0    2.3.2     com.adobe.aem:aem-sdk-api:jar:2025.11.23482.20251120T200914Z-251200
org.apache.jackrabbit.api.security.authorization                       0    2.6.1     com.adobe.aem:aem-sdk-api:jar:2025.11.23482.20251120T200914Z-251200
org.apache.jackrabbit.api.security.principal                           0    2.4.2     com.adobe.aem:aem-sdk-api:jar:2025.11.23482.20251120T200914Z-251200
org.apache.jackrabbit.api.security.user                                0    2.4.5     com.adobe.aem:aem-sdk-api:jar:2025.11.23482.20251120T200914Z-251200
org.apache.jackrabbit.api.stats                                        0    1.2.1     com.adobe.aem:aem-sdk-api:jar:2025.11.23482.20251120T200914Z-251200
org.apache.jackrabbit.commons                                          0    2.5.0     com.adobe.aem:aem-sdk-api:jar:2025.11.23482.20251120T200914Z-251200
org.apache.jackrabbit.commons.cnd                                      0    2.3       com.adobe.aem:aem-sdk-api:jar:2025.11.23482.20251120T200914Z-251200
org.apache.jackrabbit.commons.flat                                     0    2.3       com.adobe.aem:aem-sdk-api:jar:2025.11.23482.20251120T200914Z-251200
org.apache.jackrabbit.commons.iterator                                 0    2.4.0     com.adobe.aem:aem-sdk-api:jar:2025.11.23482.20251120T200914Z-251200
org.apache.jackrabbit.commons.jackrabbit                               0    2.13.5    com.adobe.aem:aem-sdk-api:jar:2025.11.23482.20251120T200914Z-251200
org.apache.jackrabbit.commons.jackrabbit.authorization                 0    2.13.5    com.adobe.aem:aem-sdk-api:jar:2025.11.23482.20251120T200914Z-251200
org.apache.jackrabbit.commons.jackrabbit.user                          0    2.3       com.adobe.aem:aem-sdk-api:jar:2025.11.23482.20251120T200914Z-251200
org.apache.jackrabbit.commons.json                                     0    2.2       com.adobe.aem:aem-sdk-api:jar:2025.11.23482.20251120T200914Z-251200
org.apache.jackrabbit.commons.observation                              0    2.13.5    com.adobe.aem:aem-sdk-api:jar:2025.11.23482.20251120T200914Z-251200
org.apache.jackrabbit.commons.packaging                                0    2.2.1     com.adobe.aem:aem-sdk-api:jar:2025.11.23482.20251120T200914Z-251200
org.apache.jackrabbit.commons.predicate                                0    2.2       com.adobe.aem:aem-sdk-api:jar:2025.11.23482.20251120T200914Z-251200
org.apache.jackrabbit.commons.query                                    0    2.3.1     com.adobe.aem:aem-sdk-api:jar:2025.11.23482.20251120T200914Z-251200
org.apache.jackrabbit.commons.query.qom                                0    2.3.1     com.adobe.aem:aem-sdk-api:jar:2025.11.23482.20251120T200914Z-251200
org.apache.jackrabbit.commons.query.sql2                               0    2.3.1     com.adobe.aem:aem-sdk-api:jar:2025.11.23482.20251120T200914Z-251200
org.apache.jackrabbit.commons.repository                               0    2.2       com.adobe.aem:aem-sdk-api:jar:2025.11.23482.20251120T200914Z-251200
org.apache.jackrabbit.commons.visitor                                  0    2.2       com.adobe.aem:aem-sdk-api:jar:2025.11.23482.20251120T200914Z-251200
org.apache.jackrabbit.commons.webdav                                   0    2.5.0     com.adobe.aem:aem-sdk-api:jar:2025.11.23482.20251120T200914Z-251200
org.apache.jackrabbit.commons.xml                                      0    2.2       com.adobe.aem:aem-sdk-api:jar:2025.11.23482.20251120T200914Z-251200
org.apache.jackrabbit.core.config                                      0    2.13.5    com.adobe.aem:aem-sdk-api:jar:2025.11.23482.20251120T200914Z-251200
org.apache.jackrabbit.core.data                                        0    2.15.0    com.adobe.aem:aem-sdk-api:jar:2025.11.23482.20251120T200914Z-251200
org.apache.jackrabbit.core.data.db                                     0    2.13.6    com.adobe.aem:aem-sdk-api:jar:2025.11.23482.20251120T200914Z-251200
org.apache.jackrabbit.core.data.util                                   0    2.13.5    com.adobe.aem:aem-sdk-api:jar:2025.11.23482.20251120T200914Z-251200
org.apache.jackrabbit.core.fs                                          0    2.13.5    com.adobe.aem:aem-sdk-api:jar:2025.11.23482.20251120T200914Z-251200
org.apache.jackrabbit.core.fs.local                                    0    2.13.5    com.adobe.aem:aem-sdk-api:jar:2025.11.23482.20251120T200914Z-251200
org.apache.jackrabbit.core.util.db                                     0    2.13.5    com.adobe.aem:aem-sdk-api:jar:2025.11.23482.20251120T200914Z-251200
org.apache.jackrabbit.data.core                                        0    2.13.5    com.adobe.aem:aem-sdk-api:jar:2025.11.23482.20251120T200914Z-251200
org.apache.jackrabbit.oak                                              0    0.0.0     com.adobe.aem:aem-sdk-api:jar:2025.11.23482.20251120T200914Z-251200
org.apache.jackrabbit.oak.api                                          0    3.4.0     com.adobe.aem:aem-sdk-api:jar:2025.11.23482.20251120T200914Z-251200
org.apache.jackrabbit.oak.api.jmx                                      0    4.16.0    com.adobe.aem:aem-sdk-api:jar:2025.11.23482.20251120T200914Z-251200
org.apache.jackrabbit.oak.commons                                      0    2.4.0     com.adobe.aem:aem-sdk-api:jar:2025.11.23482.20251120T200914Z-251200
org.apache.jackrabbit.oak.commons.cache                                0    1.0.1     com.adobe.aem:aem-sdk-api:jar:2025.11.23482.20251120T200914Z-251200
org.apache.jackrabbit.oak.commons.concurrent                           0    1.0.2     com.adobe.aem:aem-sdk-api:jar:2025.11.23482.20251120T200914Z-251200
org.apache.jackrabbit.oak.commons.io                                   0    2.0.0     com.adobe.aem:aem-sdk-api:jar:2025.11.23482.20251120T200914Z-251200
org.apache.jackrabbit.oak.commons.jmx                                  0    2.0.0     com.adobe.aem:aem-sdk-api:jar:2025.11.23482.20251120T200914Z-251200
org.apache.jackrabbit.oak.commons.json                                 0    1.1.0     com.adobe.aem:aem-sdk-api:jar:2025.11.23482.20251120T200914Z-251200
org.apache.jackrabbit.oak.commons.sort                                 0    1.3.0     com.adobe.aem:aem-sdk-api:jar:2025.11.23482.20251120T200914Z-251200
org.apache.jackrabbit.oak.composite                                    0    0.5.1     com.adobe.aem:aem-sdk-api:jar:2025.11.23482.20251120T200914Z-251200
org.apache.jackrabbit.oak.composite.checks                             0    0.0.1     com.adobe.aem:aem-sdk-api:jar:2025.11.23482.20251120T200914Z-251200
org.apache.jackrabbit.oak.jcr                                          0    0.0.0     com.adobe.aem:aem-sdk-api:jar:2025.11.23482.20251120T200914Z-251200
org.apache.jackrabbit.oak.jcr.observation.filter                       0    1.0.1     com.adobe.aem:aem-sdk-api:jar:2025.11.23482.20251120T200914Z-251200
org.apache.jackrabbit.oak.json                                         0    0.0.0     com.adobe.aem:aem-sdk-api:jar:2025.11.23482.20251120T200914Z-251200
org.apache.jackrabbit.oak.namepath                                     0    1.1.0     com.adobe.aem:aem-sdk-api:jar:2025.11.23482.20251120T200914Z-251200
org.apache.jackrabbit.oak.namepath.impl                                0    0.0.0     com.adobe.aem:aem-sdk-api:jar:2025.11.23482.20251120T200914Z-251200
org.apache.jackrabbit.oak.osgi                                         0    1.0.1     com.adobe.aem:aem-sdk-api:jar:2025.11.23482.20251120T200914Z-251200
org.apache.jackrabbit.oak.plugins.blob                                 0    0.0.0     com.adobe.aem:aem-sdk-api:jar:2025.11.23482.20251120T200914Z-251200
org.apache.jackrabbit.oak.plugins.blob.datastore                       0    0.0.0     com.adobe.aem:aem-sdk-api:jar:2025.11.23482.20251120T200914Z-251200
org.apache.jackrabbit.oak.plugins.commit                               0    0.0.0     com.adobe.aem:aem-sdk-api:jar:2025.11.23482.20251120T200914Z-251200
org.apache.jackrabbit.oak.plugins.document.spi                         0    0.0.0     com.adobe.aem:aem-sdk-api:jar:2025.11.23482.20251120T200914Z-251200
org.apache.jackrabbit.oak.plugins.identifier                           0    0.0.0     com.adobe.aem:aem-sdk-api:jar:2025.11.23482.20251120T200914Z-251200
org.apache.jackrabbit.oak.plugins.index                                0    0.0.0     com.adobe.aem:aem-sdk-api:jar:2025.11.23482.20251120T200914Z-251200
org.apache.jackrabbit.oak.plugins.index.aggregate                      0    0.0.0     com.adobe.aem:aem-sdk-api:jar:2025.11.23482.20251120T200914Z-251200
org.apache.jackrabbit.oak.plugins.index.fulltext                       0    0.0.0     com.adobe.aem:aem-sdk-api:jar:2025.11.23482.20251120T200914Z-251200
org.apache.jackrabbit.oak.plugins.index.importer                       0    0.5.0     com.adobe.aem:aem-sdk-api:jar:2025.11.23482.20251120T200914Z-251200
org.apache.jackrabbit.oak.plugins.index.lucene                         0    0.0.0     com.adobe.aem:aem-sdk-api:jar:2025.11.23482.20251120T200914Z-251200
org.apache.jackrabbit.oak.plugins.index.lucene.spi                     0    1.0.1     com.adobe.aem:aem-sdk-api:jar:2025.11.23482.20251120T200914Z-251200
org.apache.jackrabbit.oak.plugins.index.lucene.util                    0    0.0.0     com.adobe.aem:aem-sdk-api:jar:2025.11.23482.20251120T200914Z-251200
org.apache.jackrabbit.oak.plugins.index.property                       0    0.0.0     com.adobe.aem:aem-sdk-api:jar:2025.11.23482.20251120T200914Z-251200
org.apache.jackrabbit.oak.plugins.index.property.strategy              0    0.0.0     com.adobe.aem:aem-sdk-api:jar:2025.11.23482.20251120T200914Z-251200
org.apache.jackrabbit.oak.plugins.index.reference                      0    0.0.0     com.adobe.aem:aem-sdk-api:jar:2025.11.23482.20251120T200914Z-251200
org.apache.jackrabbit.oak.plugins.lock                                 0    0.0.0     com.adobe.aem:aem-sdk-api:jar:2025.11.23482.20251120T200914Z-251200
org.apache.jackrabbit.oak.plugins.memory                               0    0.0.0     com.adobe.aem:aem-sdk-api:jar:2025.11.23482.20251120T200914Z-251200
org.apache.jackrabbit.oak.plugins.migration                            0    0.0.0     com.adobe.aem:aem-sdk-api:jar:2025.11.23482.20251120T200914Z-251200
org.apache.jackrabbit.oak.plugins.migration.report                     0    0.0.0     com.adobe.aem:aem-sdk-api:jar:2025.11.23482.20251120T200914Z-251200
org.apache.jackrabbit.oak.plugins.name                                 0    0.0.0     com.adobe.aem:aem-sdk-api:jar:2025.11.23482.20251120T200914Z-251200
org.apache.jackrabbit.oak.plugins.nodetype                             0    0.0.0     com.adobe.aem:aem-sdk-api:jar:2025.11.23482.20251120T200914Z-251200
org.apache.jackrabbit.oak.plugins.nodetype.write                       0    0.0.0     com.adobe.aem:aem-sdk-api:jar:2025.11.23482.20251120T200914Z-251200
org.apache.jackrabbit.oak.plugins.observation                          0    0.0.0     com.adobe.aem:aem-sdk-api:jar:2025.11.23482.20251120T200914Z-251200
org.apache.jackrabbit.oak.plugins.observation.filter                   0    0.0.0     com.adobe.aem:aem-sdk-api:jar:2025.11.23482.20251120T200914Z-251200
org.apache.jackrabbit.oak.plugins.tree                                 0    3.4.0     com.adobe.aem:aem-sdk-api:jar:2025.11.23482.20251120T200914Z-251200
org.apache.jackrabbit.oak.plugins.tree.factories                       0    0.0.0     com.adobe.aem:aem-sdk-api:jar:2025.11.23482.20251120T200914Z-251200
org.apache.jackrabbit.oak.plugins.value                                0    0.0.0     com.adobe.aem:aem-sdk-api:jar:2025.11.23482.20251120T200914Z-251200
org.apache.jackrabbit.oak.plugins.value.jcr                            0    0.0.0     com.adobe.aem:aem-sdk-api:jar:2025.11.23482.20251120T200914Z-251200
org.apache.jackrabbit.oak.plugins.version                              0    0.0.0     com.adobe.aem:aem-sdk-api:jar:2025.11.23482.20251120T200914Z-251200
org.apache.jackrabbit.oak.query.facet                                  0    1.1.0     com.adobe.aem:aem-sdk-api:jar:2025.11.23482.20251120T200914Z-251200
org.apache.jackrabbit.oak.spi.blob                                     0    0.0.0     com.adobe.aem:aem-sdk-api:jar:2025.11.23482.20251120T200914Z-251200
org.apache.jackrabbit.oak.spi.blob.split                               0    0.0.0     com.adobe.aem:aem-sdk-api:jar:2025.11.23482.20251120T200914Z-251200
org.apache.jackrabbit.oak.spi.blob.stats                               0    0.0.0     com.adobe.aem:aem-sdk-api:jar:2025.11.23482.20251120T200914Z-251200
org.apache.jackrabbit.oak.spi.cluster                                  0    0.0.0     com.adobe.aem:aem-sdk-api:jar:2025.11.23482.20251120T200914Z-251200
org.apache.jackrabbit.oak.spi.commit                                   0    0.0.0     com.adobe.aem:aem-sdk-api:jar:2025.11.23482.20251120T200914Z-251200
org.apache.jackrabbit.oak.spi.descriptors                              0    1.0.1     com.adobe.aem:aem-sdk-api:jar:2025.11.23482.20251120T200914Z-251200
org.apache.jackrabbit.oak.spi.filter                                   0    0.0.0     com.adobe.aem:aem-sdk-api:jar:2025.11.23482.20251120T200914Z-251200
org.apache.jackrabbit.oak.spi.gc                                       0    1.0.1     com.adobe.aem:aem-sdk-api:jar:2025.11.23482.20251120T200914Z-251200
org.apache.jackrabbit.oak.spi.lifecycle                                0    0.0.0     com.adobe.aem:aem-sdk-api:jar:2025.11.23482.20251120T200914Z-251200
org.apache.jackrabbit.oak.spi.lock                                     0    1.0.0     com.adobe.aem:aem-sdk-api:jar:2025.11.23482.20251120T200914Z-251200
org.apache.jackrabbit.oak.spi.mount                                    0    3.2.0     com.adobe.aem:aem-sdk-api:jar:2025.11.23482.20251120T200914Z-251200
org.apache.jackrabbit.oak.spi.namespace                                0    1.1.0     com.adobe.aem:aem-sdk-api:jar:2025.11.23482.20251120T200914Z-251200
org.apache.jackrabbit.oak.spi.nodetype                                 0    1.2.0     com.adobe.aem:aem-sdk-api:jar:2025.11.23482.20251120T200914Z-251200
org.apache.jackrabbit.oak.spi.observation                              0    1.0.1     com.adobe.aem:aem-sdk-api:jar:2025.11.23482.20251120T200914Z-251200
org.apache.jackrabbit.oak.spi.query                                    0    3.2.0     com.adobe.aem:aem-sdk-api:jar:2025.11.23482.20251120T200914Z-251200
org.apache.jackrabbit.oak.spi.query.fulltext                           0    1.1.0     com.adobe.aem:aem-sdk-api:jar:2025.11.23482.20251120T200914Z-251200
org.apache.jackrabbit.oak.spi.security                                 0    2.4.0     com.adobe.aem:aem-sdk-api:jar:2025.11.23482.20251120T200914Z-251200
org.apache.jackrabbit.oak.spi.security.authentication                  0    1.7.0     com.adobe.aem:aem-sdk-api:jar:2025.11.23482.20251120T200914Z-251200
org.apache.jackrabbit.oak.spi.security.authentication.callback         0    1.1.1     com.adobe.aem:aem-sdk-api:jar:2025.11.23482.20251120T200914Z-251200
org.apache.jackrabbit.oak.spi.security.authentication.credentials      0    3.0.0     com.adobe.aem:aem-sdk-api:jar:2025.11.23482.20251120T200914Z-251200
org.apache.jackrabbit.oak.spi.security.authentication.external         0    2.5.0     com.adobe.aem:aem-sdk-api:jar:2025.11.23482.20251120T200914Z-251200
org.apache.jackrabbit.oak.spi.security.authentication.external.basic   0    1.8.1     com.adobe.aem:aem-sdk-api:jar:2025.11.23482.20251120T200914Z-251200
org.apache.jackrabbit.oak.spi.security.authentication.token            0    1.9.0     com.adobe.aem:aem-sdk-api:jar:2025.11.23482.20251120T200914Z-251200
org.apache.jackrabbit.oak.spi.security.authorization                   0    1.2.0     com.adobe.aem:aem-sdk-api:jar:2025.11.23482.20251120T200914Z-251200
org.apache.jackrabbit.oak.spi.security.authorization.accesscontrol     0    1.12.0    com.adobe.aem:aem-sdk-api:jar:2025.11.23482.20251120T200914Z-251200
org.apache.jackrabbit.oak.spi.security.authorization.cug               0    2.0.2     com.adobe.aem:aem-sdk-api:jar:2025.11.23482.20251120T200914Z-251200
org.apache.jackrabbit.oak.spi.security.authorization.permission        0    4.3.0     com.adobe.aem:aem-sdk-api:jar:2025.11.23482.20251120T200914Z-251200
org.apache.jackrabbit.oak.spi.security.authorization.restriction       0    1.3.0     com.adobe.aem:aem-sdk-api:jar:2025.11.23482.20251120T200914Z-251200
org.apache.jackrabbit.oak.spi.security.principal                       0    2.1.1     com.adobe.aem:aem-sdk-api:jar:2025.11.23482.20251120T200914Z-251200
org.apache.jackrabbit.oak.spi.security.privilege                       0    1.5.0     com.adobe.aem:aem-sdk-api:jar:2025.11.23482.20251120T200914Z-251200
org.apache.jackrabbit.oak.spi.security.user                            0    2.9.0     com.adobe.aem:aem-sdk-api:jar:2025.11.23482.20251120T200914Z-251200
org.apache.jackrabbit.oak.spi.security.user.action                     0    1.3.0     com.adobe.aem:aem-sdk-api:jar:2025.11.23482.20251120T200914Z-251200
org.apache.jackrabbit.oak.spi.security.user.util                       0    1.2.1     com.adobe.aem:aem-sdk-api:jar:2025.11.23482.20251120T200914Z-251200
org.apache.jackrabbit.oak.spi.state                                    0    0.0.0     com.adobe.aem:aem-sdk-api:jar:2025.11.23482.20251120T200914Z-251200
org.apache.jackrabbit.oak.spi.version                                  0    1.1.0     com.adobe.aem:aem-sdk-api:jar:2025.11.23482.20251120T200914Z-251200
org.apache.jackrabbit.oak.spi.whiteboard                               0    2.0.0     com.adobe.aem:aem-sdk-api:jar:2025.11.23482.20251120T200914Z-251200
org.apache.jackrabbit.oak.spi.xml                                      0    1.0.2     com.adobe.aem:aem-sdk-api:jar:2025.11.23482.20251120T200914Z-251200
org.apache.jackrabbit.oak.stats                                        0    1.3.0     com.adobe.aem:aem-sdk-api:jar:2025.11.23482.20251120T200914Z-251200
org.apache.jackrabbit.spi                                              0    3.0.0     com.adobe.aem:aem-sdk-api:jar:2025.11.23482.20251120T200914Z-251200
org.apache.jackrabbit.spi.commons                                      0    2.4.1     com.adobe.aem:aem-sdk-api:jar:2025.11.23482.20251120T200914Z-251200
org.apache.jackrabbit.spi.commons.batch                                0    2.4.0     com.adobe.aem:aem-sdk-api:jar:2025.11.23482.20251120T200914Z-251200
org.apache.jackrabbit.spi.commons.conversion                           0    2.5.0     com.adobe.aem:aem-sdk-api:jar:2025.11.23482.20251120T200914Z-251200
org.apache.jackrabbit.spi.commons.identifier                           0    2.4.0     com.adobe.aem:aem-sdk-api:jar:2025.11.23482.20251120T200914Z-251200
org.apache.jackrabbit.spi.commons.iterator                             0    2.5.0     com.adobe.aem:aem-sdk-api:jar:2025.11.23482.20251120T200914Z-251200
org.apache.jackrabbit.spi.commons.lock                                 0    2.4.0     com.adobe.aem:aem-sdk-api:jar:2025.11.23482.20251120T200914Z-251200
org.apache.jackrabbit.spi.commons.logging                              0    2.4.0     com.adobe.aem:aem-sdk-api:jar:2025.11.23482.20251120T200914Z-251200
org.apache.jackrabbit.spi.commons.name                                 0    2.4.0     com.adobe.aem:aem-sdk-api:jar:2025.11.23482.20251120T200914Z-251200
org.apache.jackrabbit.spi.commons.namespace                            0    2.4.0     com.adobe.aem:aem-sdk-api:jar:2025.11.23482.20251120T200914Z-251200
org.apache.jackrabbit.spi.commons.nodetype                             0    2.4.0     com.adobe.aem:aem-sdk-api:jar:2025.11.23482.20251120T200914Z-251200
org.apache.jackrabbit.spi.commons.nodetype.compact                     0    2.4.0     com.adobe.aem:aem-sdk-api:jar:2025.11.23482.20251120T200914Z-251200
org.apache.jackrabbit.spi.commons.nodetype.constraint                  0    2.4.0     com.adobe.aem:aem-sdk-api:jar:2025.11.23482.20251120T200914Z-251200
org.apache.jackrabbit.spi.commons.privilege                            0    2.4.0     com.adobe.aem:aem-sdk-api:jar:2025.11.23482.20251120T200914Z-251200
org.apache.jackrabbit.spi.commons.query                                0    2.4.0     com.adobe.aem:aem-sdk-api:jar:2025.11.23482.20251120T200914Z-251200
org.apache.jackrabbit.spi.commons.query.qom                            0    2.4.0     com.adobe.aem:aem-sdk-api:jar:2025.11.23482.20251120T200914Z-251200
org.apache.jackrabbit.spi.commons.query.sql                            0    2.4.1     com.adobe.aem:aem-sdk-api:jar:2025.11.23482.20251120T200914Z-251200
org.apache.jackrabbit.spi.commons.query.sql2                           0    2.4.0     com.adobe.aem:aem-sdk-api:jar:2025.11.23482.20251120T200914Z-251200
org.apache.jackrabbit.spi.commons.query.xpath                          0    2.4.1     com.adobe.aem:aem-sdk-api:jar:2025.11.23482.20251120T200914Z-251200
org.apache.jackrabbit.spi.commons.tree                                 0    2.13.5    com.adobe.aem:aem-sdk-api:jar:2025.11.23482.20251120T200914Z-251200
org.apache.jackrabbit.spi.commons.util                                 0    2.4.0     com.adobe.aem:aem-sdk-api:jar:2025.11.23482.20251120T200914Z-251200
org.apache.jackrabbit.spi.commons.value                                0    2.4.0     com.adobe.aem:aem-sdk-api:jar:2025.11.23482.20251120T200914Z-251200
org.apache.jackrabbit.stats                                            0    2.7.5     com.adobe.aem:aem-sdk-api:jar:2025.11.23482.20251120T200914Z-251200
org.apache.jackrabbit.stats.jmx                                        0    2.13.5    com.adobe.aem:aem-sdk-api:jar:2025.11.23482.20251120T200914Z-251200
org.apache.jackrabbit.util                                             0    2.6.0     com.adobe.aem:aem-sdk-api:jar:2025.11.23482.20251120T200914Z-251200
org.apache.jackrabbit.value                                            0    2.2.1     com.adobe.aem:aem-sdk-api:jar:2025.11.23482.20251120T200914Z-251200
org.apache.jackrabbit.vault.fs                                         0    2.5.0     com.adobe.aem:aem-sdk-api:jar:2025.11.23482.20251120T200914Z-251200
org.apache.jackrabbit.vault.fs.api                                     0    2.13.0    com.adobe.aem:aem-sdk-api:jar:2025.11.23482.20251120T200914Z-251200
org.apache.jackrabbit.vault.fs.config                                  0    2.9.0     com.adobe.aem:aem-sdk-api:jar:2025.11.23482.20251120T200914Z-251200
org.apache.jackrabbit.vault.fs.filter                                  0    2.4.0     com.adobe.aem:aem-sdk-api:jar:2025.11.23482.20251120T200914Z-251200
org.apache.jackrabbit.vault.fs.io                                      0    2.16.0    com.adobe.aem:aem-sdk-api:jar:2025.11.23482.20251120T200914Z-251200
org.apache.jackrabbit.vault.fs.spi                                     0    2.6.0     com.adobe.aem:aem-sdk-api:jar:2025.11.23482.20251120T200914Z-251200
org.apache.jackrabbit.vault.packaging                                  0    2.16.0    com.adobe.aem:aem-sdk-api:jar:2025.11.23482.20251120T200914Z-251200
org.apache.jackrabbit.vault.packaging.events                           0    1.0.1     com.adobe.aem:aem-sdk-api:jar:2025.11.23482.20251120T200914Z-251200
org.apache.jackrabbit.vault.packaging.registry                         0    1.4.0     com.adobe.aem:aem-sdk-api:jar:2025.11.23482.20251120T200914Z-251200
org.apache.jackrabbit.vault.util                                       0    2.12.0    com.adobe.aem:aem-sdk-api:jar:2025.11.23482.20251120T200914Z-251200
org.apache.jackrabbit.webdav                                           0    1.4.0     com.adobe.aem:aem-sdk-api:jar:2025.11.23482.20251120T200914Z-251200
org.apache.jackrabbit.webdav.bind                                      0    1.0.0     com.adobe.aem:aem-sdk-api:jar:2025.11.23482.20251120T200914Z-251200
org.apache.jackrabbit.webdav.client.methods                            0    2.0.0     com.adobe.aem:aem-sdk-api:jar:2025.11.23482.20251120T200914Z-251200
org.apache.jackrabbit.webdav.header                                    0    1.1.0     com.adobe.aem:aem-sdk-api:jar:2025.11.23482.20251120T200914Z-251200
org.apache.jackrabbit.webdav.io                                        0    1.0.1     com.adobe.aem:aem-sdk-api:jar:2025.11.23482.20251120T200914Z-251200
org.apache.jackrabbit.webdav.lock                                      0    1.0.1     com.adobe.aem:aem-sdk-api:jar:2025.11.23482.20251120T200914Z-251200
org.apache.jackrabbit.webdav.observation                               0    1.1.0     com.adobe.aem:aem-sdk-api:jar:2025.11.23482.20251120T200914Z-251200
org.apache.jackrabbit.webdav.ordering                                  0    1.0.0     com.adobe.aem:aem-sdk-api:jar:2025.11.23482.20251120T200914Z-251200
org.apache.jackrabbit.webdav.property                                  0    1.0.0     com.adobe.aem:aem-sdk-api:jar:2025.11.23482.20251120T200914Z-251200
org.apache.jackrabbit.webdav.search                                    0    1.0.0     com.adobe.aem:aem-sdk-api:jar:2025.11.23482.20251120T200914Z-251200
org.apache.jackrabbit.webdav.security                                  0    1.0.0     com.adobe.aem:aem-sdk-api:jar:2025.11.23482.20251120T200914Z-251200
org.apache.jackrabbit.webdav.security.report                           0    1.1.0     com.adobe.aem:aem-sdk-api:jar:2025.11.23482.20251120T200914Z-251200
org.apache.jackrabbit.webdav.server                                    0    1.2.0     com.adobe.aem:aem-sdk-api:jar:2025.11.23482.20251120T200914Z-251200
org.apache.jackrabbit.webdav.transaction                               0    1.0.0     com.adobe.aem:aem-sdk-api:jar:2025.11.23482.20251120T200914Z-251200
org.apache.jackrabbit.webdav.util                                      0    1.1.0     com.adobe.aem:aem-sdk-api:jar:2025.11.23482.20251120T200914Z-251200
org.apache.jackrabbit.webdav.version                                   0    1.0.0     com.adobe.aem:aem-sdk-api:jar:2025.11.23482.20251120T200914Z-251200
org.apache.jackrabbit.webdav.version.report                            0    1.1.0     com.adobe.aem:aem-sdk-api:jar:2025.11.23482.20251120T200914Z-251200
org.apache.jackrabbit.webdav.xml                                       0    1.2.0     com.adobe.aem:aem-sdk-api:jar:2025.11.23482.20251120T200914Z-251200
org.apache.log4j                                                       0    1.2.19    com.adobe.aem:aem-sdk-api:jar:2025.11.23482.20251120T200914Z-251200
org.apache.log4j.helpers                                               0    1.2.19    com.adobe.aem:aem-sdk-api:jar:2025.11.23482.20251120T200914Z-251200
org.apache.log4j.spi                                                   0    1.2.19    com.adobe.aem:aem-sdk-api:jar:2025.11.23482.20251120T200914Z-251200
org.apache.log4j.xml                                                   0    1.2.19    com.adobe.aem:aem-sdk-api:jar:2025.11.23482.20251120T200914Z-251200
org.apache.logging.log4j                                               0    2.20.0    com.adobe.aem:aem-sdk-api:jar:2025.11.23482.20251120T200914Z-251200
org.apache.logging.log4j.message                                       0    2.20.0    com.adobe.aem:aem-sdk-api:jar:2025.11.23482.20251120T200914Z-251200
org.apache.logging.log4j.spi                                           0    2.20.0    com.adobe.aem:aem-sdk-api:jar:2025.11.23482.20251120T200914Z-251200
org.apache.lucene                                                      0    4.7.2.oak2com.adobe.aem:aem-sdk-api:jar:2025.11.23482.20251120T200914Z-251200
org.apache.lucene.analysis                                             0    4.7.2.oak2com.adobe.aem:aem-sdk-api:jar:2025.11.23482.20251120T200914Z-251200
org.apache.lucene.analysis.ar                                          0    4.7.2.oak2com.adobe.aem:aem-sdk-api:jar:2025.11.23482.20251120T200914Z-251200
org.apache.lucene.analysis.bg                                          0    4.7.2.oak2com.adobe.aem:aem-sdk-api:jar:2025.11.23482.20251120T200914Z-251200
org.apache.lucene.analysis.br                                          0    4.7.2.oak2com.adobe.aem:aem-sdk-api:jar:2025.11.23482.20251120T200914Z-251200
org.apache.lucene.analysis.ca                                          0    4.7.2.oak2com.adobe.aem:aem-sdk-api:jar:2025.11.23482.20251120T200914Z-251200
org.apache.lucene.analysis.charfilter                                  0    4.7.2.oak2com.adobe.aem:aem-sdk-api:jar:2025.11.23482.20251120T200914Z-251200
org.apache.lucene.analysis.cjk                                         0    4.7.2.oak2com.adobe.aem:aem-sdk-api:jar:2025.11.23482.20251120T200914Z-251200
org.apache.lucene.analysis.ckb                                         0    4.7.2.oak2com.adobe.aem:aem-sdk-api:jar:2025.11.23482.20251120T200914Z-251200
org.apache.lucene.analysis.cn                                          0    4.7.2.oak2com.adobe.aem:aem-sdk-api:jar:2025.11.23482.20251120T200914Z-251200
org.apache.lucene.analysis.commongrams                                 0    4.7.2.oak2com.adobe.aem:aem-sdk-api:jar:2025.11.23482.20251120T200914Z-251200
org.apache.lucene.analysis.compound                                    0    4.7.2.oak2com.adobe.aem:aem-sdk-api:jar:2025.11.23482.20251120T200914Z-251200
org.apache.lucene.analysis.compound.hyphenation                        0    4.7.2.oak2com.adobe.aem:aem-sdk-api:jar:2025.11.23482.20251120T200914Z-251200
org.apache.lucene.analysis.core                                        0    4.7.2.oak2com.adobe.aem:aem-sdk-api:jar:2025.11.23482.20251120T200914Z-251200
org.apache.lucene.analysis.cz                                          0    4.7.2.oak2com.adobe.aem:aem-sdk-api:jar:2025.11.23482.20251120T200914Z-251200
org.apache.lucene.analysis.da                                          0    4.7.2.oak2com.adobe.aem:aem-sdk-api:jar:2025.11.23482.20251120T200914Z-251200
org.apache.lucene.analysis.de                                          0    4.7.2.oak2com.adobe.aem:aem-sdk-api:jar:2025.11.23482.20251120T200914Z-251200
org.apache.lucene.analysis.el                                          0    4.7.2.oak2com.adobe.aem:aem-sdk-api:jar:2025.11.23482.20251120T200914Z-251200
org.apache.lucene.analysis.en                                          0    4.7.2.oak2com.adobe.aem:aem-sdk-api:jar:2025.11.23482.20251120T200914Z-251200
org.apache.lucene.analysis.es                                          0    4.7.2.oak2com.adobe.aem:aem-sdk-api:jar:2025.11.23482.20251120T200914Z-251200
org.apache.lucene.analysis.eu                                          0    4.7.2.oak2com.adobe.aem:aem-sdk-api:jar:2025.11.23482.20251120T200914Z-251200
org.apache.lucene.analysis.fa                                          0    4.7.2.oak2com.adobe.aem:aem-sdk-api:jar:2025.11.23482.20251120T200914Z-251200
org.apache.lucene.analysis.fi                                          0    4.7.2.oak2com.adobe.aem:aem-sdk-api:jar:2025.11.23482.20251120T200914Z-251200
org.apache.lucene.analysis.fr                                          0    4.7.2.oak2com.adobe.aem:aem-sdk-api:jar:2025.11.23482.20251120T200914Z-251200
org.apache.lucene.analysis.ga                                          0    4.7.2.oak2com.adobe.aem:aem-sdk-api:jar:2025.11.23482.20251120T200914Z-251200
org.apache.lucene.analysis.gl                                          0    4.7.2.oak2com.adobe.aem:aem-sdk-api:jar:2025.11.23482.20251120T200914Z-251200
org.apache.lucene.analysis.hi                                          0    4.7.2.oak2com.adobe.aem:aem-sdk-api:jar:2025.11.23482.20251120T200914Z-251200
org.apache.lucene.analysis.hu                                          0    4.7.2.oak2com.adobe.aem:aem-sdk-api:jar:2025.11.23482.20251120T200914Z-251200
org.apache.lucene.analysis.hunspell                                    0    4.7.2.oak2com.adobe.aem:aem-sdk-api:jar:2025.11.23482.20251120T200914Z-251200
org.apache.lucene.analysis.hy                                          0    4.7.2.oak2com.adobe.aem:aem-sdk-api:jar:2025.11.23482.20251120T200914Z-251200
org.apache.lucene.analysis.id                                          0    4.7.2.oak2com.adobe.aem:aem-sdk-api:jar:2025.11.23482.20251120T200914Z-251200
org.apache.lucene.analysis.in                                          0    4.7.2.oak2com.adobe.aem:aem-sdk-api:jar:2025.11.23482.20251120T200914Z-251200
org.apache.lucene.analysis.it                                          0    4.7.2.oak2com.adobe.aem:aem-sdk-api:jar:2025.11.23482.20251120T200914Z-251200
org.apache.lucene.analysis.lv                                          0    4.7.2.oak2com.adobe.aem:aem-sdk-api:jar:2025.11.23482.20251120T200914Z-251200
org.apache.lucene.analysis.miscellaneous                               0    4.7.2.oak2com.adobe.aem:aem-sdk-api:jar:2025.11.23482.20251120T200914Z-251200
org.apache.lucene.analysis.ngram                                       0    4.7.2.oak2com.adobe.aem:aem-sdk-api:jar:2025.11.23482.20251120T200914Z-251200
org.apache.lucene.analysis.nl                                          0    4.7.2.oak2com.adobe.aem:aem-sdk-api:jar:2025.11.23482.20251120T200914Z-251200
org.apache.lucene.analysis.no                                          0    4.7.2.oak2com.adobe.aem:aem-sdk-api:jar:2025.11.23482.20251120T200914Z-251200
org.apache.lucene.analysis.path                                        0    4.7.2.oak2com.adobe.aem:aem-sdk-api:jar:2025.11.23482.20251120T200914Z-251200
org.apache.lucene.analysis.pattern                                     0    4.7.2.oak2com.adobe.aem:aem-sdk-api:jar:2025.11.23482.20251120T200914Z-251200
org.apache.lucene.analysis.payloads                                    0    4.7.2.oak2com.adobe.aem:aem-sdk-api:jar:2025.11.23482.20251120T200914Z-251200
org.apache.lucene.analysis.position                                    0    4.7.2.oak2com.adobe.aem:aem-sdk-api:jar:2025.11.23482.20251120T200914Z-251200
org.apache.lucene.analysis.pt                                          0    4.7.2.oak2com.adobe.aem:aem-sdk-api:jar:2025.11.23482.20251120T200914Z-251200
org.apache.lucene.analysis.query                                       0    4.7.2.oak2com.adobe.aem:aem-sdk-api:jar:2025.11.23482.20251120T200914Z-251200
org.apache.lucene.analysis.reverse                                     0    4.7.2.oak2com.adobe.aem:aem-sdk-api:jar:2025.11.23482.20251120T200914Z-251200
org.apache.lucene.analysis.ro                                          0    4.7.2.oak2com.adobe.aem:aem-sdk-api:jar:2025.11.23482.20251120T200914Z-251200
org.apache.lucene.analysis.ru                                          0    4.7.2.oak2com.adobe.aem:aem-sdk-api:jar:2025.11.23482.20251120T200914Z-251200
org.apache.lucene.analysis.shingle                                     0    4.7.2.oak2com.adobe.aem:aem-sdk-api:jar:2025.11.23482.20251120T200914Z-251200
org.apache.lucene.analysis.sinks                                       0    4.7.2.oak2com.adobe.aem:aem-sdk-api:jar:2025.11.23482.20251120T200914Z-251200
org.apache.lucene.analysis.snowball                                    0    4.7.2.oak2com.adobe.aem:aem-sdk-api:jar:2025.11.23482.20251120T200914Z-251200
org.apache.lucene.analysis.standard                                    0    4.7.2.oak2com.adobe.aem:aem-sdk-api:jar:2025.11.23482.20251120T200914Z-251200
org.apache.lucene.analysis.standard.std31                              0    4.7.2.oak2com.adobe.aem:aem-sdk-api:jar:2025.11.23482.20251120T200914Z-251200
org.apache.lucene.analysis.standard.std34                              0    4.7.2.oak2com.adobe.aem:aem-sdk-api:jar:2025.11.23482.20251120T200914Z-251200
org.apache.lucene.analysis.standard.std36                              0    4.7.2.oak2com.adobe.aem:aem-sdk-api:jar:2025.11.23482.20251120T200914Z-251200
org.apache.lucene.analysis.standard.std40                              0    4.7.2.oak2com.adobe.aem:aem-sdk-api:jar:2025.11.23482.20251120T200914Z-251200
org.apache.lucene.analysis.sv                                          0    4.7.2.oak2com.adobe.aem:aem-sdk-api:jar:2025.11.23482.20251120T200914Z-251200
org.apache.lucene.analysis.synonym                                     0    4.7.2.oak2com.adobe.aem:aem-sdk-api:jar:2025.11.23482.20251120T200914Z-251200
org.apache.lucene.analysis.th                                          0    4.7.2.oak2com.adobe.aem:aem-sdk-api:jar:2025.11.23482.20251120T200914Z-251200
org.apache.lucene.analysis.tokenattributes                             0    4.7.2.oak2com.adobe.aem:aem-sdk-api:jar:2025.11.23482.20251120T200914Z-251200
org.apache.lucene.analysis.tr                                          0    4.7.2.oak2com.adobe.aem:aem-sdk-api:jar:2025.11.23482.20251120T200914Z-251200
org.apache.lucene.analysis.util                                        0    4.7.2.oak2com.adobe.aem:aem-sdk-api:jar:2025.11.23482.20251120T200914Z-251200
org.apache.lucene.analysis.wikipedia                                   0    4.7.2.oak2com.adobe.aem:aem-sdk-api:jar:2025.11.23482.20251120T200914Z-251200
org.apache.lucene.codecs                                               0    4.7.2.oak2com.adobe.aem:aem-sdk-api:jar:2025.11.23482.20251120T200914Z-251200
org.apache.lucene.codecs.compressing                                   0    4.7.2.oak2com.adobe.aem:aem-sdk-api:jar:2025.11.23482.20251120T200914Z-251200
org.apache.lucene.codecs.lucene3x                                      0    4.7.2.oak2com.adobe.aem:aem-sdk-api:jar:2025.11.23482.20251120T200914Z-251200
org.apache.lucene.codecs.lucene40                                      0    4.7.2.oak2com.adobe.aem:aem-sdk-api:jar:2025.11.23482.20251120T200914Z-251200
org.apache.lucene.codecs.lucene41                                      0    4.7.2.oak2com.adobe.aem:aem-sdk-api:jar:2025.11.23482.20251120T200914Z-251200
org.apache.lucene.codecs.lucene42                                      0    4.7.2.oak2com.adobe.aem:aem-sdk-api:jar:2025.11.23482.20251120T200914Z-251200
org.apache.lucene.codecs.lucene45                                      0    4.7.2.oak2com.adobe.aem:aem-sdk-api:jar:2025.11.23482.20251120T200914Z-251200
org.apache.lucene.codecs.lucene46                                      0    4.7.2.oak2com.adobe.aem:aem-sdk-api:jar:2025.11.23482.20251120T200914Z-251200
org.apache.lucene.codecs.perfield                                      0    4.7.2.oak2com.adobe.aem:aem-sdk-api:jar:2025.11.23482.20251120T200914Z-251200
org.apache.lucene.collation                                            0    4.7.2.oak2com.adobe.aem:aem-sdk-api:jar:2025.11.23482.20251120T200914Z-251200
org.apache.lucene.collation.tokenattributes                            0    4.7.2.oak2com.adobe.aem:aem-sdk-api:jar:2025.11.23482.20251120T200914Z-251200
org.apache.lucene.document                                             0    4.7.2.oak2com.adobe.aem:aem-sdk-api:jar:2025.11.23482.20251120T200914Z-251200
org.apache.lucene.facet                                                0    4.7.2.oak2com.adobe.aem:aem-sdk-api:jar:2025.11.23482.20251120T200914Z-251200
org.apache.lucene.facet.range                                          0    4.7.2.oak2com.adobe.aem:aem-sdk-api:jar:2025.11.23482.20251120T200914Z-251200
org.apache.lucene.facet.sortedset                                      0    4.7.2.oak2com.adobe.aem:aem-sdk-api:jar:2025.11.23482.20251120T200914Z-251200
org.apache.lucene.facet.taxonomy                                       0    4.7.2.oak2com.adobe.aem:aem-sdk-api:jar:2025.11.23482.20251120T200914Z-251200
org.apache.lucene.facet.taxonomy.directory                             0    4.7.2.oak2com.adobe.aem:aem-sdk-api:jar:2025.11.23482.20251120T200914Z-251200
org.apache.lucene.facet.taxonomy.writercache                           0    4.7.2.oak2com.adobe.aem:aem-sdk-api:jar:2025.11.23482.20251120T200914Z-251200
org.apache.lucene.index                                                0    4.7.2.oak2com.adobe.aem:aem-sdk-api:jar:2025.11.23482.20251120T200914Z-251200
org.apache.lucene.index.memory                                         0    4.7.2.oak2com.adobe.aem:aem-sdk-api:jar:2025.11.23482.20251120T200914Z-251200
org.apache.lucene.index.sorter                                         0    4.7.2.oak2com.adobe.aem:aem-sdk-api:jar:2025.11.23482.20251120T200914Z-251200
org.apache.lucene.misc                                                 0    4.7.2.oak2com.adobe.aem:aem-sdk-api:jar:2025.11.23482.20251120T200914Z-251200
org.apache.lucene.queries                                              0    4.7.2.oak2com.adobe.aem:aem-sdk-api:jar:2025.11.23482.20251120T200914Z-251200
org.apache.lucene.queries.function                                     0    4.7.2.oak2com.adobe.aem:aem-sdk-api:jar:2025.11.23482.20251120T200914Z-251200
org.apache.lucene.queries.function.docvalues                           0    4.7.2.oak2com.adobe.aem:aem-sdk-api:jar:2025.11.23482.20251120T200914Z-251200
org.apache.lucene.queries.function.valuesource                         0    4.7.2.oak2com.adobe.aem:aem-sdk-api:jar:2025.11.23482.20251120T200914Z-251200
org.apache.lucene.queries.mlt                                          0    4.7.2.oak2com.adobe.aem:aem-sdk-api:jar:2025.11.23482.20251120T200914Z-251200
org.apache.lucene.queryparser.analyzing                                0    4.7.2.oak2com.adobe.aem:aem-sdk-api:jar:2025.11.23482.20251120T200914Z-251200
org.apache.lucene.queryparser.classic                                  0    4.7.2.oak2com.adobe.aem:aem-sdk-api:jar:2025.11.23482.20251120T200914Z-251200
org.apache.lucene.queryparser.complexPhrase                            0    4.7.2.oak2com.adobe.aem:aem-sdk-api:jar:2025.11.23482.20251120T200914Z-251200
org.apache.lucene.queryparser.ext                                      0    4.7.2.oak2com.adobe.aem:aem-sdk-api:jar:2025.11.23482.20251120T200914Z-251200
org.apache.lucene.queryparser.flexible.core                            0    4.7.2.oak2com.adobe.aem:aem-sdk-api:jar:2025.11.23482.20251120T200914Z-251200
org.apache.lucene.queryparser.flexible.core.builders                   0    4.7.2.oak2com.adobe.aem:aem-sdk-api:jar:2025.11.23482.20251120T200914Z-251200
org.apache.lucene.queryparser.flexible.core.config                     0    4.7.2.oak2com.adobe.aem:aem-sdk-api:jar:2025.11.23482.20251120T200914Z-251200
org.apache.lucene.queryparser.flexible.core.messages                   0    4.7.2.oak2com.adobe.aem:aem-sdk-api:jar:2025.11.23482.20251120T200914Z-251200
org.apache.lucene.queryparser.flexible.core.nodes                      0    4.7.2.oak2com.adobe.aem:aem-sdk-api:jar:2025.11.23482.20251120T200914Z-251200
org.apache.lucene.queryparser.flexible.core.parser                     0    4.7.2.oak2com.adobe.aem:aem-sdk-api:jar:2025.11.23482.20251120T200914Z-251200
org.apache.lucene.queryparser.flexible.core.processors                 0    4.7.2.oak2com.adobe.aem:aem-sdk-api:jar:2025.11.23482.20251120T200914Z-251200
org.apache.lucene.queryparser.flexible.core.util                       0    4.7.2.oak2com.adobe.aem:aem-sdk-api:jar:2025.11.23482.20251120T200914Z-251200
org.apache.lucene.queryparser.flexible.messages                        0    4.7.2.oak2com.adobe.aem:aem-sdk-api:jar:2025.11.23482.20251120T200914Z-251200
org.apache.lucene.queryparser.flexible.precedence                      0    4.7.2.oak2com.adobe.aem:aem-sdk-api:jar:2025.11.23482.20251120T200914Z-251200
org.apache.lucene.queryparser.flexible.precedence.processors           0    4.7.2.oak2com.adobe.aem:aem-sdk-api:jar:2025.11.23482.20251120T200914Z-251200
org.apache.lucene.queryparser.flexible.standard                        0    4.7.2.oak2com.adobe.aem:aem-sdk-api:jar:2025.11.23482.20251120T200914Z-251200
org.apache.lucene.queryparser.flexible.standard.builders               0    4.7.2.oak2com.adobe.aem:aem-sdk-api:jar:2025.11.23482.20251120T200914Z-251200
org.apache.lucene.queryparser.flexible.standard.config                 0    4.7.2.oak2com.adobe.aem:aem-sdk-api:jar:2025.11.23482.20251120T200914Z-251200
org.apache.lucene.queryparser.flexible.standard.nodes                  0    4.7.2.oak2com.adobe.aem:aem-sdk-api:jar:2025.11.23482.20251120T200914Z-251200
org.apache.lucene.queryparser.flexible.standard.parser                 0    4.7.2.oak2com.adobe.aem:aem-sdk-api:jar:2025.11.23482.20251120T200914Z-251200
org.apache.lucene.queryparser.flexible.standard.processors             0    4.7.2.oak2com.adobe.aem:aem-sdk-api:jar:2025.11.23482.20251120T200914Z-251200
org.apache.lucene.queryparser.simple                                   0    4.7.2.oak2com.adobe.aem:aem-sdk-api:jar:2025.11.23482.20251120T200914Z-251200
org.apache.lucene.queryparser.surround.parser                          0    4.7.2.oak2com.adobe.aem:aem-sdk-api:jar:2025.11.23482.20251120T200914Z-251200
org.apache.lucene.queryparser.surround.query                           0    4.7.2.oak2com.adobe.aem:aem-sdk-api:jar:2025.11.23482.20251120T200914Z-251200
org.apache.lucene.search                                               0    4.7.2.oak2com.adobe.aem:aem-sdk-api:jar:2025.11.23482.20251120T200914Z-251200
org.apache.lucene.search.highlight                                     0    4.7.2.oak2com.adobe.aem:aem-sdk-api:jar:2025.11.23482.20251120T200914Z-251200
org.apache.lucene.search.payloads                                      0    4.7.2.oak2com.adobe.aem:aem-sdk-api:jar:2025.11.23482.20251120T200914Z-251200
org.apache.lucene.search.postingshighlight                             0    4.7.2.oak2com.adobe.aem:aem-sdk-api:jar:2025.11.23482.20251120T200914Z-251200
org.apache.lucene.search.similarities                                  0    4.7.2.oak2com.adobe.aem:aem-sdk-api:jar:2025.11.23482.20251120T200914Z-251200
org.apache.lucene.search.spans                                         0    4.7.2.oak2com.adobe.aem:aem-sdk-api:jar:2025.11.23482.20251120T200914Z-251200
org.apache.lucene.search.spell                                         0    4.7.2.oak2com.adobe.aem:aem-sdk-api:jar:2025.11.23482.20251120T200914Z-251200
org.apache.lucene.search.suggest                                       0    4.7.2.oak2com.adobe.aem:aem-sdk-api:jar:2025.11.23482.20251120T200914Z-251200
org.apache.lucene.search.suggest.analyzing                             0    4.7.2.oak2com.adobe.aem:aem-sdk-api:jar:2025.11.23482.20251120T200914Z-251200
org.apache.lucene.search.suggest.fst                                   0    4.7.2.oak2com.adobe.aem:aem-sdk-api:jar:2025.11.23482.20251120T200914Z-251200
org.apache.lucene.search.suggest.jaspell                               0    4.7.2.oak2com.adobe.aem:aem-sdk-api:jar:2025.11.23482.20251120T200914Z-251200
org.apache.lucene.search.suggest.tst                                   0    4.7.2.oak2com.adobe.aem:aem-sdk-api:jar:2025.11.23482.20251120T200914Z-251200
org.apache.lucene.search.vectorhighlight                               0    4.7.2.oak2com.adobe.aem:aem-sdk-api:jar:2025.11.23482.20251120T200914Z-251200
org.apache.lucene.store                                                0    4.7.2.oak2com.adobe.aem:aem-sdk-api:jar:2025.11.23482.20251120T200914Z-251200
org.apache.lucene.util                                                 0    4.7.2.oak2com.adobe.aem:aem-sdk-api:jar:2025.11.23482.20251120T200914Z-251200
org.apache.lucene.util.automaton                                       0    4.7.2.oak2com.adobe.aem:aem-sdk-api:jar:2025.11.23482.20251120T200914Z-251200
org.apache.lucene.util.fst                                             0    4.7.2.oak2com.adobe.aem:aem-sdk-api:jar:2025.11.23482.20251120T200914Z-251200
org.apache.lucene.util.mutable                                         0    4.7.2.oak2com.adobe.aem:aem-sdk-api:jar:2025.11.23482.20251120T200914Z-251200
org.apache.lucene.util.packed                                          0    4.7.2.oak2com.adobe.aem:aem-sdk-api:jar:2025.11.23482.20251120T200914Z-251200
org.apache.oltu.commons.encodedtoken                                   0    1.0.1     com.adobe.aem:aem-sdk-api:jar:2025.11.23482.20251120T200914Z-251200
org.apache.oltu.commons.json                                           0    1.0.0     com.adobe.aem:aem-sdk-api:jar:2025.11.23482.20251120T200914Z-251200
org.apache.oltu.jose.jws                                               0    1.0.1     com.adobe.aem:aem-sdk-api:jar:2025.11.23482.20251120T200914Z-251200
org.apache.oltu.jose.jws.io                                            0    1.0.1     com.adobe.aem:aem-sdk-api:jar:2025.11.23482.20251120T200914Z-251200
org.apache.oltu.jose.jws.signature                                     0    1.0.1     com.adobe.aem:aem-sdk-api:jar:2025.11.23482.20251120T200914Z-251200
org.apache.oltu.jose.jws.signature.impl                                0    1.0.1     com.adobe.aem:aem-sdk-api:jar:2025.11.23482.20251120T200914Z-251200
org.apache.oltu.oauth2.as.issuer                                       0    1.0.0     com.adobe.aem:aem-sdk-api:jar:2025.11.23482.20251120T200914Z-251200
org.apache.oltu.oauth2.as.request                                      0    1.0.0     com.adobe.aem:aem-sdk-api:jar:2025.11.23482.20251120T200914Z-251200
org.apache.oltu.oauth2.as.response                                     0    1.0.0     com.adobe.aem:aem-sdk-api:jar:2025.11.23482.20251120T200914Z-251200
org.apache.oltu.oauth2.as.validator                                    0    1.0.0     com.adobe.aem:aem-sdk-api:jar:2025.11.23482.20251120T200914Z-251200
org.apache.oltu.oauth2.client                                          0    1.0.0     com.adobe.aem:aem-sdk-api:jar:2025.11.23482.20251120T200914Z-251200
org.apache.oltu.oauth2.client.request                                  0    1.0.0     com.adobe.aem:aem-sdk-api:jar:2025.11.23482.20251120T200914Z-251200
org.apache.oltu.oauth2.client.response                                 0    1.0.0     com.adobe.aem:aem-sdk-api:jar:2025.11.23482.20251120T200914Z-251200
org.apache.oltu.oauth2.common                                          0    1.0.1     com.adobe.aem:aem-sdk-api:jar:2025.11.23482.20251120T200914Z-251200
org.apache.oltu.oauth2.common.domain.client                            0    1.0.1     com.adobe.aem:aem-sdk-api:jar:2025.11.23482.20251120T200914Z-251200
org.apache.oltu.oauth2.common.domain.credentials                       0    1.0.1     com.adobe.aem:aem-sdk-api:jar:2025.11.23482.20251120T200914Z-251200
org.apache.oltu.oauth2.common.error                                    0    1.0.1     com.adobe.aem:aem-sdk-api:jar:2025.11.23482.20251120T200914Z-251200
org.apache.oltu.oauth2.common.exception                                0    1.0.1     com.adobe.aem:aem-sdk-api:jar:2025.11.23482.20251120T200914Z-251200
org.apache.oltu.oauth2.common.message                                  0    1.0.1     com.adobe.aem:aem-sdk-api:jar:2025.11.23482.20251120T200914Z-251200
org.apache.oltu.oauth2.common.message.types                            0    1.0.1     com.adobe.aem:aem-sdk-api:jar:2025.11.23482.20251120T200914Z-251200
org.apache.oltu.oauth2.common.parameters                               0    1.0.1     com.adobe.aem:aem-sdk-api:jar:2025.11.23482.20251120T200914Z-251200
org.apache.oltu.oauth2.common.token                                    0    1.0.1     com.adobe.aem:aem-sdk-api:jar:2025.11.23482.20251120T200914Z-251200
org.apache.oltu.oauth2.common.utils                                    0    1.0.1     com.adobe.aem:aem-sdk-api:jar:2025.11.23482.20251120T200914Z-251200
org.apache.oltu.oauth2.common.validators                               0    1.0.1     com.adobe.aem:aem-sdk-api:jar:2025.11.23482.20251120T200914Z-251200
org.apache.oltu.oauth2.jwt                                             0    1.0.3     com.adobe.aem:aem-sdk-api:jar:2025.11.23482.20251120T200914Z-251200
org.apache.oltu.oauth2.jwt.io                                          0    1.0.3     com.adobe.aem:aem-sdk-api:jar:2025.11.23482.20251120T200914Z-251200
org.apache.oltu.oauth2.jwt.request                                     0    1.0.3     com.adobe.aem:aem-sdk-api:jar:2025.11.23482.20251120T200914Z-251200
org.apache.oltu.oauth2.rs                                              0    1.0.0     com.adobe.aem:aem-sdk-api:jar:2025.11.23482.20251120T200914Z-251200
org.apache.oltu.oauth2.rs.extractor                                    0    1.0.0     com.adobe.aem:aem-sdk-api:jar:2025.11.23482.20251120T200914Z-251200
org.apache.oltu.oauth2.rs.request                                      0    1.0.0     com.adobe.aem:aem-sdk-api:jar:2025.11.23482.20251120T200914Z-251200
org.apache.oltu.oauth2.rs.response                                     0    1.0.0     com.adobe.aem:aem-sdk-api:jar:2025.11.23482.20251120T200914Z-251200
org.apache.oltu.oauth2.rs.validator                                    0    1.0.0     com.adobe.aem:aem-sdk-api:jar:2025.11.23482.20251120T200914Z-251200
org.apache.poi                                                         0    3.0.0     com.adobe.aem:aem-sdk-api:jar:2025.11.23482.20251120T200914Z-251200
org.apache.poi.common.usermodel                                        0    3.0.0     com.adobe.aem:aem-sdk-api:jar:2025.11.23482.20251120T200914Z-251200
org.apache.poi.common.usermodel.fonts                                  0    3.0.0     com.adobe.aem:aem-sdk-api:jar:2025.11.23482.20251120T200914Z-251200
org.apache.poi.ddf                                                     0    3.0.0     com.adobe.aem:aem-sdk-api:jar:2025.11.23482.20251120T200914Z-251200
org.apache.poi.extractor                                               0    3.0.0     com.adobe.aem:aem-sdk-api:jar:2025.11.23482.20251120T200914Z-251200
org.apache.poi.hdgf                                                    0    3.0.0     com.adobe.aem:aem-sdk-api:jar:2025.11.23482.20251120T200914Z-251200
org.apache.poi.hdgf.chunks                                             0    3.0.0     com.adobe.aem:aem-sdk-api:jar:2025.11.23482.20251120T200914Z-251200
org.apache.poi.hdgf.dev                                                0    3.0.0     com.adobe.aem:aem-sdk-api:jar:2025.11.23482.20251120T200914Z-251200
org.apache.poi.hdgf.exceptions                                         0    2.0.6     com.adobe.aem:aem-sdk-api:jar:2025.11.23482.20251120T200914Z-251200
org.apache.poi.hdgf.extractor                                          0    3.0.0     com.adobe.aem:aem-sdk-api:jar:2025.11.23482.20251120T200914Z-251200
org.apache.poi.hdgf.pointers                                           0    2.0.6     com.adobe.aem:aem-sdk-api:jar:2025.11.23482.20251120T200914Z-251200
org.apache.poi.hdgf.streams                                            0    2.0.6     com.adobe.aem:aem-sdk-api:jar:2025.11.23482.20251120T200914Z-251200
org.apache.poi.hemf.record.emf                                         0    3.0.0     com.adobe.aem:aem-sdk-api:jar:2025.11.23482.20251120T200914Z-251200
org.apache.poi.hemf.usermodel                                          0    3.0.0     com.adobe.aem:aem-sdk-api:jar:2025.11.23482.20251120T200914Z-251200
org.apache.poi.hmef                                                    0    2.0.6     com.adobe.aem:aem-sdk-api:jar:2025.11.23482.20251120T200914Z-251200
org.apache.poi.hmef.attribute                                          0    2.0.6     com.adobe.aem:aem-sdk-api:jar:2025.11.23482.20251120T200914Z-251200
org.apache.poi.hmef.dev                                                0    2.0.6     com.adobe.aem:aem-sdk-api:jar:2025.11.23482.20251120T200914Z-251200
org.apache.poi.hmef.extractor                                          0    2.1.0     com.adobe.aem:aem-sdk-api:jar:2025.11.23482.20251120T200914Z-251200
org.apache.poi.hpbf                                                    0    3.0.0     com.adobe.aem:aem-sdk-api:jar:2025.11.23482.20251120T200914Z-251200
org.apache.poi.hpbf.dev                                                0    3.0.0     com.adobe.aem:aem-sdk-api:jar:2025.11.23482.20251120T200914Z-251200
org.apache.poi.hpbf.extractor                                          0    3.0.0     com.adobe.aem:aem-sdk-api:jar:2025.11.23482.20251120T200914Z-251200
org.apache.poi.hpbf.model                                              0    2.0.6     com.adobe.aem:aem-sdk-api:jar:2025.11.23482.20251120T200914Z-251200
org.apache.poi.hpbf.model.qcbits                                       0    2.0.6     com.adobe.aem:aem-sdk-api:jar:2025.11.23482.20251120T200914Z-251200
org.apache.poi.hpsf                                                    0    3.0.0     com.adobe.aem:aem-sdk-api:jar:2025.11.23482.20251120T200914Z-251200
org.apache.poi.hpsf.extractor                                          0    3.0.0     com.adobe.aem:aem-sdk-api:jar:2025.11.23482.20251120T200914Z-251200
org.apache.poi.hpsf.wellknown                                          0    3.0.0     com.adobe.aem:aem-sdk-api:jar:2025.11.23482.20251120T200914Z-251200
org.apache.poi.hslf.blip                                               0    3.0.0     com.adobe.aem:aem-sdk-api:jar:2025.11.23482.20251120T200914Z-251200
org.apache.poi.hslf.data                                               0    3.0.0     com.adobe.aem:aem-sdk-api:jar:2025.11.23482.20251120T200914Z-251200
org.apache.poi.hslf.dev                                                0    3.0.0     com.adobe.aem:aem-sdk-api:jar:2025.11.23482.20251120T200914Z-251200
org.apache.poi.hslf.exceptions                                         0    2.1.0     com.adobe.aem:aem-sdk-api:jar:2025.11.23482.20251120T200914Z-251200
org.apache.poi.hslf.extractor                                          0    3.0.0     com.adobe.aem:aem-sdk-api:jar:2025.11.23482.20251120T200914Z-251200
org.apache.poi.hslf.model                                              0    3.0.0     com.adobe.aem:aem-sdk-api:jar:2025.11.23482.20251120T200914Z-251200
org.apache.poi.hslf.model.textproperties                               0    3.0.0     com.adobe.aem:aem-sdk-api:jar:2025.11.23482.20251120T200914Z-251200
org.apache.poi.hslf.record                                             0    3.0.0     com.adobe.aem:aem-sdk-api:jar:2025.11.23482.20251120T200914Z-251200
org.apache.poi.hslf.usermodel                                          0    3.0.0     com.adobe.aem:aem-sdk-api:jar:2025.11.23482.20251120T200914Z-251200
org.apache.poi.hslf.util                                               0    2.0.6     com.adobe.aem:aem-sdk-api:jar:2025.11.23482.20251120T200914Z-251200
org.apache.poi.hsmf                                                    0    3.0.0     com.adobe.aem:aem-sdk-api:jar:2025.11.23482.20251120T200914Z-251200
org.apache.poi.hsmf.datatypes                                          0    2.1.0     com.adobe.aem:aem-sdk-api:jar:2025.11.23482.20251120T200914Z-251200
org.apache.poi.hsmf.dev                                                0    3.0.0     com.adobe.aem:aem-sdk-api:jar:2025.11.23482.20251120T200914Z-251200
org.apache.poi.hsmf.exceptions                                         0    2.0.6     com.adobe.aem:aem-sdk-api:jar:2025.11.23482.20251120T200914Z-251200
org.apache.poi.hsmf.extractor                                          0    3.0.0     com.adobe.aem:aem-sdk-api:jar:2025.11.23482.20251120T200914Z-251200
org.apache.poi.hsmf.parsers                                            0    3.0.0     com.adobe.aem:aem-sdk-api:jar:2025.11.23482.20251120T200914Z-251200
org.apache.poi.hssf                                                    0    2.0.6     com.adobe.aem:aem-sdk-api:jar:2025.11.23482.20251120T200914Z-251200
org.apache.poi.hssf.converter                                          0    3.0.0     com.adobe.aem:aem-sdk-api:jar:2025.11.23482.20251120T200914Z-251200
org.apache.poi.hssf.eventmodel                                         0    2.0.6     com.adobe.aem:aem-sdk-api:jar:2025.11.23482.20251120T200914Z-251200
org.apache.poi.hssf.eventusermodel                                     0    2.0.6     com.adobe.aem:aem-sdk-api:jar:2025.11.23482.20251120T200914Z-251200
org.apache.poi.hssf.eventusermodel.dummyrecord                         0    2.0.6     com.adobe.aem:aem-sdk-api:jar:2025.11.23482.20251120T200914Z-251200
org.apache.poi.hssf.extractor                                          0    3.0.0     com.adobe.aem:aem-sdk-api:jar:2025.11.23482.20251120T200914Z-251200
org.apache.poi.hssf.model                                              0    3.0.0     com.adobe.aem:aem-sdk-api:jar:2025.11.23482.20251120T200914Z-251200
org.apache.poi.hssf.record                                             0    3.0.0     com.adobe.aem:aem-sdk-api:jar:2025.11.23482.20251120T200914Z-251200
org.apache.poi.hssf.record.aggregates                                  0    3.0.0     com.adobe.aem:aem-sdk-api:jar:2025.11.23482.20251120T200914Z-251200
org.apache.poi.hssf.record.cf                                          0    3.0.0     com.adobe.aem:aem-sdk-api:jar:2025.11.23482.20251120T200914Z-251200
org.apache.poi.hssf.record.chart                                       0    2.1.0     com.adobe.aem:aem-sdk-api:jar:2025.11.23482.20251120T200914Z-251200
org.apache.poi.hssf.record.common                                      0    3.0.0     com.adobe.aem:aem-sdk-api:jar:2025.11.23482.20251120T200914Z-251200
org.apache.poi.hssf.record.cont                                        0    2.0.6     com.adobe.aem:aem-sdk-api:jar:2025.11.23482.20251120T200914Z-251200
org.apache.poi.hssf.record.crypto                                      0    2.0.6     com.adobe.aem:aem-sdk-api:jar:2025.11.23482.20251120T200914Z-251200
org.apache.poi.hssf.record.pivottable                                  0    2.0.6     com.adobe.aem:aem-sdk-api:jar:2025.11.23482.20251120T200914Z-251200
org.apache.poi.hssf.usermodel                                          0    3.0.0     com.adobe.aem:aem-sdk-api:jar:2025.11.23482.20251120T200914Z-251200
org.apache.poi.hssf.usermodel.helpers                                  0    2.0.6     com.adobe.aem:aem-sdk-api:jar:2025.11.23482.20251120T200914Z-251200
org.apache.poi.hssf.util                                               0    3.0.0     com.adobe.aem:aem-sdk-api:jar:2025.11.23482.20251120T200914Z-251200
org.apache.poi.hwmf.draw                                               0    3.0.0     com.adobe.aem:aem-sdk-api:jar:2025.11.23482.20251120T200914Z-251200
org.apache.poi.hwmf.record                                             0    3.0.0     com.adobe.aem:aem-sdk-api:jar:2025.11.23482.20251120T200914Z-251200
org.apache.poi.hwmf.usermodel                                          0    3.0.0     com.adobe.aem:aem-sdk-api:jar:2025.11.23482.20251120T200914Z-251200
org.apache.poi.hwpf                                                    0    3.0.0     com.adobe.aem:aem-sdk-api:jar:2025.11.23482.20251120T200914Z-251200
org.apache.poi.hwpf.converter                                          0    2.0.6     com.adobe.aem:aem-sdk-api:jar:2025.11.23482.20251120T200914Z-251200
org.apache.poi.hwpf.dev                                                0    2.0.6     com.adobe.aem:aem-sdk-api:jar:2025.11.23482.20251120T200914Z-251200
org.apache.poi.hwpf.extractor                                          0    3.0.0     com.adobe.aem:aem-sdk-api:jar:2025.11.23482.20251120T200914Z-251200
org.apache.poi.hwpf.model                                              0    3.0.0     com.adobe.aem:aem-sdk-api:jar:2025.11.23482.20251120T200914Z-251200
org.apache.poi.hwpf.model.io                                           0    2.0.6     com.adobe.aem:aem-sdk-api:jar:2025.11.23482.20251120T200914Z-251200
org.apache.poi.hwpf.model.types                                        0    3.0.0     com.adobe.aem:aem-sdk-api:jar:2025.11.23482.20251120T200914Z-251200
org.apache.poi.hwpf.sprm                                               0    3.0.0     com.adobe.aem:aem-sdk-api:jar:2025.11.23482.20251120T200914Z-251200
org.apache.poi.hwpf.usermodel                                          0    3.0.0     com.adobe.aem:aem-sdk-api:jar:2025.11.23482.20251120T200914Z-251200
org.apache.poi.ooxml                                                   0    3.0.0     com.adobe.aem:aem-sdk-api:jar:2025.11.23482.20251120T200914Z-251200
org.apache.poi.ooxml.extractor                                         0    3.0.0     com.adobe.aem:aem-sdk-api:jar:2025.11.23482.20251120T200914Z-251200
org.apache.poi.ooxml.util                                              0    3.0.0     com.adobe.aem:aem-sdk-api:jar:2025.11.23482.20251120T200914Z-251200
org.apache.poi.openxml4j.exceptions                                    0    2.1.0     com.adobe.aem:aem-sdk-api:jar:2025.11.23482.20251120T200914Z-251200
org.apache.poi.openxml4j.opc                                           0    3.0.0     com.adobe.aem:aem-sdk-api:jar:2025.11.23482.20251120T200914Z-251200
org.apache.poi.openxml4j.opc.internal                                  0    3.0.0     com.adobe.aem:aem-sdk-api:jar:2025.11.23482.20251120T200914Z-251200
org.apache.poi.openxml4j.opc.internal.marshallers                      0    2.0.6     com.adobe.aem:aem-sdk-api:jar:2025.11.23482.20251120T200914Z-251200
org.apache.poi.openxml4j.opc.internal.unmarshallers                    0    2.0.6     com.adobe.aem:aem-sdk-api:jar:2025.11.23482.20251120T200914Z-251200
org.apache.poi.openxml4j.util                                          0    3.0.0     com.adobe.aem:aem-sdk-api:jar:2025.11.23482.20251120T200914Z-251200
org.apache.poi.poifs.common                                            0    2.1.0     com.adobe.aem:aem-sdk-api:jar:2025.11.23482.20251120T200914Z-251200
org.apache.poi.poifs.crypt                                             0    3.0.0     com.adobe.aem:aem-sdk-api:jar:2025.11.23482.20251120T200914Z-251200
org.apache.poi.poifs.crypt.agile                                       0    3.0.0     com.adobe.aem:aem-sdk-api:jar:2025.11.23482.20251120T200914Z-251200
org.apache.poi.poifs.crypt.binaryrc4                                   0    2.0.6     com.adobe.aem:aem-sdk-api:jar:2025.11.23482.20251120T200914Z-251200
org.apache.poi.poifs.crypt.cryptoapi                                   0    2.0.6     com.adobe.aem:aem-sdk-api:jar:2025.11.23482.20251120T200914Z-251200
org.apache.poi.poifs.crypt.dsig                                        0    2.0.6     com.adobe.aem:aem-sdk-api:jar:2025.11.23482.20251120T200914Z-251200
org.apache.poi.poifs.crypt.dsig.facets                                 0    2.0.6     com.adobe.aem:aem-sdk-api:jar:2025.11.23482.20251120T200914Z-251200
org.apache.poi.poifs.crypt.dsig.services                               0    2.0.6     com.adobe.aem:aem-sdk-api:jar:2025.11.23482.20251120T200914Z-251200
org.apache.poi.poifs.crypt.standard                                    0    3.0.0     com.adobe.aem:aem-sdk-api:jar:2025.11.23482.20251120T200914Z-251200
org.apache.poi.poifs.crypt.temp                                        0    2.0.6     com.adobe.aem:aem-sdk-api:jar:2025.11.23482.20251120T200914Z-251200
org.apache.poi.poifs.crypt.xor                                         0    2.0.6     com.adobe.aem:aem-sdk-api:jar:2025.11.23482.20251120T200914Z-251200
org.apache.poi.poifs.dev                                               0    3.0.0     com.adobe.aem:aem-sdk-api:jar:2025.11.23482.20251120T200914Z-251200
org.apache.poi.poifs.eventfilesystem                                   0    2.0.6     com.adobe.aem:aem-sdk-api:jar:2025.11.23482.20251120T200914Z-251200
org.apache.poi.poifs.filesystem                                        0    3.0.0     com.adobe.aem:aem-sdk-api:jar:2025.11.23482.20251120T200914Z-251200
org.apache.poi.poifs.macros                                            0    2.0.6     com.adobe.aem:aem-sdk-api:jar:2025.11.23482.20251120T200914Z-251200
org.apache.poi.poifs.nio                                               0    2.0.6     com.adobe.aem:aem-sdk-api:jar:2025.11.23482.20251120T200914Z-251200
org.apache.poi.poifs.property                                          0    3.0.0     com.adobe.aem:aem-sdk-api:jar:2025.11.23482.20251120T200914Z-251200
org.apache.poi.poifs.storage                                           0    3.0.0     com.adobe.aem:aem-sdk-api:jar:2025.11.23482.20251120T200914Z-251200
org.apache.poi.sl.draw                                                 0    3.0.0     com.adobe.aem:aem-sdk-api:jar:2025.11.23482.20251120T200914Z-251200
org.apache.poi.sl.draw.geom                                            0    3.0.0     com.adobe.aem:aem-sdk-api:jar:2025.11.23482.20251120T200914Z-251200
org.apache.poi.sl.image                                                0    3.0.0     com.adobe.aem:aem-sdk-api:jar:2025.11.23482.20251120T200914Z-251200
org.apache.poi.sl.usermodel                                            0    3.0.0     com.adobe.aem:aem-sdk-api:jar:2025.11.23482.20251120T200914Z-251200
org.apache.poi.ss                                                      0    2.0.6     com.adobe.aem:aem-sdk-api:jar:2025.11.23482.20251120T200914Z-251200
org.apache.poi.ss.extractor                                            0    2.0.6     com.adobe.aem:aem-sdk-api:jar:2025.11.23482.20251120T200914Z-251200
org.apache.poi.ss.format                                               0    3.0.0     com.adobe.aem:aem-sdk-api:jar:2025.11.23482.20251120T200914Z-251200
org.apache.poi.ss.formula                                              0    3.0.0     com.adobe.aem:aem-sdk-api:jar:2025.11.23482.20251120T200914Z-251200
org.apache.poi.ss.formula.atp                                          0    3.0.0     com.adobe.aem:aem-sdk-api:jar:2025.11.23482.20251120T200914Z-251200
org.apache.poi.ss.formula.constant                                     0    2.0.6     com.adobe.aem:aem-sdk-api:jar:2025.11.23482.20251120T200914Z-251200
org.apache.poi.ss.formula.eval                                         0    3.0.0     com.adobe.aem:aem-sdk-api:jar:2025.11.23482.20251120T200914Z-251200
org.apache.poi.ss.formula.eval.forked                                  0    3.0.0     com.adobe.aem:aem-sdk-api:jar:2025.11.23482.20251120T200914Z-251200
org.apache.poi.ss.formula.function                                     0    2.0.6     com.adobe.aem:aem-sdk-api:jar:2025.11.23482.20251120T200914Z-251200
org.apache.poi.ss.formula.functions                                    0    3.0.0     com.adobe.aem:aem-sdk-api:jar:2025.11.23482.20251120T200914Z-251200
org.apache.poi.ss.formula.ptg                                          0    3.0.0     com.adobe.aem:aem-sdk-api:jar:2025.11.23482.20251120T200914Z-251200
org.apache.poi.ss.formula.udf                                          0    2.1.0     com.adobe.aem:aem-sdk-api:jar:2025.11.23482.20251120T200914Z-251200
org.apache.poi.ss.usermodel                                            0    3.0.0     com.adobe.aem:aem-sdk-api:jar:2025.11.23482.20251120T200914Z-251200
org.apache.poi.ss.usermodel.helpers                                    0    2.0.6     com.adobe.aem:aem-sdk-api:jar:2025.11.23482.20251120T200914Z-251200
org.apache.poi.ss.util                                                 0    3.0.0     com.adobe.aem:aem-sdk-api:jar:2025.11.23482.20251120T200914Z-251200
org.apache.poi.ss.util.cellwalk                                        0    2.0.6     com.adobe.aem:aem-sdk-api:jar:2025.11.23482.20251120T200914Z-251200
org.apache.poi.util                                                    0    3.0.0     com.adobe.aem:aem-sdk-api:jar:2025.11.23482.20251120T200914Z-251200
org.apache.poi.wp.usermodel                                            0    3.0.0     com.adobe.aem:aem-sdk-api:jar:2025.11.23482.20251120T200914Z-251200
org.apache.poi.xdgf.exceptions                                         0    3.0.0     com.adobe.aem:aem-sdk-api:jar:2025.11.23482.20251120T200914Z-251200
org.apache.poi.xdgf.extractor                                          0    3.0.0     com.adobe.aem:aem-sdk-api:jar:2025.11.23482.20251120T200914Z-251200
org.apache.poi.xdgf.geom                                               0    3.0.0     com.adobe.aem:aem-sdk-api:jar:2025.11.23482.20251120T200914Z-251200
org.apache.poi.xdgf.usermodel                                          0    3.0.0     com.adobe.aem:aem-sdk-api:jar:2025.11.23482.20251120T200914Z-251200
org.apache.poi.xdgf.usermodel.section                                  0    3.0.0     com.adobe.aem:aem-sdk-api:jar:2025.11.23482.20251120T200914Z-251200
org.apache.poi.xdgf.usermodel.section.geometry                         0    3.0.0     com.adobe.aem:aem-sdk-api:jar:2025.11.23482.20251120T200914Z-251200
org.apache.poi.xdgf.usermodel.shape                                    0    3.0.0     com.adobe.aem:aem-sdk-api:jar:2025.11.23482.20251120T200914Z-251200
org.apache.poi.xdgf.usermodel.shape.exceptions                         0    3.0.0     com.adobe.aem:aem-sdk-api:jar:2025.11.23482.20251120T200914Z-251200
org.apache.poi.xdgf.util                                               0    3.0.0     com.adobe.aem:aem-sdk-api:jar:2025.11.23482.20251120T200914Z-251200
org.apache.poi.xdgf.xml                                                0    3.0.0     com.adobe.aem:aem-sdk-api:jar:2025.11.23482.20251120T200914Z-251200
org.apache.poi.xslf.extractor                                          0    3.0.0     com.adobe.aem:aem-sdk-api:jar:2025.11.23482.20251120T200914Z-251200
org.apache.poi.xslf.model                                              0    3.0.0     com.adobe.aem:aem-sdk-api:jar:2025.11.23482.20251120T200914Z-251200
org.apache.poi.xslf.usermodel                                          0    3.0.0     com.adobe.aem:aem-sdk-api:jar:2025.11.23482.20251120T200914Z-251200
org.apache.poi.xslf.util                                               0    2.0.6     com.adobe.aem:aem-sdk-api:jar:2025.11.23482.20251120T200914Z-251200
org.apache.poi.xssf                                                    0    2.0.6     com.adobe.aem:aem-sdk-api:jar:2025.11.23482.20251120T200914Z-251200
org.apache.poi.xssf.binary                                             0    2.0.6     com.adobe.aem:aem-sdk-api:jar:2025.11.23482.20251120T200914Z-251200
org.apache.poi.xssf.eventusermodel                                     0    2.1.0     com.adobe.aem:aem-sdk-api:jar:2025.11.23482.20251120T200914Z-251200
org.apache.poi.xssf.extractor                                          0    3.0.0     com.adobe.aem:aem-sdk-api:jar:2025.11.23482.20251120T200914Z-251200
org.apache.poi.xssf.model                                              0    3.0.0     com.adobe.aem:aem-sdk-api:jar:2025.11.23482.20251120T200914Z-251200
org.apache.poi.xssf.streaming                                          0    3.0.0     com.adobe.aem:aem-sdk-api:jar:2025.11.23482.20251120T200914Z-251200
org.apache.poi.xssf.usermodel                                          0    3.0.0     com.adobe.aem:aem-sdk-api:jar:2025.11.23482.20251120T200914Z-251200
org.apache.poi.xssf.usermodel.extensions                               0    2.0.6     com.adobe.aem:aem-sdk-api:jar:2025.11.23482.20251120T200914Z-251200
org.apache.poi.xssf.usermodel.helpers                                  0    2.1.0     com.adobe.aem:aem-sdk-api:jar:2025.11.23482.20251120T200914Z-251200
org.apache.poi.xssf.util                                               0    3.0.0     com.adobe.aem:aem-sdk-api:jar:2025.11.23482.20251120T200914Z-251200
org.apache.poi.xwpf.extractor                                          0    3.0.0     com.adobe.aem:aem-sdk-api:jar:2025.11.23482.20251120T200914Z-251200
org.apache.poi.xwpf.model                                              0    3.0.0     com.adobe.aem:aem-sdk-api:jar:2025.11.23482.20251120T200914Z-251200
org.apache.poi.xwpf.usermodel                                          0    3.0.0     com.adobe.aem:aem-sdk-api:jar:2025.11.23482.20251120T200914Z-251200
org.apache.sling.adapter                                               0    2.1.0     com.adobe.aem:aem-sdk-api:jar:2025.11.23482.20251120T200914Z-251200
org.apache.sling.api                                                   0    2.3.5     com.adobe.aem:aem-sdk-api:jar:2025.11.23482.20251120T200914Z-251200
org.apache.sling.api.adapter                                           0    2.2.4     com.adobe.aem:aem-sdk-api:jar:2025.11.23482.20251120T200914Z-251200
org.apache.sling.api.auth                                              0    1.0.4     com.adobe.aem:aem-sdk-api:jar:2025.11.23482.20251120T200914Z-251200
org.apache.sling.api.request                                           0    2.7.0     com.adobe.aem:aem-sdk-api:jar:2025.11.23482.20251120T200914Z-251200
org.apache.sling.api.request.builder                                   0    1.2       com.adobe.aem:aem-sdk-api:jar:2025.11.23482.20251120T200914Z-251200
org.apache.sling.api.request.header                                    0    1.0.0     com.adobe.aem:aem-sdk-api:jar:2025.11.23482.20251120T200914Z-251200
org.apache.sling.api.resource                                          0    2.13.0    com.adobe.aem:aem-sdk-api:jar:2025.11.23482.20251120T200914Z-251200
org.apache.sling.api.resource.external                                 0    1.0.2     com.adobe.aem:aem-sdk-api:jar:2025.11.23482.20251120T200914Z-251200
org.apache.sling.api.resource.mapping                                  0    1.0.1     com.adobe.aem:aem-sdk-api:jar:2025.11.23482.20251120T200914Z-251200
org.apache.sling.api.resource.observation                              0    1.2.2     com.adobe.aem:aem-sdk-api:jar:2025.11.23482.20251120T200914Z-251200
org.apache.sling.api.resource.path                                     0    1.2.2     com.adobe.aem:aem-sdk-api:jar:2025.11.23482.20251120T200914Z-251200
org.apache.sling.api.resource.runtime                                  0    1.0.2     com.adobe.aem:aem-sdk-api:jar:2025.11.23482.20251120T200914Z-251200
org.apache.sling.api.resource.runtime.dto                              0    1.0.1     com.adobe.aem:aem-sdk-api:jar:2025.11.23482.20251120T200914Z-251200
org.apache.sling.api.scripting                                         0    2.5.0     com.adobe.aem:aem-sdk-api:jar:2025.11.23482.20251120T200914Z-251200
org.apache.sling.api.security                                          0    1.1.0     com.adobe.aem:aem-sdk-api:jar:2025.11.23482.20251120T200914Z-251200
org.apache.sling.api.servlets                                          0    2.4.0     com.adobe.aem:aem-sdk-api:jar:2025.11.23482.20251120T200914Z-251200
org.apache.sling.api.uri                                               0    1.3.1     com.adobe.aem:aem-sdk-api:jar:2025.11.23482.20251120T200914Z-251200
org.apache.sling.api.wrappers                                          0    2.8.0     com.adobe.aem:aem-sdk-api:jar:2025.11.23482.20251120T200914Z-251200
org.apache.sling.auth.core                                             0    1.5.0     com.adobe.aem:aem-sdk-api:jar:2025.11.23482.20251120T200914Z-251200
org.apache.sling.auth.core.spi                                         0    1.2.3     com.adobe.aem:aem-sdk-api:jar:2025.11.23482.20251120T200914Z-251200
org.apache.sling.auth.oauth_client.spi                                 0    0.1.0     com.adobe.aem:aem-sdk-api:jar:2025.11.23482.20251120T200914Z-251200
org.apache.sling.caconfig                                              0    1.1.1     com.adobe.aem:aem-sdk-api:jar:2025.11.23482.20251120T200914Z-251200
org.apache.sling.caconfig.annotation                                   0    1.1.0     com.adobe.aem:aem-sdk-api:jar:2025.11.23482.20251120T200914Z-251200
org.apache.sling.caconfig.management                                   0    2.2.2     com.adobe.aem:aem-sdk-api:jar:2025.11.23482.20251120T200914Z-251200
org.apache.sling.caconfig.management.multiplexer                       0    1.2.0     com.adobe.aem:aem-sdk-api:jar:2025.11.23482.20251120T200914Z-251200
org.apache.sling.caconfig.resource                                     0    1.0.2     com.adobe.aem:aem-sdk-api:jar:2025.11.23482.20251120T200914Z-251200
org.apache.sling.caconfig.resource.spi                                 0    2.1.2     com.adobe.aem:aem-sdk-api:jar:2025.11.23482.20251120T200914Z-251200
org.apache.sling.caconfig.spi                                          0    2.2.0     com.adobe.aem:aem-sdk-api:jar:2025.11.23482.20251120T200914Z-251200
org.apache.sling.caconfig.spi.metadata                                 0    2.0.2     com.adobe.aem:aem-sdk-api:jar:2025.11.23482.20251120T200914Z-251200
org.apache.sling.commons.auth                                          0    1.0       com.adobe.aem:aem-sdk-api:jar:2025.11.23482.20251120T200914Z-251200
org.apache.sling.commons.auth.spi                                      0    1.0       com.adobe.aem:aem-sdk-api:jar:2025.11.23482.20251120T200914Z-251200
org.apache.sling.commons.classloader                                   0    1.4.0     com.adobe.aem:aem-sdk-api:jar:2025.11.23482.20251120T200914Z-251200
org.apache.sling.commons.compiler                                      0    2.1.1     com.adobe.aem:aem-sdk-api:jar:2025.11.23482.20251120T200914Z-251200
org.apache.sling.commons.contentdetection                              0    1.0.0     com.adobe.aem:aem-sdk-api:jar:2025.11.23482.20251120T200914Z-251200
org.apache.sling.commons.html                                          0    1.1.0     com.adobe.aem:aem-sdk-api:jar:2025.11.23482.20251120T200914Z-251200
org.apache.sling.commons.json                                          0    2.1.0     com.adobe.aem:aem-sdk-api:jar:2025.11.23482.20251120T200914Z-251200
org.apache.sling.commons.json.http                                     0    2.1.0     com.adobe.aem:aem-sdk-api:jar:2025.11.23482.20251120T200914Z-251200
org.apache.sling.commons.json.io                                       0    2.3.0     com.adobe.aem:aem-sdk-api:jar:2025.11.23482.20251120T200914Z-251200
org.apache.sling.commons.json.jcr                                      0    2.1.0     com.adobe.aem:aem-sdk-api:jar:2025.11.23482.20251120T200914Z-251200
org.apache.sling.commons.json.sling                                    0    1.0.1     com.adobe.aem:aem-sdk-api:jar:2025.11.23482.20251120T200914Z-251200
org.apache.sling.commons.json.util                                     0    2.1.0     com.adobe.aem:aem-sdk-api:jar:2025.11.23482.20251120T200914Z-251200
org.apache.sling.commons.json.xml                                      0    2.1.0     com.adobe.aem:aem-sdk-api:jar:2025.11.23482.20251120T200914Z-251200
org.apache.sling.commons.metrics                                       0    1.4.0     com.adobe.aem:aem-sdk-api:jar:2025.11.23482.20251120T200914Z-251200
org.apache.sling.commons.mime                                          0    2.2.0     com.adobe.aem:aem-sdk-api:jar:2025.11.23482.20251120T200914Z-251200
org.apache.sling.commons.osgi                                          0    2.4.1     com.adobe.aem:aem-sdk-api:jar:2025.11.23482.20251120T200914Z-251200
org.apache.sling.commons.osgi.bundleversion                            0    2.2       com.adobe.aem:aem-sdk-api:jar:2025.11.23482.20251120T200914Z-251200
org.apache.sling.commons.scheduler                                     0    2.5.1     com.adobe.aem:aem-sdk-api:jar:2025.11.23482.20251120T200914Z-251200
org.apache.sling.commons.threads                                       0    3.4.0     com.adobe.aem:aem-sdk-api:jar:2025.11.23482.20251120T200914Z-251200
org.apache.sling.commons.threads.jmx                                   0    1.2.0     com.adobe.aem:aem-sdk-api:jar:2025.11.23482.20251120T200914Z-251200
org.apache.sling.discovery                                             0    1.0.3     com.adobe.aem:aem-sdk-api:jar:2025.11.23482.20251120T200914Z-251200
org.apache.sling.distribution                                          0    0.4.1     com.adobe.aem:aem-sdk-api:jar:2025.11.23482.20251120T200914Z-251200
org.apache.sling.distribution.agent                                    0    0.0.0     com.adobe.aem:aem-sdk-api:jar:2025.11.23482.20251120T200914Z-251200
org.apache.sling.distribution.agent.spi                                0    0.0.1     com.adobe.aem:aem-sdk-api:jar:2025.11.23482.20251120T200914Z-251200
org.apache.sling.distribution.common                                   0    0.1.0     com.adobe.aem:aem-sdk-api:jar:2025.11.23482.20251120T200914Z-251200
org.apache.sling.distribution.event                                    0    0.3.0     com.adobe.aem:aem-sdk-api:jar:2025.11.23482.20251120T200914Z-251200
org.apache.sling.distribution.log.spi                                  0    0.0.0     com.adobe.aem:aem-sdk-api:jar:2025.11.23482.20251120T200914Z-251200
org.apache.sling.distribution.packaging                                0    0.0.1     com.adobe.aem:aem-sdk-api:jar:2025.11.23482.20251120T200914Z-251200
org.apache.sling.distribution.queue                                    0    0.2.0     com.adobe.aem:aem-sdk-api:jar:2025.11.23482.20251120T200914Z-251200
org.apache.sling.distribution.queue.spi                                0    1.0.1     com.adobe.aem:aem-sdk-api:jar:2025.11.23482.20251120T200914Z-251200
org.apache.sling.distribution.serialization                            0    0.2.0     com.adobe.aem:aem-sdk-api:jar:2025.11.23482.20251120T200914Z-251200
org.apache.sling.distribution.transport                                0    0.1.1     com.adobe.aem:aem-sdk-api:jar:2025.11.23482.20251120T200914Z-251200
org.apache.sling.distribution.util                                     0    0.1.1     com.adobe.aem:aem-sdk-api:jar:2025.11.23482.20251120T200914Z-251200
org.apache.sling.engine                                                0    2.6.0     com.adobe.aem:aem-sdk-api:jar:2025.11.23482.20251120T200914Z-251200
org.apache.sling.engine.auth                                           0    2.0.6     com.adobe.aem:aem-sdk-api:jar:2025.11.23482.20251120T200914Z-251200
org.apache.sling.engine.jmx                                            0    1.1.1     com.adobe.aem:aem-sdk-api:jar:2025.11.23482.20251120T200914Z-251200
org.apache.sling.engine.servlets                                       0    2.0.10    com.adobe.aem:aem-sdk-api:jar:2025.11.23482.20251120T200914Z-251200
org.apache.sling.event.dea                                             0    1.0.0     com.adobe.aem:aem-sdk-api:jar:2025.11.23482.20251120T200914Z-251200
org.apache.sling.event.jobs                                            0    2.0.1     com.adobe.aem:aem-sdk-api:jar:2025.11.23482.20251120T200914Z-251200
org.apache.sling.event.jobs.consumer                                   0    1.3.0     com.adobe.aem:aem-sdk-api:jar:2025.11.23482.20251120T200914Z-251200
org.apache.sling.event.jobs.jmx                                        0    1.0.1     com.adobe.aem:aem-sdk-api:jar:2025.11.23482.20251120T200914Z-251200
org.apache.sling.featureflags                                          0    1.1.0     com.adobe.aem:aem-sdk-api:jar:2025.11.23482.20251120T200914Z-251200
org.apache.sling.hapi                                                  0    1.1.0     com.adobe.aem:aem-sdk-api:jar:2025.11.23482.20251120T200914Z-251200
org.apache.sling.hapi.sightly                                          0    1.1.0     com.adobe.aem:aem-sdk-api:jar:2025.11.23482.20251120T200914Z-251200
org.apache.sling.hc.api                                                0    1.2.0     com.adobe.aem:aem-sdk-api:jar:2025.11.23482.20251120T200914Z-251200
org.apache.sling.hc.api.execution                                      0    1.2.0     com.adobe.aem:aem-sdk-api:jar:2025.11.23482.20251120T200914Z-251200
org.apache.sling.hc.util                                               0    1.5.0     com.adobe.aem:aem-sdk-api:jar:2025.11.23482.20251120T200914Z-251200
org.apache.sling.i18n                                                  0    2.2.1     com.adobe.aem:aem-sdk-api:jar:2025.11.23482.20251120T200914Z-251200
org.apache.sling.jcr.api                                               0    2.4.2     com.adobe.aem:aem-sdk-api:jar:2025.11.23482.20251120T200914Z-251200
org.apache.sling.jcr.base                                              0    3.5.0     com.adobe.aem:aem-sdk-api:jar:2025.11.23482.20251120T200914Z-251200
org.apache.sling.jcr.base.util                                         0    2.2       com.adobe.aem:aem-sdk-api:jar:2025.11.23482.20251120T200914Z-251200
org.apache.sling.jcr.contentloader                                     0    0.5.0     com.adobe.aem:aem-sdk-api:jar:2025.11.23482.20251120T200914Z-251200
org.apache.sling.jcr.registration                                      0    1.1.1     com.adobe.aem:aem-sdk-api:jar:2025.11.23482.20251120T200914Z-251200
org.apache.sling.jcr.resource.api                                      0    1.1.0     com.adobe.aem:aem-sdk-api:jar:2025.11.23482.20251120T200914Z-251200
org.apache.sling.models.annotations                                    0    1.5.0     com.adobe.aem:aem-sdk-api:jar:2025.11.23482.20251120T200914Z-251200
org.apache.sling.models.annotations.injectorspecific                   0    1.1.0     com.adobe.aem:aem-sdk-api:jar:2025.11.23482.20251120T200914Z-251200
org.apache.sling.models.annotations.via                                0    1.1.0     com.adobe.aem:aem-sdk-api:jar:2025.11.23482.20251120T200914Z-251200
org.apache.sling.models.export.spi                                     0    1.0.2     com.adobe.aem:aem-sdk-api:jar:2025.11.23482.20251120T200914Z-251200
org.apache.sling.models.factory                                        0    1.5.0     com.adobe.aem:aem-sdk-api:jar:2025.11.23482.20251120T200914Z-251200
org.apache.sling.models.jacksonexporter                                0    1.0.1     com.adobe.aem:aem-sdk-api:jar:2025.11.23482.20251120T200914Z-251200
org.apache.sling.models.spi                                            0    1.2.2     com.adobe.aem:aem-sdk-api:jar:2025.11.23482.20251120T200914Z-251200
org.apache.sling.models.spi.injectorspecific                           0    1.1.2     com.adobe.aem:aem-sdk-api:jar:2025.11.23482.20251120T200914Z-251200
org.apache.sling.provisioning.model                                    0    1.10.0    com.adobe.aem:aem-sdk-api:jar:2025.11.23482.20251120T200914Z-251200
org.apache.sling.provisioning.model.io                                 0    1.3       com.adobe.aem:aem-sdk-api:jar:2025.11.23482.20251120T200914Z-251200
org.apache.sling.resource.collection                                   0    1.1.0     com.adobe.aem:aem-sdk-api:jar:2025.11.23482.20251120T200914Z-251200
org.apache.sling.resourceaccesssecurity                                0    1.1.0     com.adobe.aem:aem-sdk-api:jar:2025.11.23482.20251120T200914Z-251200
org.apache.sling.resourcemerger.api                                    0    1.2.1     com.adobe.aem:aem-sdk-api:jar:2025.11.23482.20251120T200914Z-251200
org.apache.sling.resourcemerger.spi                                    0    1.2.1     com.adobe.aem:aem-sdk-api:jar:2025.11.23482.20251120T200914Z-251200
org.apache.sling.rewriter                                              0    1.0.1     com.adobe.aem:aem-sdk-api:jar:2025.11.23482.20251120T200914Z-251200
org.apache.sling.runmode                                               0    0         com.adobe.aem:aem-sdk-api:jar:2025.11.23482.20251120T200914Z-251200
org.apache.sling.scripting.api                                         0    2.3.0     com.adobe.aem:aem-sdk-api:jar:2025.11.23482.20251120T200914Z-251200
org.apache.sling.scripting.api.resource                                0    1.0.0     com.adobe.aem:aem-sdk-api:jar:2025.11.23482.20251120T200914Z-251200
org.apache.sling.scripting.core                                        0    2.1.0     com.adobe.aem:aem-sdk-api:jar:2025.11.23482.20251120T200914Z-251200
org.apache.sling.scripting.core.servlet                                0    1.0.0     com.adobe.aem:aem-sdk-api:jar:2025.11.23482.20251120T200914Z-251200
org.apache.sling.scripting.jsp.jasper.runtime                          0    2.5.0     com.adobe.aem:aem-sdk-api:jar:2025.11.23482.20251120T200914Z-251200
org.apache.sling.scripting.jsp.taglib                                  0    2.4.0     com.adobe.aem:aem-sdk-api:jar:2025.11.23482.20251120T200914Z-251200
org.apache.sling.scripting.jsp.taglib.tei                              0    2.2.0     com.adobe.aem:aem-sdk-api:jar:2025.11.23482.20251120T200914Z-251200
org.apache.sling.scripting.jsp.util                                    0    2.0.8     com.adobe.aem:aem-sdk-api:jar:2025.11.23482.20251120T200914Z-251200
org.apache.sling.scripting.sightly                                     9    2.0.0     com.adobe.aem:aem-sdk-api:jar:2025.11.23482.20251120T200914Z-251200
org.apache.sling.scripting.sightly.compiler                            0    1.1.0     com.adobe.aem:aem-sdk-api:jar:2025.11.23482.20251120T200914Z-251200
org.apache.sling.scripting.sightly.compiler.backend                    0    1.0.0     com.adobe.aem:aem-sdk-api:jar:2025.11.23482.20251120T200914Z-251200
org.apache.sling.scripting.sightly.compiler.commands                   0    1.1.0     com.adobe.aem:aem-sdk-api:jar:2025.11.23482.20251120T200914Z-251200
org.apache.sling.scripting.sightly.compiler.expression                 0    1.0.0     com.adobe.aem:aem-sdk-api:jar:2025.11.23482.20251120T200914Z-251200
org.apache.sling.scripting.sightly.compiler.expression.nodes           0    1.2.1     com.adobe.aem:aem-sdk-api:jar:2025.11.23482.20251120T200914Z-251200
org.apache.sling.scripting.sightly.compiler.util                       0    1.1.0     com.adobe.aem:aem-sdk-api:jar:2025.11.23482.20251120T200914Z-251200
org.apache.sling.scripting.sightly.engine                              0    1.1.0     com.adobe.aem:aem-sdk-api:jar:2025.11.23482.20251120T200914Z-251200
org.apache.sling.scripting.sightly.extension                           0    1.1.0     com.adobe.aem:aem-sdk-api:jar:2025.11.23482.20251120T200914Z-251200
org.apache.sling.scripting.sightly.java.compiler                       0    2.0.0     com.adobe.aem:aem-sdk-api:jar:2025.11.23482.20251120T200914Z-251200
org.apache.sling.scripting.sightly.pojo                                0    1.0.1     com.adobe.aem:aem-sdk-api:jar:2025.11.23482.20251120T200914Z-251200
org.apache.sling.scripting.sightly.render                              9    3.1.0     com.adobe.aem:aem-sdk-api:jar:2025.11.23482.20251120T200914Z-251200
org.apache.sling.scripting.sightly.use                                 0    1.0.1     com.adobe.aem:aem-sdk-api:jar:2025.11.23482.20251120T200914Z-251200
org.apache.sling.serviceusermapping                                    0    1.5.0     com.adobe.aem:aem-sdk-api:jar:2025.11.23482.20251120T200914Z-251200
org.apache.sling.servlets.post                                         0    2.4.0     com.adobe.aem:aem-sdk-api:jar:2025.11.23482.20251120T200914Z-251200
org.apache.sling.servlets.resolver.jmx                                 0    2.3.7     com.adobe.aem:aem-sdk-api:jar:2025.11.23482.20251120T200914Z-251200
org.apache.sling.settings                                              0    1.4.0     com.adobe.aem:aem-sdk-api:jar:2025.11.23482.20251120T200914Z-251200
org.apache.sling.sitemap                                               0    1.0.0     com.adobe.aem:aem-sdk-api:jar:2025.11.23482.20251120T200914Z-251200
org.apache.sling.sitemap.builder                                       0    1.0.0     com.adobe.aem:aem-sdk-api:jar:2025.11.23482.20251120T200914Z-251200
org.apache.sling.sitemap.builder.extensions                            0    1.1.0     com.adobe.aem:aem-sdk-api:jar:2025.11.23482.20251120T200914Z-251200
org.apache.sling.sitemap.spi.builder                                   0    1.0.0     com.adobe.aem:aem-sdk-api:jar:2025.11.23482.20251120T200914Z-251200
org.apache.sling.sitemap.spi.common                                    0    1.0.0     com.adobe.aem:aem-sdk-api:jar:2025.11.23482.20251120T200914Z-251200
org.apache.sling.sitemap.spi.generator                                 0    1.0.0     com.adobe.aem:aem-sdk-api:jar:2025.11.23482.20251120T200914Z-251200
org.apache.sling.spi.resource.provider                                 0    1.4.0     com.adobe.aem:aem-sdk-api:jar:2025.11.23482.20251120T200914Z-251200
org.apache.sling.tenant                                                0    1.0.1     com.adobe.aem:aem-sdk-api:jar:2025.11.23482.20251120T200914Z-251200
org.apache.sling.tenant.spi                                            0    1.1.1     com.adobe.aem:aem-sdk-api:jar:2025.11.23482.20251120T200914Z-251200
org.apache.sling.xss                                                   0    2.0.1     com.adobe.aem:aem-sdk-api:jar:2025.11.23482.20251120T200914Z-251200
org.apache.taglibs.standard                                            0    1.2       com.adobe.aem:aem-sdk-api:jar:2025.11.23482.20251120T200914Z-251200
org.apache.taglibs.standard.functions                                  0    1.2       com.adobe.aem:aem-sdk-api:jar:2025.11.23482.20251120T200914Z-251200
org.apache.taglibs.standard.resources                                  0    1.2       com.adobe.aem:aem-sdk-api:jar:2025.11.23482.20251120T200914Z-251200
org.apache.taglibs.standard.tag.common.core                            0    1.2       com.adobe.aem:aem-sdk-api:jar:2025.11.23482.20251120T200914Z-251200
org.apache.taglibs.standard.tag.common.fmt                             0    1.2       com.adobe.aem:aem-sdk-api:jar:2025.11.23482.20251120T200914Z-251200
org.apache.taglibs.standard.tag.common.sql                             0    1.2       com.adobe.aem:aem-sdk-api:jar:2025.11.23482.20251120T200914Z-251200
org.apache.taglibs.standard.tag.rt.core                                0    1.2       com.adobe.aem:aem-sdk-api:jar:2025.11.23482.20251120T200914Z-251200
org.apache.taglibs.standard.tag.rt.fmt                                 0    1.2       com.adobe.aem:aem-sdk-api:jar:2025.11.23482.20251120T200914Z-251200
org.apache.taglibs.standard.tag.rt.sql                                 0    1.2       com.adobe.aem:aem-sdk-api:jar:2025.11.23482.20251120T200914Z-251200
org.apache.taglibs.standard.tei                                        0    1.2       com.adobe.aem:aem-sdk-api:jar:2025.11.23482.20251120T200914Z-251200
org.apache.taglibs.standard.tlv                                        0    1.2       com.adobe.aem:aem-sdk-api:jar:2025.11.23482.20251120T200914Z-251200
org.apache.taglibs.standard.util                                       0    1.2       com.adobe.aem:aem-sdk-api:jar:2025.11.23482.20251120T200914Z-251200
org.apache.tika                                                        0    1.28.5    com.adobe.aem:aem-sdk-api:jar:2025.11.23482.20251120T200914Z-251200
org.apache.tika.concurrent                                             0    1.28.5    com.adobe.aem:aem-sdk-api:jar:2025.11.23482.20251120T200914Z-251200
org.apache.tika.config                                                 0    1.28.5    com.adobe.aem:aem-sdk-api:jar:2025.11.23482.20251120T200914Z-251200
org.apache.tika.detect                                                 0    1.28.5    com.adobe.aem:aem-sdk-api:jar:2025.11.23482.20251120T200914Z-251200
org.apache.tika.embedder                                               0    1.28.5    com.adobe.aem:aem-sdk-api:jar:2025.11.23482.20251120T200914Z-251200
org.apache.tika.exception                                              0    1.28.5    com.adobe.aem:aem-sdk-api:jar:2025.11.23482.20251120T200914Z-251200
org.apache.tika.extractor                                              0    1.28.5    com.adobe.aem:aem-sdk-api:jar:2025.11.23482.20251120T200914Z-251200
org.apache.tika.fork                                                   0    1.28.5    com.adobe.aem:aem-sdk-api:jar:2025.11.23482.20251120T200914Z-251200
org.apache.tika.io                                                     0    1.28.5    com.adobe.aem:aem-sdk-api:jar:2025.11.23482.20251120T200914Z-251200
org.apache.tika.language                                               0    1.28.5    com.adobe.aem:aem-sdk-api:jar:2025.11.23482.20251120T200914Z-251200
org.apache.tika.language.detect                                        0    1.28.5    com.adobe.aem:aem-sdk-api:jar:2025.11.23482.20251120T200914Z-251200
org.apache.tika.language.translate                                     0    1.28.5    com.adobe.aem:aem-sdk-api:jar:2025.11.23482.20251120T200914Z-251200
org.apache.tika.metadata                                               0    1.28.5    com.adobe.aem:aem-sdk-api:jar:2025.11.23482.20251120T200914Z-251200
org.apache.tika.mime                                                   0    1.28.5    com.adobe.aem:aem-sdk-api:jar:2025.11.23482.20251120T200914Z-251200
org.apache.tika.parser                                                 0    1.28.5    com.adobe.aem:aem-sdk-api:jar:2025.11.23482.20251120T200914Z-251200
org.apache.tika.parser.apple                                           0    1.28.5    com.adobe.aem:aem-sdk-api:jar:2025.11.23482.20251120T200914Z-251200
org.apache.tika.parser.asm                                             0    1.28.5    com.adobe.aem:aem-sdk-api:jar:2025.11.23482.20251120T200914Z-251200
org.apache.tika.parser.audio                                           0    1.28.5    com.adobe.aem:aem-sdk-api:jar:2025.11.23482.20251120T200914Z-251200
org.apache.tika.parser.captioning                                      0    1.28.5    com.adobe.aem:aem-sdk-api:jar:2025.11.23482.20251120T200914Z-251200
org.apache.tika.parser.captioning.tf                                   0    1.28.5    com.adobe.aem:aem-sdk-api:jar:2025.11.23482.20251120T200914Z-251200
org.apache.tika.parser.chm                                             0    1.28.5    com.adobe.aem:aem-sdk-api:jar:2025.11.23482.20251120T200914Z-251200
org.apache.tika.parser.chm.accessor                                    0    1.28.5    com.adobe.aem:aem-sdk-api:jar:2025.11.23482.20251120T200914Z-251200
org.apache.tika.parser.chm.assertion                                   0    1.28.5    com.adobe.aem:aem-sdk-api:jar:2025.11.23482.20251120T200914Z-251200
org.apache.tika.parser.chm.core                                        0    1.28.5    com.adobe.aem:aem-sdk-api:jar:2025.11.23482.20251120T200914Z-251200
org.apache.tika.parser.chm.exception                                   0    1.28.5    com.adobe.aem:aem-sdk-api:jar:2025.11.23482.20251120T200914Z-251200
org.apache.tika.parser.chm.lzx                                         0    1.28.5    com.adobe.aem:aem-sdk-api:jar:2025.11.23482.20251120T200914Z-251200
org.apache.tika.parser.code                                            0    1.28.5    com.adobe.aem:aem-sdk-api:jar:2025.11.23482.20251120T200914Z-251200
org.apache.tika.parser.crypto                                          0    1.28.5    com.adobe.aem:aem-sdk-api:jar:2025.11.23482.20251120T200914Z-251200
org.apache.tika.parser.ctakes                                          0    1.28.5    com.adobe.aem:aem-sdk-api:jar:2025.11.23482.20251120T200914Z-251200
org.apache.tika.parser.dbf                                             0    1.28.5    com.adobe.aem:aem-sdk-api:jar:2025.11.23482.20251120T200914Z-251200
org.apache.tika.parser.dif                                             0    1.28.5    com.adobe.aem:aem-sdk-api:jar:2025.11.23482.20251120T200914Z-251200
org.apache.tika.parser.digest                                          0    1.28.5    com.adobe.aem:aem-sdk-api:jar:2025.11.23482.20251120T200914Z-251200
org.apache.tika.parser.dwg                                             0    1.28.5    com.adobe.aem:aem-sdk-api:jar:2025.11.23482.20251120T200914Z-251200
org.apache.tika.parser.envi                                            0    1.28.5    com.adobe.aem:aem-sdk-api:jar:2025.11.23482.20251120T200914Z-251200
org.apache.tika.parser.epub                                            0    1.28.5    com.adobe.aem:aem-sdk-api:jar:2025.11.23482.20251120T200914Z-251200
org.apache.tika.parser.executable                                      0    1.28.5    com.adobe.aem:aem-sdk-api:jar:2025.11.23482.20251120T200914Z-251200
org.apache.tika.parser.external                                        0    1.28.5    com.adobe.aem:aem-sdk-api:jar:2025.11.23482.20251120T200914Z-251200
org.apache.tika.parser.feed                                            0    1.28.5    com.adobe.aem:aem-sdk-api:jar:2025.11.23482.20251120T200914Z-251200
org.apache.tika.parser.font                                            0    1.28.5    com.adobe.aem:aem-sdk-api:jar:2025.11.23482.20251120T200914Z-251200
org.apache.tika.parser.gdal                                            0    1.28.5    com.adobe.aem:aem-sdk-api:jar:2025.11.23482.20251120T200914Z-251200
org.apache.tika.parser.geo.topic                                       0    1.28.5    com.adobe.aem:aem-sdk-api:jar:2025.11.23482.20251120T200914Z-251200
org.apache.tika.parser.geo.topic.gazetteer                             0    1.28.5    com.adobe.aem:aem-sdk-api:jar:2025.11.23482.20251120T200914Z-251200
org.apache.tika.parser.geoinfo                                         0    1.28.5    com.adobe.aem:aem-sdk-api:jar:2025.11.23482.20251120T200914Z-251200
org.apache.tika.parser.grib                                            0    1.28.5    com.adobe.aem:aem-sdk-api:jar:2025.11.23482.20251120T200914Z-251200
org.apache.tika.parser.hdf                                             0    1.28.5    com.adobe.aem:aem-sdk-api:jar:2025.11.23482.20251120T200914Z-251200
org.apache.tika.parser.html                                            0    1.28.5    com.adobe.aem:aem-sdk-api:jar:2025.11.23482.20251120T200914Z-251200
org.apache.tika.parser.image                                           0    1.28.5    com.adobe.aem:aem-sdk-api:jar:2025.11.23482.20251120T200914Z-251200
org.apache.tika.parser.image.xmp                                       0    1.28.5    com.adobe.aem:aem-sdk-api:jar:2025.11.23482.20251120T200914Z-251200
org.apache.tika.parser.iptc                                            0    1.28.5    com.adobe.aem:aem-sdk-api:jar:2025.11.23482.20251120T200914Z-251200
org.apache.tika.parser.isatab                                          0    1.28.5    com.adobe.aem:aem-sdk-api:jar:2025.11.23482.20251120T200914Z-251200
org.apache.tika.parser.iwork                                           0    1.28.5    com.adobe.aem:aem-sdk-api:jar:2025.11.23482.20251120T200914Z-251200
org.apache.tika.parser.iwork.iwana                                     0    1.28.5    com.adobe.aem:aem-sdk-api:jar:2025.11.23482.20251120T200914Z-251200
org.apache.tika.parser.jdbc                                            0    1.28.5    com.adobe.aem:aem-sdk-api:jar:2025.11.23482.20251120T200914Z-251200
org.apache.tika.parser.journal                                         0    1.28.5    com.adobe.aem:aem-sdk-api:jar:2025.11.23482.20251120T200914Z-251200
org.apache.tika.parser.jpeg                                            0    1.28.5    com.adobe.aem:aem-sdk-api:jar:2025.11.23482.20251120T200914Z-251200
org.apache.tika.parser.mail                                            0    1.28.5    com.adobe.aem:aem-sdk-api:jar:2025.11.23482.20251120T200914Z-251200
org.apache.tika.parser.mat                                             0    1.28.5    com.adobe.aem:aem-sdk-api:jar:2025.11.23482.20251120T200914Z-251200
org.apache.tika.parser.mbox                                            0    1.28.5    com.adobe.aem:aem-sdk-api:jar:2025.11.23482.20251120T200914Z-251200
org.apache.tika.parser.microsoft                                       0    1.28.5    com.adobe.aem:aem-sdk-api:jar:2025.11.23482.20251120T200914Z-251200
org.apache.tika.parser.microsoft.ooxml                                 0    1.28.5    com.adobe.aem:aem-sdk-api:jar:2025.11.23482.20251120T200914Z-251200
org.apache.tika.parser.microsoft.ooxml.xps                             0    1.28.5    com.adobe.aem:aem-sdk-api:jar:2025.11.23482.20251120T200914Z-251200
org.apache.tika.parser.microsoft.ooxml.xslf                            0    1.28.5    com.adobe.aem:aem-sdk-api:jar:2025.11.23482.20251120T200914Z-251200
org.apache.tika.parser.microsoft.ooxml.xwpf                            0    1.28.5    com.adobe.aem:aem-sdk-api:jar:2025.11.23482.20251120T200914Z-251200
org.apache.tika.parser.microsoft.ooxml.xwpf.ml2006                     0    1.28.5    com.adobe.aem:aem-sdk-api:jar:2025.11.23482.20251120T200914Z-251200
org.apache.tika.parser.microsoft.xml                                   0    1.28.5    com.adobe.aem:aem-sdk-api:jar:2025.11.23482.20251120T200914Z-251200
org.apache.tika.parser.mp3                                             0    1.28.5    com.adobe.aem:aem-sdk-api:jar:2025.11.23482.20251120T200914Z-251200
org.apache.tika.parser.mp4                                             0    1.28.5    com.adobe.aem:aem-sdk-api:jar:2025.11.23482.20251120T200914Z-251200
org.apache.tika.parser.ner                                             0    1.28.5    com.adobe.aem:aem-sdk-api:jar:2025.11.23482.20251120T200914Z-251200
org.apache.tika.parser.ner.corenlp                                     0    1.28.5    com.adobe.aem:aem-sdk-api:jar:2025.11.23482.20251120T200914Z-251200
org.apache.tika.parser.ner.grobid                                      0    1.28.5    com.adobe.aem:aem-sdk-api:jar:2025.11.23482.20251120T200914Z-251200
org.apache.tika.parser.ner.mitie                                       0    1.28.5    com.adobe.aem:aem-sdk-api:jar:2025.11.23482.20251120T200914Z-251200
org.apache.tika.parser.ner.nltk                                        0    1.28.5    com.adobe.aem:aem-sdk-api:jar:2025.11.23482.20251120T200914Z-251200
org.apache.tika.parser.ner.opennlp                                     0    1.28.5    com.adobe.aem:aem-sdk-api:jar:2025.11.23482.20251120T200914Z-251200
org.apache.tika.parser.ner.regex                                       0    1.28.5    com.adobe.aem:aem-sdk-api:jar:2025.11.23482.20251120T200914Z-251200
org.apache.tika.parser.netcdf                                          0    1.28.5    com.adobe.aem:aem-sdk-api:jar:2025.11.23482.20251120T200914Z-251200
org.apache.tika.parser.ocr                                             0    1.28.5    com.adobe.aem:aem-sdk-api:jar:2025.11.23482.20251120T200914Z-251200
org.apache.tika.parser.odf                                             0    1.28.5    com.adobe.aem:aem-sdk-api:jar:2025.11.23482.20251120T200914Z-251200
org.apache.tika.parser.opendocument                                    0    1.28.5    com.adobe.aem:aem-sdk-api:jar:2025.11.23482.20251120T200914Z-251200
org.apache.tika.parser.pdf                                             0    1.28.5    com.adobe.aem:aem-sdk-api:jar:2025.11.23482.20251120T200914Z-251200
org.apache.tika.parser.pkg                                             0    1.28.5    com.adobe.aem:aem-sdk-api:jar:2025.11.23482.20251120T200914Z-251200
org.apache.tika.parser.pot                                             0    1.28.5    com.adobe.aem:aem-sdk-api:jar:2025.11.23482.20251120T200914Z-251200
org.apache.tika.parser.prt                                             0    1.28.5    com.adobe.aem:aem-sdk-api:jar:2025.11.23482.20251120T200914Z-251200
org.apache.tika.parser.recognition                                     0    1.28.5    com.adobe.aem:aem-sdk-api:jar:2025.11.23482.20251120T200914Z-251200
org.apache.tika.parser.recognition.tf                                  0    1.28.5    com.adobe.aem:aem-sdk-api:jar:2025.11.23482.20251120T200914Z-251200
org.apache.tika.parser.rtf                                             0    1.28.5    com.adobe.aem:aem-sdk-api:jar:2025.11.23482.20251120T200914Z-251200
org.apache.tika.parser.sentiment                                       0    1.28.5    com.adobe.aem:aem-sdk-api:jar:2025.11.23482.20251120T200914Z-251200
org.apache.tika.parser.strings                                         0    1.28.5    com.adobe.aem:aem-sdk-api:jar:2025.11.23482.20251120T200914Z-251200
org.apache.tika.parser.txt                                             0    1.28.5    com.adobe.aem:aem-sdk-api:jar:2025.11.23482.20251120T200914Z-251200
org.apache.tika.parser.utils                                           0    1.28.5    com.adobe.aem:aem-sdk-api:jar:2025.11.23482.20251120T200914Z-251200
org.apache.tika.parser.video                                           0    1.28.5    com.adobe.aem:aem-sdk-api:jar:2025.11.23482.20251120T200914Z-251200
org.apache.tika.parser.wordperfect                                     0    1.28.5    com.adobe.aem:aem-sdk-api:jar:2025.11.23482.20251120T200914Z-251200
org.apache.tika.parser.xml                                             0    1.28.5    com.adobe.aem:aem-sdk-api:jar:2025.11.23482.20251120T200914Z-251200
org.apache.tika.sax                                                    0    1.28.5    com.adobe.aem:aem-sdk-api:jar:2025.11.23482.20251120T200914Z-251200
org.apache.tika.sax.xpath                                              0    1.28.5    com.adobe.aem:aem-sdk-api:jar:2025.11.23482.20251120T200914Z-251200
org.apache.tika.utils                                                  0    1.28.5    com.adobe.aem:aem-sdk-api:jar:2025.11.23482.20251120T200914Z-251200
org.apache.xmlbeans                                                    0    5.1.1     com.adobe.aem:aem-sdk-api:jar:2025.11.23482.20251120T200914Z-251200
org.apache.xmlbeans.impl.common                                        0    5.1.1     com.adobe.aem:aem-sdk-api:jar:2025.11.23482.20251120T200914Z-251200
org.apache.xmlbeans.impl.config                                        0    5.1.1     com.adobe.aem:aem-sdk-api:jar:2025.11.23482.20251120T200914Z-251200
org.apache.xmlbeans.impl.inst2xsd                                      0    5.1.1     com.adobe.aem:aem-sdk-api:jar:2025.11.23482.20251120T200914Z-251200
org.apache.xmlbeans.impl.inst2xsd.util                                 0    5.1.1     com.adobe.aem:aem-sdk-api:jar:2025.11.23482.20251120T200914Z-251200
org.apache.xmlbeans.impl.regex                                         0    5.1.1     com.adobe.aem:aem-sdk-api:jar:2025.11.23482.20251120T200914Z-251200
org.apache.xmlbeans.impl.repackage                                     0    5.1.1     com.adobe.aem:aem-sdk-api:jar:2025.11.23482.20251120T200914Z-251200
org.apache.xmlbeans.impl.richParser                                    0    5.1.1     com.adobe.aem:aem-sdk-api:jar:2025.11.23482.20251120T200914Z-251200
org.apache.xmlbeans.impl.schema                                        0    5.1.1     com.adobe.aem:aem-sdk-api:jar:2025.11.23482.20251120T200914Z-251200
org.apache.xmlbeans.impl.soap                                          0    5.1.1     com.adobe.aem:aem-sdk-api:jar:2025.11.23482.20251120T200914Z-251200
org.apache.xmlbeans.impl.store                                         0    5.1.1     com.adobe.aem:aem-sdk-api:jar:2025.11.23482.20251120T200914Z-251200
org.apache.xmlbeans.impl.tool                                          0    5.1.1     com.adobe.aem:aem-sdk-api:jar:2025.11.23482.20251120T200914Z-251200
org.apache.xmlbeans.impl.util                                          0    5.1.1     com.adobe.aem:aem-sdk-api:jar:2025.11.23482.20251120T200914Z-251200
org.apache.xmlbeans.impl.validator                                     0    5.1.1     com.adobe.aem:aem-sdk-api:jar:2025.11.23482.20251120T200914Z-251200
org.apache.xmlbeans.impl.values                                        0    5.1.1     com.adobe.aem:aem-sdk-api:jar:2025.11.23482.20251120T200914Z-251200
org.apache.xmlbeans.impl.xb.ltgfmt                                     0    5.1.1     com.adobe.aem:aem-sdk-api:jar:2025.11.23482.20251120T200914Z-251200
org.apache.xmlbeans.impl.xb.ltgfmt.impl                                0    5.1.1     com.adobe.aem:aem-sdk-api:jar:2025.11.23482.20251120T200914Z-251200
org.apache.xmlbeans.impl.xb.substwsdl                                  0    5.1.1     com.adobe.aem:aem-sdk-api:jar:2025.11.23482.20251120T200914Z-251200
org.apache.xmlbeans.impl.xb.substwsdl.impl                             0    5.1.1     com.adobe.aem:aem-sdk-api:jar:2025.11.23482.20251120T200914Z-251200
org.apache.xmlbeans.impl.xb.xmlconfig                                  0    5.1.1     com.adobe.aem:aem-sdk-api:jar:2025.11.23482.20251120T200914Z-251200
org.apache.xmlbeans.impl.xb.xmlconfig.impl                             0    5.1.1     com.adobe.aem:aem-sdk-api:jar:2025.11.23482.20251120T200914Z-251200
org.apache.xmlbeans.impl.xb.xmlschema                                  0    5.1.1     com.adobe.aem:aem-sdk-api:jar:2025.11.23482.20251120T200914Z-251200
org.apache.xmlbeans.impl.xb.xmlschema.impl                             0    5.1.1     com.adobe.aem:aem-sdk-api:jar:2025.11.23482.20251120T200914Z-251200
org.apache.xmlbeans.impl.xb.xsdownload                                 0    5.1.1     com.adobe.aem:aem-sdk-api:jar:2025.11.23482.20251120T200914Z-251200
org.apache.xmlbeans.impl.xb.xsdownload.impl                            0    5.1.1     com.adobe.aem:aem-sdk-api:jar:2025.11.23482.20251120T200914Z-251200
org.apache.xmlbeans.impl.xb.xsdschema                                  0    5.1.1     com.adobe.aem:aem-sdk-api:jar:2025.11.23482.20251120T200914Z-251200
org.apache.xmlbeans.impl.xb.xsdschema.impl                             0    5.1.1     com.adobe.aem:aem-sdk-api:jar:2025.11.23482.20251120T200914Z-251200
org.apache.xmlbeans.impl.xpath                                         0    5.1.1     com.adobe.aem:aem-sdk-api:jar:2025.11.23482.20251120T200914Z-251200
org.apache.xmlbeans.impl.xpath.xmlbeans                                0    5.1.1     com.adobe.aem:aem-sdk-api:jar:2025.11.23482.20251120T200914Z-251200
org.apache.xmlbeans.impl.xpathgen                                      0    5.1.1     com.adobe.aem:aem-sdk-api:jar:2025.11.23482.20251120T200914Z-251200
org.apache.xmlbeans.impl.xsd2inst                                      0    5.1.1     com.adobe.aem:aem-sdk-api:jar:2025.11.23482.20251120T200914Z-251200
org.apache.xmlbeans.soap                                               0    5.1.1     com.adobe.aem:aem-sdk-api:jar:2025.11.23482.20251120T200914Z-251200
org.apache.xmlbeans.xml.stream                                         0    5.1.1     com.adobe.aem:aem-sdk-api:jar:2025.11.23482.20251120T200914Z-251200
org.apache.xmlbeans.xml.stream.events                                  0    5.1.1     com.adobe.aem:aem-sdk-api:jar:2025.11.23482.20251120T200914Z-251200
org.bson                                                               0    3.12.7    com.adobe.aem:aem-sdk-api:jar:2025.11.23482.20251120T200914Z-251200
org.bson.assertions                                                    0    3.12.7    com.adobe.aem:aem-sdk-api:jar:2025.11.23482.20251120T200914Z-251200
org.bson.codecs                                                        0    3.12.7    com.adobe.aem:aem-sdk-api:jar:2025.11.23482.20251120T200914Z-251200
org.bson.codecs.configuration                                          0    3.12.7    com.adobe.aem:aem-sdk-api:jar:2025.11.23482.20251120T200914Z-251200
org.bson.codecs.pojo                                                   0    3.12.7    com.adobe.aem:aem-sdk-api:jar:2025.11.23482.20251120T200914Z-251200
org.bson.codecs.pojo.annotations                                       0    3.12.7    com.adobe.aem:aem-sdk-api:jar:2025.11.23482.20251120T200914Z-251200
org.bson.conversions                                                   0    3.12.7    com.adobe.aem:aem-sdk-api:jar:2025.11.23482.20251120T200914Z-251200
org.bson.diagnostics                                                   0    3.12.7    com.adobe.aem:aem-sdk-api:jar:2025.11.23482.20251120T200914Z-251200
org.bson.internal                                                      0    3.12.7    com.adobe.aem:aem-sdk-api:jar:2025.11.23482.20251120T200914Z-251200
org.bson.io                                                            0    3.12.7    com.adobe.aem:aem-sdk-api:jar:2025.11.23482.20251120T200914Z-251200
org.bson.json                                                          0    3.12.7    com.adobe.aem:aem-sdk-api:jar:2025.11.23482.20251120T200914Z-251200
org.bson.types                                                         0    3.12.7    com.adobe.aem:aem-sdk-api:jar:2025.11.23482.20251120T200914Z-251200
org.bson.util                                                          0    3.12.7    com.adobe.aem:aem-sdk-api:jar:2025.11.23482.20251120T200914Z-251200
org.ccil.cowan.tagsoup                                                 0    1.2.1     com.adobe.aem:aem-sdk-api:jar:2025.11.23482.20251120T200914Z-251200
org.eclipse.jetty.client                                               0    9.4.58    com.adobe.aem:aem-sdk-api:jar:2025.11.23482.20251120T200914Z-251200
org.eclipse.jetty.client.api                                           0    9.4.58    com.adobe.aem:aem-sdk-api:jar:2025.11.23482.20251120T200914Z-251200
org.eclipse.jetty.client.http                                          0    9.4.58    com.adobe.aem:aem-sdk-api:jar:2025.11.23482.20251120T200914Z-251200
org.eclipse.jetty.client.util                                          0    9.4.58    com.adobe.aem:aem-sdk-api:jar:2025.11.23482.20251120T200914Z-251200
org.eclipse.jetty.http                                                 0    9.4.58    com.adobe.aem:aem-sdk-api:jar:2025.11.23482.20251120T200914Z-251200
org.eclipse.jetty.http.pathmap                                         0    9.4.58    com.adobe.aem:aem-sdk-api:jar:2025.11.23482.20251120T200914Z-251200
org.eclipse.jetty.io                                                   0    9.4.58    com.adobe.aem:aem-sdk-api:jar:2025.11.23482.20251120T200914Z-251200
org.eclipse.jetty.io.ssl                                               0    9.4.58    com.adobe.aem:aem-sdk-api:jar:2025.11.23482.20251120T200914Z-251200
org.eclipse.jetty.security                                             0    9.4.58    com.adobe.aem:aem-sdk-api:jar:2025.11.23482.20251120T200914Z-251200
org.eclipse.jetty.server                                               0    9.4.58    com.adobe.aem:aem-sdk-api:jar:2025.11.23482.20251120T200914Z-251200
org.eclipse.jetty.server.handler                                       0    9.4.58    com.adobe.aem:aem-sdk-api:jar:2025.11.23482.20251120T200914Z-251200
org.eclipse.jetty.server.handler.gzip                                  0    9.4.58    com.adobe.aem:aem-sdk-api:jar:2025.11.23482.20251120T200914Z-251200
org.eclipse.jetty.server.session                                       0    9.4.58    com.adobe.aem:aem-sdk-api:jar:2025.11.23482.20251120T200914Z-251200
org.eclipse.jetty.servlet                                              0    9.4.58    com.adobe.aem:aem-sdk-api:jar:2025.11.23482.20251120T200914Z-251200
org.eclipse.jetty.servlet.listener                                     0    9.4.58    com.adobe.aem:aem-sdk-api:jar:2025.11.23482.20251120T200914Z-251200
org.eclipse.jetty.util                                                 0    9.4.58    com.adobe.aem:aem-sdk-api:jar:2025.11.23482.20251120T200914Z-251200
org.eclipse.jetty.util.annotation                                      0    9.4.58    com.adobe.aem:aem-sdk-api:jar:2025.11.23482.20251120T200914Z-251200
org.eclipse.jetty.util.component                                       0    9.4.58    com.adobe.aem:aem-sdk-api:jar:2025.11.23482.20251120T200914Z-251200
org.eclipse.jetty.util.log                                             0    9.4.58    com.adobe.aem:aem-sdk-api:jar:2025.11.23482.20251120T200914Z-251200
org.eclipse.jetty.util.resource                                        0    9.4.58    com.adobe.aem:aem-sdk-api:jar:2025.11.23482.20251120T200914Z-251200
org.eclipse.jetty.util.security                                        0    9.4.58    com.adobe.aem:aem-sdk-api:jar:2025.11.23482.20251120T200914Z-251200
org.eclipse.jetty.util.ssl                                             0    9.4.58    com.adobe.aem:aem-sdk-api:jar:2025.11.23482.20251120T200914Z-251200
org.eclipse.jetty.util.statistic                                       0    9.4.58    com.adobe.aem:aem-sdk-api:jar:2025.11.23482.20251120T200914Z-251200
org.eclipse.jetty.util.thread                                          0    9.4.58    com.adobe.aem:aem-sdk-api:jar:2025.11.23482.20251120T200914Z-251200
org.joda.time                                                          0    2.12.7    com.adobe.aem:aem-sdk-api:jar:2025.11.23482.20251120T200914Z-251200
org.joda.time.base                                                     0    2.12.7    com.adobe.aem:aem-sdk-api:jar:2025.11.23482.20251120T200914Z-251200
org.joda.time.chrono                                                   0    2.12.7    com.adobe.aem:aem-sdk-api:jar:2025.11.23482.20251120T200914Z-251200
org.joda.time.convert                                                  0    2.12.7    com.adobe.aem:aem-sdk-api:jar:2025.11.23482.20251120T200914Z-251200
org.joda.time.field                                                    0    2.12.7    com.adobe.aem:aem-sdk-api:jar:2025.11.23482.20251120T200914Z-251200
org.joda.time.format                                                   0    2.12.7    com.adobe.aem:aem-sdk-api:jar:2025.11.23482.20251120T200914Z-251200
org.joda.time.tz                                                       0    2.12.7    com.adobe.aem:aem-sdk-api:jar:2025.11.23482.20251120T200914Z-251200
org.json                                                               0    20230618  com.adobe.aem:aem-sdk-api:jar:2025.11.23482.20251120T200914Z-251200
org.json~                                                              0    20090211  com.adobe.aem:aem-sdk-api:jar:2025.11.23482.20251120T200914Z-251200
org.json~~                                                             0    20231013  com.adobe.aem:aem-sdk-api:jar:2025.11.23482.20251120T200914Z-251200
org.kohsuke.rngom.rngparser.ast.builder                                0    0.0.0     com.adobe.aem:aem-sdk-api:jar:2025.11.23482.20251120T200914Z-251200
org.kohsuke.rngom.rngparser.ast.om                                     0    0.0.0     com.adobe.aem:aem-sdk-api:jar:2025.11.23482.20251120T200914Z-251200
org.kohsuke.rngom.rngparser.ast.util                                   0    0.0.0     com.adobe.aem:aem-sdk-api:jar:2025.11.23482.20251120T200914Z-251200
org.kohsuke.rngom.rngparser.digested                                   0    0.0.0     com.adobe.aem:aem-sdk-api:jar:2025.11.23482.20251120T200914Z-251200
org.kohsuke.rngom.rngparser.nc                                         0    0.0.0     com.adobe.aem:aem-sdk-api:jar:2025.11.23482.20251120T200914Z-251200
org.kohsuke.rngom.rngparser.parse                                      0    0.0.0     com.adobe.aem:aem-sdk-api:jar:2025.11.23482.20251120T200914Z-251200
org.kohsuke.rngom.rngparser.parse.compact                              0    0.0.0     com.adobe.aem:aem-sdk-api:jar:2025.11.23482.20251120T200914Z-251200
org.kohsuke.rngom.rngparser.parse.host                                 0    0.0.0     com.adobe.aem:aem-sdk-api:jar:2025.11.23482.20251120T200914Z-251200
org.kohsuke.rngom.rngparser.parse.xml                                  0    0.0.0     com.adobe.aem:aem-sdk-api:jar:2025.11.23482.20251120T200914Z-251200
org.mozilla.classfile                                                  0    1.7.7.1   com.adobe.aem:aem-sdk-api:jar:2025.11.23482.20251120T200914Z-251200
org.mozilla.javascript                                                 0    1.7.7.1   com.adobe.aem:aem-sdk-api:jar:2025.11.23482.20251120T200914Z-251200
org.mozilla.javascript.annotations                                     0    1.7.7.1   com.adobe.aem:aem-sdk-api:jar:2025.11.23482.20251120T200914Z-251200
org.mozilla.javascript.ast                                             0    1.7.7.1   com.adobe.aem:aem-sdk-api:jar:2025.11.23482.20251120T200914Z-251200
org.mozilla.javascript.commonjs.module                                 0    1.7.7.1   com.adobe.aem:aem-sdk-api:jar:2025.11.23482.20251120T200914Z-251200
org.mozilla.javascript.commonjs.module.provider                        0    1.7.7.1   com.adobe.aem:aem-sdk-api:jar:2025.11.23482.20251120T200914Z-251200
org.mozilla.javascript.debug                                           0    1.7.7.1   com.adobe.aem:aem-sdk-api:jar:2025.11.23482.20251120T200914Z-251200
org.mozilla.javascript.jdk13                                           0    1.7.7.1   com.adobe.aem:aem-sdk-api:jar:2025.11.23482.20251120T200914Z-251200
org.mozilla.javascript.jdk15                                           0    1.7.7.1   com.adobe.aem:aem-sdk-api:jar:2025.11.23482.20251120T200914Z-251200
org.mozilla.javascript.json                                            0    1.7.7.1   com.adobe.aem:aem-sdk-api:jar:2025.11.23482.20251120T200914Z-251200
org.mozilla.javascript.optimizer                                       0    1.7.7.1   com.adobe.aem:aem-sdk-api:jar:2025.11.23482.20251120T200914Z-251200
org.mozilla.javascript.regexp                                          0    1.7.7.1   com.adobe.aem:aem-sdk-api:jar:2025.11.23482.20251120T200914Z-251200
org.mozilla.javascript.resources                                       0    1.7.7.1   com.adobe.aem:aem-sdk-api:jar:2025.11.23482.20251120T200914Z-251200
org.mozilla.javascript.serialize                                       0    1.7.7.1   com.adobe.aem:aem-sdk-api:jar:2025.11.23482.20251120T200914Z-251200
org.mozilla.javascript.tools                                           0    1.7.7.1   com.adobe.aem:aem-sdk-api:jar:2025.11.23482.20251120T200914Z-251200
org.mozilla.javascript.tools.debugger                                  0    1.7.7.1   com.adobe.aem:aem-sdk-api:jar:2025.11.23482.20251120T200914Z-251200
org.mozilla.javascript.tools.debugger.treetable                        0    1.7.7.1   com.adobe.aem:aem-sdk-api:jar:2025.11.23482.20251120T200914Z-251200
org.mozilla.javascript.tools.idswitch                                  0    1.7.7.1   com.adobe.aem:aem-sdk-api:jar:2025.11.23482.20251120T200914Z-251200
org.mozilla.javascript.tools.jsc                                       0    1.7.7.1   com.adobe.aem:aem-sdk-api:jar:2025.11.23482.20251120T200914Z-251200
org.mozilla.javascript.tools.resources                                 0    1.7.7.1   com.adobe.aem:aem-sdk-api:jar:2025.11.23482.20251120T200914Z-251200
org.mozilla.javascript.tools.shell                                     0    1.7.7.1   com.adobe.aem:aem-sdk-api:jar:2025.11.23482.20251120T200914Z-251200
org.mozilla.javascript.typedarrays                                     0    1.7.7.1   com.adobe.aem:aem-sdk-api:jar:2025.11.23482.20251120T200914Z-251200
org.mozilla.javascript.v8dtoa                                          0    1.7.7.1   com.adobe.aem:aem-sdk-api:jar:2025.11.23482.20251120T200914Z-251200
org.mozilla.javascript.xml                                             0    1.7.7.1   com.adobe.aem:aem-sdk-api:jar:2025.11.23482.20251120T200914Z-251200
org.mozilla.javascript.xmlimpl                                         0    1.7.7.1   com.adobe.aem:aem-sdk-api:jar:2025.11.23482.20251120T200914Z-251200
org.openxmlformats.schemas.drawingml.x2006.chart                       0    1.0.0     com.adobe.aem:aem-sdk-api:jar:2025.11.23482.20251120T200914Z-251200
org.openxmlformats.schemas.drawingml.x2006.main                        0    3.0.0     com.adobe.aem:aem-sdk-api:jar:2025.11.23482.20251120T200914Z-251200
org.openxmlformats.schemas.drawingml.x2006.picture                     0    1.0.0     com.adobe.aem:aem-sdk-api:jar:2025.11.23482.20251120T200914Z-251200
org.openxmlformats.schemas.drawingml.x2006.spreadsheetDrawing          0    1.0.0     com.adobe.aem:aem-sdk-api:jar:2025.11.23482.20251120T200914Z-251200
org.openxmlformats.schemas.drawingml.x2006.wordprocessingDrawing       0    1.0.0     com.adobe.aem:aem-sdk-api:jar:2025.11.23482.20251120T200914Z-251200
org.openxmlformats.schemas.officeDocument.x2006.customProperties       0    2.0.6     com.adobe.aem:aem-sdk-api:jar:2025.11.23482.20251120T200914Z-251200
org.openxmlformats.schemas.officeDocument.x2006.docPropsVTypes         0    1.0.0     com.adobe.aem:aem-sdk-api:jar:2025.11.23482.20251120T200914Z-251200
org.openxmlformats.schemas.officeDocument.x2006.extendedProperties     0    2.0.6     com.adobe.aem:aem-sdk-api:jar:2025.11.23482.20251120T200914Z-251200
org.openxmlformats.schemas.officeDocument.x2006.math                   0    1.0.0     com.adobe.aem:aem-sdk-api:jar:2025.11.23482.20251120T200914Z-251200
org.openxmlformats.schemas.officeDocument.x2006.relationships          0    1.0.0     com.adobe.aem:aem-sdk-api:jar:2025.11.23482.20251120T200914Z-251200
org.openxmlformats.schemas.presentationml.x2006.main                   0    2.0.6     com.adobe.aem:aem-sdk-api:jar:2025.11.23482.20251120T200914Z-251200
org.openxmlformats.schemas.spreadsheetml.x2006.main                    0    3.0.0     com.adobe.aem:aem-sdk-api:jar:2025.11.23482.20251120T200914Z-251200
org.openxmlformats.schemas.wordprocessingml.x2006.main                 0    2.1.0     com.adobe.aem:aem-sdk-api:jar:2025.11.23482.20251120T200914Z-251200
org.osgi.jmx                                                           0    1.1.0     com.adobe.aem:aem-sdk-api:jar:2025.11.23482.20251120T200914Z-251200
org.osgi.jmx.framework                                                 0    1.7.0     com.adobe.aem:aem-sdk-api:jar:2025.11.23482.20251120T200914Z-251200
org.osgi.jmx.framework.wiring                                          0    1.1       com.adobe.aem:aem-sdk-api:jar:2025.11.23482.20251120T200914Z-251200
org.osgi.jmx.service.cm                                                0    1.3.0     com.adobe.aem:aem-sdk-api:jar:2025.11.23482.20251120T200914Z-251200
org.osgi.jmx.service.permissionadmin                                   0    1.2.0     com.adobe.aem:aem-sdk-api:jar:2025.11.23482.20251120T200914Z-251200
org.osgi.jmx.service.provisioning                                      0    1.2.0     com.adobe.aem:aem-sdk-api:jar:2025.11.23482.20251120T200914Z-251200
org.osgi.jmx.service.useradmin                                         0    1.1.0     com.adobe.aem:aem-sdk-api:jar:2025.11.23482.20251120T200914Z-251200
org.osgi.service.cm                                                    0    1.6.0     com.adobe.aem:aem-sdk-api:jar:2025.11.23482.20251120T200914Z-251200
org.osgi.service.component                                             0    1.5       com.adobe.aem:aem-sdk-api:jar:2025.11.23482.20251120T200914Z-251200
org.osgi.service.component.propertytypes                               0    1.5       com.adobe.aem:aem-sdk-api:jar:2025.11.23482.20251120T200914Z-251200
org.osgi.service.component.runtime                                     0    1.5       com.adobe.aem:aem-sdk-api:jar:2025.11.23482.20251120T200914Z-251200
org.osgi.service.component.runtime.dto                                 0    1.5       com.adobe.aem:aem-sdk-api:jar:2025.11.23482.20251120T200914Z-251200
org.osgi.service.coordinator                                           0    1.0.1     com.adobe.aem:aem-sdk-api:jar:2025.11.23482.20251120T200914Z-251200
org.osgi.service.event                                                 0    1.4.0     com.adobe.aem:aem-sdk-api:jar:2025.11.23482.20251120T200914Z-251200
org.osgi.service.http                                                  0    1.2.1     com.adobe.aem:aem-sdk-api:jar:2025.11.23482.20251120T200914Z-251200
org.osgi.service.http.context                                          0    1.1.0     com.adobe.aem:aem-sdk-api:jar:2025.11.23482.20251120T200914Z-251200
org.osgi.service.http.runtime                                          0    1.1.0     com.adobe.aem:aem-sdk-api:jar:2025.11.23482.20251120T200914Z-251200
org.osgi.service.http.runtime.dto                                      0    1.1.0     com.adobe.aem:aem-sdk-api:jar:2025.11.23482.20251120T200914Z-251200
org.osgi.service.http.whiteboard                                       0    1.1.1     com.adobe.aem:aem-sdk-api:jar:2025.11.23482.20251120T200914Z-251200
org.osgi.service.log                                                   0    1.5       com.adobe.aem:aem-sdk-api:jar:2025.11.23482.20251120T200914Z-251200
org.osgi.service.metatype                                              0    1.4.0     com.adobe.aem:aem-sdk-api:jar:2025.11.23482.20251120T200914Z-251200
org.osgi.service.servlet.context                                       0    2.0.0     com.adobe.aem:aem-sdk-api:jar:2025.11.23482.20251120T200914Z-251200
org.osgi.service.servlet.runtime                                       0    2.0.0     com.adobe.aem:aem-sdk-api:jar:2025.11.23482.20251120T200914Z-251200
org.osgi.service.servlet.runtime.dto                                   0    2.0.0     com.adobe.aem:aem-sdk-api:jar:2025.11.23482.20251120T200914Z-251200
org.osgi.service.servlet.whiteboard                                    0    2.0.0     com.adobe.aem:aem-sdk-api:jar:2025.11.23482.20251120T200914Z-251200
org.osgi.util.converter                                                0    1.0.9     com.adobe.aem:aem-sdk-api:jar:2025.11.23482.20251120T200914Z-251200
org.osgi.util.function                                                 0    1.2       com.adobe.aem:aem-sdk-api:jar:2025.11.23482.20251120T200914Z-251200
org.osgi.util.promise                                                  0    1.2.0     com.adobe.aem:aem-sdk-api:jar:2025.11.23482.20251120T200914Z-251200
org.owasp.encoder                                                      0    1.2.3     com.adobe.aem:aem-sdk-api:jar:2025.11.23482.20251120T200914Z-251200
org.scribe.builder                                                     0    1.3.5     com.adobe.aem:aem-sdk-api:jar:2025.11.23482.20251120T200914Z-251200
org.scribe.builder.api                                                 0    1.3.5     com.adobe.aem:aem-sdk-api:jar:2025.11.23482.20251120T200914Z-251200
org.scribe.exceptions                                                  0    1.3.5     com.adobe.aem:aem-sdk-api:jar:2025.11.23482.20251120T200914Z-251200
org.scribe.extractors                                                  0    1.3.5     com.adobe.aem:aem-sdk-api:jar:2025.11.23482.20251120T200914Z-251200
org.scribe.model                                                       0    1.3.5     com.adobe.aem:aem-sdk-api:jar:2025.11.23482.20251120T200914Z-251200
org.scribe.oauth                                                       0    1.3.5     com.adobe.aem:aem-sdk-api:jar:2025.11.23482.20251120T200914Z-251200
org.scribe.services                                                    0    1.3.5     com.adobe.aem:aem-sdk-api:jar:2025.11.23482.20251120T200914Z-251200
org.scribe.utils                                                       0    1.3.5     com.adobe.aem:aem-sdk-api:jar:2025.11.23482.20251120T200914Z-251200
org.slf4j                                                              0    1.7.36    com.adobe.aem:aem-sdk-api:jar:2025.11.23482.20251120T200914Z-251200
org.slf4j.event                                                        0    1.7.36    com.adobe.aem:aem-sdk-api:jar:2025.11.23482.20251120T200914Z-251200
org.slf4j.helpers                                                      0    1.7.36    com.adobe.aem:aem-sdk-api:jar:2025.11.23482.20251120T200914Z-251200
org.slf4j.spi                                                          0    1.7.36    com.adobe.aem:aem-sdk-api:jar:2025.11.23482.20251120T200914Z-251200

0 unused bundles
------------------------------

Packages used in the analyzed classes: 
------------------------------
com.adobe.aem.portfolio.core.models;version="[1.0.0,2.0.0)"
com.adobe.cq.wcm.core.components.models;version="[12.29.0,13.0.0)"
org.apache.sling.scripting.sightly;version="[2.0.0,3.0.0)"
org.apache.sling.scripting.sightly.render;version="[3.1.0,4.0.0)"

[INFO] 
[INFO] --- filevault-package:1.1.6:generate-metadata (default-generate-metadata) @ portfolio.ui.apps ---
[INFO] Using META-INF/vault from C:\My_Space\Learning\AEM\Codebase\portfolio\ui.apps\src\main\content\META-INF\vault
[INFO] Loading filter from C:\My_Space\Learning\AEM\Codebase\portfolio\ui.apps\src\main\content\META-INF\vault\filter.xml
[INFO] Merged detected packages from analyzer with 'importPackage':
[INFO]   com.adobe.aem.portfolio.core.models;version="[1.0.0,2.0.0)"
[INFO]   com.adobe.cq.wcm.core.components.models;version="[12.29.0,13.0.0)"
[INFO]   org.apache.sling.scripting.sightly;version="[2.0.0,3.0.0)"
[INFO] 
[INFO] 
[INFO] --- filevault-package:1.1.6:validate-files (default-validate-files) @ portfolio.ui.apps ---
[INFO] Skip this mojo as this is not an incremental build and 'validate-package' is executed later on!
[INFO] 
[INFO] --- resources:3.0.2:testResources (default-testResources) @ portfolio.ui.apps ---
[INFO] Using 'UTF-8' encoding to copy filtered resources.
[INFO] skip non existing resourceDirectory C:\My_Space\Learning\AEM\Codebase\portfolio\ui.apps\src\test\resources
[INFO] 
[INFO] --- compiler:3.8.1:testCompile (default-testCompile) @ portfolio.ui.apps ---
[INFO] No sources to compile
[INFO] 
[INFO] --- surefire:2.22.1:test (default-test) @ portfolio.ui.apps ---
[INFO] No tests to run.
[INFO] 
[INFO] --- filevault-package:1.1.6:package (default-package) @ portfolio.ui.apps ---
[INFO] Using META-INF/vault from C:\My_Space\Learning\AEM\Codebase\portfolio\ui.apps\src\main\content\META-INF\vault
[INFO] Packaging content from 'src\main\content\jcr_root'
[INFO] Building content-package: C:\My_Space\Learning\AEM\Codebase\portfolio\ui.apps\target\portfolio.ui.apps-0.0.1-SNAPSHOT.zip
[INFO] 
[INFO] --- filevault-package:1.1.6:validate-package (default-validate-package) @ portfolio.ui.apps ---
[INFO] Start validating package 'target\portfolio.ui.apps-0.0.1-SNAPSHOT.zip'...
[INFO] Register node types from tccl:aem.cnd
[INFO] Using 10 validators for package of type APPLICATION: jackrabbit-accesscontrol (org.apache.jackrabbit.vault.validation.spi.impl.AccessControlValidator), jackrabbit-filter (org.apache.jackrabbit.vault.validation.spi.impl.AdvancedFilterValidator), jackrabbit-properties (org.apache.jackrabbit.vault.validation.spi.impl.AdvancedPropertiesValidator), jackrabbit-docviewparser (org.apache.jackrabbit.vault.validation.spi.impl.DocumentViewParserValidator), jackrabbit-dependencies (org.apache.jackrabbit.vault.validation.spi.impl.DependencyValidator), jackrabbit-emptyelements (org.apache.jackrabbit.vault.validation.spi.impl.EmptyElementsValidator), jackrabbit-mergelimitations (org.apache.jackrabbit.vault.validation.spi.impl.MergeLimitationsValidator), jackrabbit-oakindex (org.apache.jackrabbit.vault.validation.spi.impl.OakIndexDefinitionValidator), jackrabbit-packagetype (org.apache.jackrabbit.vault.validation.spi.impl.PackageTypeValidator), jackrabbit-nodetypes (org.apache.jackrabbit.vault.validation.spi.impl.nodetype.NodeTypeValidator)
mvn : [Fatal Error] :4:6: The processing instruction target 
matching "[xX][mM][lL]" is not allowed.
At line:1 char:1
+ mvn clean install -PautoInstallPackage 2>&1 | Tee-Object 
-FilePath "b ...
+ ~~~~~~~~~~~~~~~~~~~~~~~~~~~~~~~~~~~~~~~~~~~
    + CategoryInfo          : NotSpecified: ([Fatal Error] :...i 
   s not allowed.:String) [], RemoteException
    + FullyQualifiedErrorId : NativeCommandError
 
[ERROR] ValidationViolation: "jackrabbit-docviewparser: Invalid XML found: The processing instruction target matching "[xX][mM][lL]" is not allowed.", filePath=jcr_root\apps\portfolio\components\navigation\.content.xml, nodePath=/apps/portfolio/components/navigation
[INFO] ------------------------------------------------------------------------
[INFO] Reactor Summary for Portfolio 0.0.1-SNAPSHOT:
[INFO] 
[INFO] Portfolio .......................................... SUCCESS [  0.365 s]
[INFO] Portfolio - Core ................................... SUCCESS [  7.816 s]
[INFO] Portfolio - UI Frontend ............................ SUCCESS [  9.825 s]
[INFO] Portfolio - Repository Structure Package ........... SUCCESS [  1.353 s]
[INFO] Portfolio - UI apps ................................ FAILURE [  5.021 s]
[INFO] Portfolio - UI content ............................. SKIPPED
[INFO] Portfolio - UI config .............................. SKIPPED
[INFO] Portfolio - All .................................... SKIPPED
[INFO] Portfolio - Integration Tests ...................... SKIPPED
[INFO] Portfolio - Dispatcher ............................. SKIPPED
[INFO] Portfolio - UI Tests ............................... SKIPPED
[INFO] ------------------------------------------------------------------------
[INFO] BUILD FAILURE
[INFO] ------------------------------------------------------------------------
[INFO] Total time:  26.525 s
[INFO] Finished at: 2025-12-28T15:40:29+05:30
[INFO] ------------------------------------------------------------------------
[ERROR] Failed to execute goal org.apache.jackrabbit:filevault-package-maven-plugin:1.1.6:validate-package (default-validate-package) on project portfolio.ui.apps: Found 1 violation(s) (with severity=ERROR). Check above errors for details -> [Help 1]
[ERROR] 
[ERROR] To see the full stack trace of the errors, re-run Maven with the -e switch.
[ERROR] Re-run Maven using the -X switch to enable full debug logging.
[ERROR] 
[ERROR] For more information about the errors and possible solutions, please read the following articles:
[ERROR] [Help 1] http://cwiki.apache.org/confluence/display/MAVEN/MojoFailureException
[ERROR] 
[ERROR] After correcting the problems, you can resume the build with the command
[ERROR]   mvn <args> -rf :portfolio.ui.apps
